INFO :      [SUMMARY]
INFO :      Run finished 50 round(s) in 440.78s
INFO :          History (loss, distributed):
INFO :                  round 1: 2.6407420498721508
INFO :                  round 2: 2.645101403860339
INFO :                  round 3: 2.6769391463339938
INFO :                  round 4: 2.6870401430065107
INFO :                  round 5: 2.694535627033188
INFO :                  round 6: 2.708779289175382
INFO :                  round 7: 2.73678143487319
INFO :                  round 8: 2.724303677576656
INFO :                  round 9: 2.737977625047324
INFO :                  round 10: 2.690454982962608
INFO :                  round 11: 2.6131347982661954
INFO :                  round 12: 2.6124152944555457
INFO :                  round 13: 2.592639248278728
INFO :                  round 14: 2.5026010330725654
INFO :                  round 15: 2.3748469488258253
INFO :                  round 16: 2.30348690597104
INFO :                  round 17: 2.240835597287139
INFO :                  round 18: 2.243175189101663
INFO :                  round 19: 2.112929750366915
INFO :                  round 20: 2.043063028015104
INFO :                  round 21: 1.98521528665695
INFO :                  round 22: 1.9610380876946565
INFO :                  round 23: 1.8763013229553376
INFO :                  round 24: 1.8357527965612506
INFO :                  round 25: 1.7839873188170225
INFO :                  round 26: 1.7519794128625277
INFO :                  round 27: 1.6938012978630643
INFO :                  round 28: 1.6781202943923181
INFO :                  round 29: 1.5837782351153182
INFO :                  round 30: 1.573557142728357
INFO :                  round 31: 1.506452690155144
INFO :                  round 32: 1.460866633851886
INFO :                  round 33: 1.420384958062643
INFO :                  round 34: 1.3972137369913427
INFO :                  round 35: 1.3750135871232505
INFO :                  round 36: 1.3342168089832116
INFO :                  round 37: 1.2720335708450554
INFO :                  round 38: 1.2660492838106248
INFO :                  round 39: 1.2287707408443553
INFO :                  round 40: 1.1865776094717548
INFO :                  round 41: 1.1854697929798095
INFO :                  round 42: 1.1615883773846205
INFO :                  round 43: 1.1553853831000067
INFO :                  round 44: 1.10778297815141
INFO :                  round 45: 1.1195887076431057
INFO :                  round 46: 1.0882412124217196
INFO :                  round 47: 1.075274632451464
INFO :                  round 48: 1.0462603331273976
INFO :                  round 49: 1.0184435438412947
INFO :                  round 50: 1.0210078113298897
INFO :          History (metrics, distributed, evaluate):
INFO :          {'accuracy': [(1, 0.08374762359535519),
INFO :                        (2, 0.08254268602897205),
INFO :                        (3, 0.07816028347271932),
INFO :                        (4, 0.06713733610617731),
INFO :                        (5, 0.08622890243575898),
INFO :                        (6, 0.09287837270950294),
INFO :                        (7, 0.1032319103169432),
INFO :                        (8, 0.11379073358384134),
INFO :                        (9, 0.11679861476807184),
INFO :                        (10, 0.13690768393148814),
INFO :                        (11, 0.16664732816251485),
INFO :                        (12, 0.1737430716089933),
INFO :                        (13, 0.1842304911682539),
INFO :                        (14, 0.20764198180990548),
INFO :                        (15, 0.25329572738064426),
INFO :                        (16, 0.27128053624184434),
INFO :                        (17, 0.2959415917671525),
INFO :                        (18, 0.2845616258624229),
INFO :                        (19, 0.32910861396478014),
INFO :                        (20, 0.34746829229107723),
INFO :                        (21, 0.371968689474201),
INFO :                        (22, 0.37336106177313255),
INFO :                        (23, 0.40426994171672365),
INFO :                        (24, 0.41138353609011147),
INFO :                        (25, 0.4231205205330287),
INFO :                        (26, 0.43697283981470736),
INFO :                        (27, 0.46014334294308235),
INFO :                        (28, 0.46137505689982955),
INFO :                        (29, 0.4882050000446273),
INFO :                        (30, 0.49239996786833157),
INFO :                        (31, 0.5007452761984666),
INFO :                        (32, 0.5196583332589545),
INFO :                        (33, 0.5290925481305617),
INFO :                        (34, 0.5348940993761101),
INFO :                        (35, 0.5398834334472817),
INFO :                        (36, 0.5556547273717187),
INFO :                        (37, 0.5816546024152304),
INFO :                        (38, 0.5845821544283687),
INFO :                        (39, 0.5927489534894099),
INFO :                        (40, 0.6117869670382634),
INFO :                        (41, 0.6072617570667357),
INFO :                        (42, 0.6160265621792411),
INFO :                        (43, 0.6147323699783112),
INFO :                        (44, 0.6318960362016798),
INFO :                        (45, 0.6254518515873937),
INFO :                        (46, 0.6349842465570025),
INFO :                        (47, 0.6370014012977624),
INFO :                        (48, 0.6522907201956462),
INFO :                        (49, 0.6637688661983774),
INFO :                        (50, 0.6603950410125046)]}