INFO :      [SUMMARY]
INFO :      Run finished 50 round(s) in 426.75s
INFO :          History (loss, distributed):
INFO :                  round 1: 2.634821761262629
INFO :                  round 2: 2.6870320439782285
INFO :                  round 3: 2.8115735233436117
INFO :                  round 4: 2.747775820826024
INFO :                  round 5: 2.6871330098929795
INFO :                  round 6: 2.699174739067813
INFO :                  round 7: 2.6940056912452297
INFO :                  round 8: 2.717500200524143
INFO :                  round 9: 2.6962928128502877
INFO :                  round 10: 2.7343698695591465
INFO :                  round 11: 2.68244491730876
INFO :                  round 12: 2.6743423885914304
INFO :                  round 13: 2.621934835372126
INFO :                  round 14: 2.7013137208315023
INFO :                  round 15: 2.593736811522334
INFO :                  round 16: 2.5838437117540773
INFO :                  round 17: 2.5661011885569947
INFO :                  round 18: 2.496812440173029
INFO :                  round 19: 2.437970759984904
INFO :                  round 20: 2.4278636083811325
INFO :                  round 21: 2.344097739103541
INFO :                  round 22: 2.329391744101013
INFO :                  round 23: 2.291464452450366
INFO :                  round 24: 2.2346881074238363
INFO :                  round 25: 2.1801684644301433
INFO :                  round 26: 2.183819282114405
INFO :                  round 27: 2.1960662898577423
INFO :                  round 28: 2.11728359999331
INFO :                  round 29: 2.0443256953283035
INFO :                  round 30: 2.004669530203881
INFO :                  round 31: 1.9233475903979098
INFO :                  round 32: 1.8913033186983867
INFO :                  round 33: 1.8379307895967343
INFO :                  round 34: 1.7902624368831794
INFO :                  round 35: 1.722927841126694
INFO :                  round 36: 1.6988332087139006
INFO :                  round 37: 1.6486556454023653
INFO :                  round 38: 1.6199848087917674
INFO :                  round 39: 1.5667577853643488
INFO :                  round 40: 1.516965691395127
INFO :                  round 41: 1.5206372360644986
INFO :                  round 42: 1.463800746264872
INFO :                  round 43: 1.441232052276682
INFO :                  round 44: 1.4208309478556307
INFO :                  round 45: 1.3867408143318696
INFO :                  round 46: 1.3608974976099757
INFO :                  round 47: 1.304246131299394
INFO :                  round 48: 1.2888388670318596
INFO :                  round 49: 1.2595517961609388
INFO :                  round 50: 1.239213438900224
INFO :          History (metrics, distributed, evaluate):
INFO :          {'accuracy': [(1, 0.07400994296628853),
INFO :                        (2, 0.07781219039798641),
INFO :                        (3, 0.07683038941797053),
INFO :                        (4, 0.08084684797258097),
INFO :                        (5, 0.08430992779300066),
INFO :                        (6, 0.08793366595560474),
INFO :                        (7, 0.09196797543712457),
INFO :                        (8, 0.09003114986745686),
INFO :                        (9, 0.09776060121921831),
INFO :                        (10, 0.09813547068431529),
INFO :                        (11, 0.11456724890439936),
INFO :                        (12, 0.1266255500316854),
INFO :                        (13, 0.13902301877024964),
INFO :                        (14, 0.1389783914529762),
INFO :                        (15, 0.16521032854630976),
INFO :                        (16, 0.1641303474682923),
INFO :                        (17, 0.17856282187452582),
INFO :                        (18, 0.19957336284686583),
INFO :                        (19, 0.2190933514222726),
INFO :                        (20, 0.23654263247619134),
INFO :                        (21, 0.2526709449388159),
INFO :                        (22, 0.2568480618356108),
INFO :                        (23, 0.2686743009130749),
INFO :                        (24, 0.294201126393488),
INFO :                        (25, 0.30331402458072637),
INFO :                        (26, 0.29583448620569625),
INFO :                        (27, 0.29958318085666596),
INFO :                        (28, 0.3304117316291648),
INFO :                        (29, 0.34021189050241435),
INFO :                        (30, 0.35529592374084024),
INFO :                        (31, 0.38716875373753784),
INFO :                        (32, 0.38978391452976197),
INFO :                        (33, 0.40895581003043585),
INFO :                        (34, 0.423513240925035),
INFO :                        (35, 0.4487187497210793),
INFO :                        (36, 0.44883478074599026),
INFO :                        (37, 0.46772998687956874),
INFO :                        (38, 0.4768339596033524),
INFO :                        (39, 0.4943189425110899),
INFO :                        (40, 0.5114826087344585),
INFO :                        (41, 0.5052347843161756),
INFO :                        (42, 0.5223716741491802),
INFO :                        (43, 0.532707360829711),
INFO :                        (44, 0.5449887985433644),
INFO :                        (45, 0.5521470202340256),
INFO :                        (46, 0.5585198011406742),
INFO :                        (47, 0.5794857147957407),
INFO :                        (48, 0.5825739251510634),
INFO :                        (49, 0.5932130775890538),
INFO :                        (50, 0.5998268460089791)]}