INFO :      [SUMMARY]
INFO :      Run finished 50 round(s) in 440.82s
INFO :          History (loss, distributed):
INFO :                  round 1: 2.6406083818253565
INFO :                  round 2: 2.654323290168065
INFO :                  round 3: 2.7371517085795456
INFO :                  round 4: 2.703991833331307
INFO :                  round 5: 2.679293553520548
INFO :                  round 6: 2.6793787483643805
INFO :                  round 7: 2.6691132809875007
INFO :                  round 8: 2.639959066334364
INFO :                  round 9: 2.616161629602838
INFO :                  round 10: 2.5973946690654146
INFO :                  round 11: 2.6117779632068787
INFO :                  round 12: 2.539695132620703
INFO :                  round 13: 2.536587535310386
INFO :                  round 14: 2.5027489447763047
INFO :                  round 15: 2.460814713598696
INFO :                  round 16: 2.409439631559802
INFO :                  round 17: 2.385246473741113
INFO :                  round 18: 2.38021943889344
INFO :                  round 19: 2.33475501593395
INFO :                  round 20: 2.303895031643926
INFO :                  round 21: 2.283437770719931
INFO :                  round 22: 2.242856863518647
INFO :                  round 23: 2.188633802386574
INFO :                  round 24: 2.186518314832921
INFO :                  round 25: 2.188306930675281
INFO :                  round 26: 2.1008183362160953
INFO :                  round 27: 2.101006065835385
INFO :                  round 28: 2.0934659799280535
INFO :                  round 29: 2.0113199137646625
INFO :                  round 30: 2.0192320766813103
INFO :                  round 31: 1.94271974596738
INFO :                  round 32: 1.9131842578769136
INFO :                  round 33: 1.834666296545457
INFO :                  round 34: 1.7838220246130247
INFO :                  round 35: 1.7371370200469483
INFO :                  round 36: 1.7227022178814475
INFO :                  round 37: 1.6717442871315498
INFO :                  round 38: 1.6163624555452658
INFO :                  round 39: 1.612466209822039
INFO :                  round 40: 1.5810507565087655
INFO :                  round 41: 1.5695480572552747
INFO :                  round 42: 1.500182193774356
INFO :                  round 43: 1.454272928709965
INFO :                  round 44: 1.4485084624059394
INFO :                  round 45: 1.4139109537810237
INFO :                  round 46: 1.3755873340881646
INFO :                  round 47: 1.3328302554628206
INFO :                  round 48: 1.333856204605526
INFO :                  round 49: 1.3205555748976872
INFO :                  round 50: 1.273511270327817
INFO :          History (metrics, distributed, evaluate):
INFO :          {'accuracy': [(1, 0.09125393836074938),
INFO :                        (2, 0.09183409348530422),
INFO :                        (3, 0.08289970456715964),
INFO :                        (4, 0.07995430162711199),
INFO :                        (5, 0.09497585662135506),
INFO :                        (6, 0.09228929212149341),
INFO :                        (7, 0.10478494095805925),
INFO :                        (8, 0.11772686296735958),
INFO :                        (9, 0.11741447174644544),
INFO :                        (10, 0.12726818340042306),
INFO :                        (11, 0.1365863672471193),
INFO :                        (12, 0.15704352948526853),
INFO :                        (13, 0.16109568989369774),
INFO :                        (14, 0.1777327537732397),
INFO :                        (15, 0.1877828256232205),
INFO :                        (16, 0.2122207445621614),
INFO :                        (17, 0.2110693597765064),
INFO :                        (18, 0.2211372825533966),
INFO :                        (19, 0.24113032069190193),
INFO :                        (20, 0.24242451289283196),
INFO :                        (21, 0.24877944287257117),
INFO :                        (22, 0.2709056667767474),
INFO :                        (23, 0.2823391854622051),
INFO :                        (24, 0.2806879747230875),
INFO :                        (25, 0.2874534760217424),
INFO :                        (26, 0.31135586715340197),
INFO :                        (27, 0.3133373200403431),
INFO :                        (28, 0.31435482287417776),
INFO :                        (29, 0.33867671078820766),
INFO :                        (30, 0.3375521023929168),
INFO :                        (31, 0.3594016369299976),
INFO :                        (32, 0.36448022563571614),
INFO :                        (33, 0.39085497014432474),
INFO :                        (34, 0.4173903729951178),
INFO :                        (35, 0.42933264309749286),
INFO :                        (36, 0.44081078910022403),
INFO :                        (37, 0.4483260293290729),
INFO :                        (38, 0.47282642651219664),
INFO :                        (39, 0.4703183712814288),
INFO :                        (40, 0.4759681896482475),
INFO :                        (41, 0.4865002365247815),
INFO :                        (42, 0.5034943189425111),
INFO :                        (43, 0.5183819919849338),
INFO :                        (44, 0.516159551584716),
INFO :                        (45, 0.5331357830755362),
INFO :                        (46, 0.5437124572693437),
INFO :                        (47, 0.5579039441623006),
INFO :                        (48, 0.557314863574291),
INFO :                        (49, 0.5648925820473228),
INFO :                        (50, 0.5779594605449888)]}