INFO :      [SUMMARY]
INFO :      Run finished 50 round(s) in 364.53s
INFO :          History (loss, distributed):
INFO :                  round 1: 2.625492803919142
INFO :                  round 2: 2.6350214721596794
INFO :                  round 3: 2.6797663043175146
INFO :                  round 4: 2.6883491247702365
INFO :                  round 5: 2.7070009345491313
INFO :                  round 6: 2.6973761609384037
INFO :                  round 7: 2.6968402334352892
INFO :                  round 8: 2.6817730353193348
INFO :                  round 9: 2.691090976206343
INFO :                  round 10: 2.694779985647295
INFO :                  round 11: 2.6375046537905704
INFO :                  round 12: 2.645716276416705
INFO :                  round 13: 2.568290715911029
INFO :                  round 14: 2.5610424784513808
INFO :                  round 15: 2.5184682124810513
INFO :                  round 16: 2.4704377005043585
INFO :                  round 17: 2.432101414231579
INFO :                  round 18: 2.372842064779272
INFO :                  round 19: 2.3181531759165277
INFO :                  round 20: 2.287179160121443
INFO :                  round 21: 2.2508824075702645
INFO :                  round 22: 2.173007773466044
INFO :                  round 23: 2.162209786099694
INFO :                  round 24: 2.1123993652254103
INFO :                  round 25: 2.0806886504430224
INFO :                  round 26: 2.031288208463622
INFO :                  round 27: 2.0155444316416187
INFO :                  round 28: 1.9801818012371568
INFO :                  round 29: 1.9803589912198925
INFO :                  round 30: 1.924953725304192
INFO :                  round 31: 1.8091821676328403
INFO :                  round 32: 1.7713637317157855
INFO :                  round 33: 1.692015838121542
INFO :                  round 34: 1.6503457857362684
INFO :                  round 35: 1.6029454069654812
INFO :                  round 36: 1.5769415208877073
INFO :                  round 37: 1.5432857212911024
INFO :                  round 38: 1.5204936883199176
INFO :                  round 39: 1.4695764686605757
INFO :                  round 40: 1.4237773234262567
INFO :                  round 41: 1.4145243697923338
INFO :                  round 42: 1.3685466754935367
INFO :                  round 43: 1.367534037758716
INFO :                  round 44: 1.3178913406897603
INFO :                  round 45: 1.3232065801381974
INFO :                  round 46: 1.2457833263159557
INFO :                  round 47: 1.2371193994370453
INFO :                  round 48: 1.2222330812507105
INFO :                  round 49: 1.2203912835294664
INFO :                  round 50: 1.1849296921563555
INFO :          History (metrics, distributed, evaluate):
INFO :          {'accuracy': [(1, 0.10397272378368247),
INFO :                        (2, 0.0868269084872232),
INFO :                        (3, 0.07361722257428217),
INFO :                        (4, 0.07254616695971938),
INFO :                        (5, 0.07472398004266372),
INFO :                        (6, 0.08049875489784807),
INFO :                        (7, 0.09219111202349183),
INFO :                        (8, 0.08880836137416435),
INFO :                        (9, 0.10658788457590661),
INFO :                        (10, 0.11967261400048197),
INFO :                        (11, 0.14689527753728612),
INFO :                        (12, 0.16051553476914288),
INFO :                        (13, 0.18359678326297094),
INFO :                        (14, 0.1883897571381394),
INFO :                        (15, 0.20455377145458278),
INFO :                        (16, 0.21347030944581796),
INFO :                        (17, 0.22979498210444577),
INFO :                        (18, 0.23390962075705782),
INFO :                        (19, 0.25683021090870145),
INFO :                        (20, 0.26501486089665205),
INFO :                        (21, 0.27138764180330066),
INFO :                        (22, 0.2959415917671525),
INFO :                        (23, 0.3004668017386803),
INFO :                        (24, 0.3096421781701015),
INFO :                        (25, 0.32193254134720944),
INFO :                        (26, 0.33435678647613776),
INFO :                        (27, 0.344192647203206),
INFO :                        (28, 0.3560099608172154),
INFO :                        (29, 0.34771820526780856),
INFO :                        (30, 0.37345924187113416),
INFO :                        (31, 0.40046769428502577),
INFO :                        (32, 0.4147038084952561),
INFO :                        (33, 0.4429886021831684),
INFO :                        (34, 0.4558591204848312),
INFO :                        (35, 0.468729638786494),
INFO :                        (36, 0.4742812770553111),
INFO :                        (37, 0.48903506814591347),
INFO :                        (38, 0.4925517007470613),
INFO :                        (39, 0.5110809628789975),
INFO :                        (40, 0.5252099715277716),
INFO :                        (41, 0.5284142129080053),
INFO :                        (42, 0.547157686162854),
INFO :                        (43, 0.5440337739537126),
INFO :                        (44, 0.5645087871187712),
INFO :                        (45, 0.5612956202750827),
INFO :                        (46, 0.588571836592615),
INFO :                        (47, 0.5895000847919029),
INFO :                        (48, 0.5968457412151126),
INFO :                        (49, 0.5957032818929123),
INFO :                        (50, 0.6051642731548835)]}