INFO :      [SUMMARY]
INFO :      Run finished 50 round(s) in 425.14s
INFO :          History (loss, distributed):
INFO :                  round 1: 2.6226887806341788
INFO :                  round 2: 2.6183395250841546
INFO :                  round 3: 2.606156235281327
INFO :                  round 4: 2.5968850604854694
INFO :                  round 5: 2.543986276020211
INFO :                  round 6: 2.4620415683886714
INFO :                  round 7: 2.3595369537497217
INFO :                  round 8: 2.2629992440596163
INFO :                  round 9: 2.1706853311402403
INFO :                  round 10: 2.089318454882975
INFO :                  round 11: 1.9885934052532237
INFO :                  round 12: 1.8980436906227713
INFO :                  round 13: 1.8026822045856952
INFO :                  round 14: 1.7188535620127512
INFO :                  round 15: 1.6427800651888744
INFO :                  round 16: 1.5652343225119492
INFO :                  round 17: 1.5031348583068684
INFO :                  round 18: 1.4442926782398449
INFO :                  round 19: 1.3879879879038977
INFO :                  round 20: 1.3475223485660037
INFO :                  round 21: 1.2974720170249248
INFO :                  round 22: 1.2478627399820574
INFO :                  round 23: 1.219440619178288
INFO :                  round 24: 1.1689342875193207
INFO :                  round 25: 1.1342449631140967
INFO :                  round 26: 1.1047944382682067
INFO :                  round 27: 1.0655467058082617
INFO :                  round 28: 1.037362775466235
INFO :                  round 29: 1.0185765792648354
INFO :                  round 30: 0.9861960686224023
INFO :                  round 31: 0.9537270200942566
INFO :                  round 32: 0.9319133727246042
INFO :                  round 33: 0.9031278473552791
INFO :                  round 34: 0.8851285615458268
INFO :                  round 35: 0.8706713236356716
INFO :                  round 36: 0.8462126503569927
INFO :                  round 37: 0.8265701690773979
INFO :                  round 38: 0.8116214664941545
INFO :                  round 39: 0.7952990371914865
INFO :                  round 40: 0.7716120173331353
INFO :                  round 41: 0.7634307776129677
INFO :                  round 42: 0.7397452950419076
INFO :                  round 43: 0.7241797383527546
INFO :                  round 44: 0.7115087853930837
INFO :                  round 45: 0.6950221804991192
INFO :                  round 46: 0.6919433007309863
INFO :                  round 47: 0.6752344145198108
INFO :                  round 48: 0.6598782087636471
INFO :                  round 49: 0.6487644927336229
INFO :                  round 50: 0.6361736657814921
INFO :          History (metrics, distributed, evaluate):
INFO :          {'accuracy': [(1, 0.0941457885200689),
INFO :                        (2, 0.10220548201965388),
INFO :                        (3, 0.10098269352636136),
INFO :                        (4, 0.10561500905934541),
INFO :                        (5, 0.1289997233106329),
INFO :                        (6, 0.17758994635796463),
INFO :                        (7, 0.20534813770205018),
INFO :                        (8, 0.23666758896455697),
INFO :                        (9, 0.26173921580878085),
INFO :                        (10, 0.29011326413124),
INFO :                        (11, 0.31884433099188675),
INFO :                        (12, 0.34726300663161935),
INFO :                        (13, 0.379796320923964),
INFO :                        (14, 0.4121511259472148),
INFO :                        (15, 0.44052517426967397),
INFO :                        (16, 0.4657039066753541),
INFO :                        (17, 0.4854827336909469),
INFO :                        (18, 0.5051455296816287),
INFO :                        (19, 0.5237997483019305),
INFO :                        (20, 0.5379644588045234),
INFO :                        (21, 0.552566517016396),
INFO :                        (22, 0.5726309588625389),
INFO :                        (23, 0.5796642240648345),
INFO :                        (24, 0.5991306598595132),
INFO :                        (25, 0.6126259606030043),
INFO :                        (26, 0.6232115602602665),
INFO :                        (27, 0.6374476744704969),
INFO :                        (28, 0.6472389078802917),
INFO :                        (29, 0.6522907201956462),
INFO :                        (30, 0.6650898347896714),
INFO :                        (31, 0.6789957068520783),
INFO :                        (32, 0.6847704817072626),
INFO :                        (33, 0.6960611929774454),
INFO :                        (34, 0.7011130052927999),
INFO :                        (35, 0.7078338792741813),
INFO :                        (36, 0.7156882871143084),
INFO :                        (37, 0.723587322271709),
INFO :                        (38, 0.7294156499076214),
INFO :                        (39, 0.7344228349057025),
INFO :                        (40, 0.7452851239300601),
INFO :                        (41, 0.746927409205723),
INFO :                        (42, 0.7575844125706227),
INFO :                        (43, 0.7618686350288739),
INFO :                        (44, 0.768053981202974),
INFO :                        (45, 0.7738019796677943),
INFO :                        (46, 0.7758905381161917),
INFO :                        (47, 0.780603182820268),
INFO :                        (48, 0.7844232811788752),
INFO :                        (49, 0.7887610564178545),
INFO :                        (50, 0.7934915520488401)]}