INFO :      [SUMMARY]
INFO :      Run finished 50 round(s) in 456.97s
INFO :          History (loss, distributed):
INFO :                  round 1: 2.6157929747046564
INFO :                  round 2: 2.61455113874177
INFO :                  round 3: 2.607655438151349
INFO :                  round 4: 2.6079571356333755
INFO :                  round 5: 2.5740976907950173
INFO :                  round 6: 2.485384695570329
INFO :                  round 7: 2.4098271028858793
INFO :                  round 8: 2.3139803012308966
INFO :                  round 9: 2.2276202262458726
INFO :                  round 10: 2.10964028827497
INFO :                  round 11: 2.008165219897087
INFO :                  round 12: 1.9157919071074128
INFO :                  round 13: 1.8211473866480312
INFO :                  round 14: 1.7257988711575514
INFO :                  round 15: 1.6531927395304655
INFO :                  round 16: 1.5670358264459712
INFO :                  round 17: 1.50008419269159
INFO :                  round 18: 1.4420381324152731
INFO :                  round 19: 1.3745817202819501
INFO :                  round 20: 1.3200480117678297
INFO :                  round 21: 1.262596035879607
INFO :                  round 22: 1.2283957654826572
INFO :                  round 23: 1.1888462314956487
INFO :                  round 24: 1.1362367694669737
INFO :                  round 25: 1.1049639607749693
INFO :                  round 26: 1.0677723572922586
INFO :                  round 27: 1.0286834220648713
INFO :                  round 28: 1.0045317791089963
INFO :                  round 29: 0.9750800923867889
INFO :                  round 30: 0.9470529908132659
INFO :                  round 31: 0.9237675905905811
INFO :                  round 32: 0.8989716391203804
INFO :                  round 33: 0.8788784564535084
INFO :                  round 34: 0.858094360808819
INFO :                  round 35: 0.8432670235892148
INFO :                  round 36: 0.8188178381080552
INFO :                  round 37: 0.7996258979090993
INFO :                  round 38: 0.7841952525828173
INFO :                  round 39: 0.7667958453367427
INFO :                  round 40: 0.7511304556538446
INFO :                  round 41: 0.7420456883510083
INFO :                  round 42: 0.7231380940632025
INFO :                  round 43: 0.708625510739111
INFO :                  round 44: 0.6974316659775396
INFO :                  round 45: 0.6824553946626003
INFO :                  round 46: 0.6724571895283799
INFO :                  round 47: 0.6550282796921679
INFO :                  round 48: 0.6495904983832617
INFO :                  round 49: 0.6356384551422805
INFO :                  round 50: 0.6264085885260197
INFO :          History (metrics, distributed, evaluate):
INFO :          {'accuracy': [(1, 0.09809084336704184),
INFO :                        (2, 0.09762671926739797),
INFO :                        (3, 0.10789100224029133),
INFO :                        (4, 0.09455635983898464),
INFO :                        (5, 0.1160310249109685),
INFO :                        (6, 0.15940877730076133),
INFO :                        (7, 0.1817581377913048),
INFO :                        (8, 0.22148537562812948),
INFO :                        (9, 0.2459143691036157),
INFO :                        (10, 0.2861235819669936),
INFO :                        (11, 0.3193441569453494),
INFO :                        (12, 0.3522612661662457),
INFO :                        (13, 0.38599059256151874),
INFO :                        (14, 0.41627469006328155),
INFO :                        (15, 0.44006997563348477),
INFO :                        (16, 0.47024696757379125),
INFO :                        (17, 0.494229687876543),
INFO :                        (18, 0.5112773230750006),
INFO :                        (19, 0.5374557073876061),
INFO :                        (20, 0.5526468461874883),
INFO :                        (21, 0.5738001945751033),
INFO :                        (22, 0.583279036763984),
INFO :                        (23, 0.5947571827667152),
INFO :                        (24, 0.6148394755397674),
INFO :                        (25, 0.6275493354992459),
INFO :                        (26, 0.6390364069654316),
INFO :                        (27, 0.6522639438052821),
INFO :                        (28, 0.66095734521015),
INFO :                        (29, 0.6727211060434313),
INFO :                        (30, 0.6822445755495854),
INFO :                        (31, 0.6902953435857156),
INFO :                        (32, 0.7005149992413356),
INFO :                        (33, 0.7083515561545534),
INFO :                        (34, 0.7145993805728362),
INFO :                        (35, 0.7194548326921876),
INFO :                        (36, 0.7293174698096199),
INFO :                        (37, 0.7351904247628058),
INFO :                        (38, 0.740884870446898),
INFO :                        (39, 0.7470969930113621),
INFO :                        (40, 0.7529253206472746),
INFO :                        (41, 0.756022456466052),
INFO :                        (42, 0.7636715786467212),
INFO :                        (43, 0.7673756459804175),
INFO :                        (44, 0.7709726077526575),
INFO :                        (45, 0.7780951275895001),
INFO :                        (46, 0.7824061264381152),
INFO :                        (47, 0.7875204169976526),
INFO :                        (48, 0.7898321120324173),
INFO :                        (49, 0.7949553280554092),
INFO :                        (50, 0.7971331411383537)]}