INFO :      [SUMMARY]
INFO :      Run finished 50 round(s) in 366.69s
INFO :          History (loss, distributed):
INFO :                  round 1: 2.644187306230931
INFO :                  round 2: 2.6689805119315526
INFO :                  round 3: 2.7086198512007686
INFO :                  round 4: 2.70654087105464
INFO :                  round 5: 2.691281418523855
INFO :                  round 6: 2.705876399938582
INFO :                  round 7: 2.6740698965577088
INFO :                  round 8: 2.642746098850573
INFO :                  round 9: 2.6341245333351173
INFO :                  round 10: 2.6160583052879
INFO :                  round 11: 2.6213685641374944
INFO :                  round 12: 2.6110157705615884
INFO :                  round 13: 2.584689318746842
INFO :                  round 14: 2.521229357623762
INFO :                  round 15: 2.5608938023885
INFO :                  round 16: 2.507676744573676
INFO :                  round 17: 2.474567484771461
INFO :                  round 18: 2.434971761747302
INFO :                  round 19: 2.387212046567668
INFO :                  round 20: 2.3705875330858692
INFO :                  round 21: 2.3531871976540812
INFO :                  round 22: 2.3065650127367103
INFO :                  round 23: 2.2743421345119215
INFO :                  round 24: 2.212001459373152
INFO :                  round 25: 2.204649721605797
INFO :                  round 26: 2.173069076654623
INFO :                  round 27: 2.133763866002824
INFO :                  round 28: 2.102171107931566
INFO :                  round 29: 2.0447373533258544
INFO :                  round 30: 2.009681151894562
INFO :                  round 31: 1.9055475291345592
INFO :                  round 32: 1.8387724473665001
INFO :                  round 33: 1.7651081739478731
INFO :                  round 34: 1.8051801500741433
INFO :                  round 35: 1.7348402816063533
INFO :                  round 36: 1.671188711402262
INFO :                  round 37: 1.6591950268530296
INFO :                  round 38: 1.6028641346011523
INFO :                  round 39: 1.5374589747352438
INFO :                  round 40: 1.4969520517055392
INFO :                  round 41: 1.4636699931359098
INFO :                  round 42: 1.4440817663800747
INFO :                  round 43: 1.4147626083366796
INFO :                  round 44: 1.398707817414285
INFO :                  round 45: 1.3378747850630708
INFO :                  round 46: 1.3144082720785295
INFO :                  round 47: 1.2845558176172096
INFO :                  round 48: 1.2687048037173019
INFO :                  round 49: 1.2189444274964274
INFO :                  round 50: 1.2077890693926907
INFO :          History (metrics, distributed, evaluate):
INFO :          {'accuracy': [(1, 0.07780326493453173),
INFO :                        (2, 0.07575933380340774),
INFO :                        (3, 0.07560760092467801),
INFO :                        (4, 0.08081114611876222),
INFO :                        (5, 0.07801747605744429),
INFO :                        (6, 0.08945099474290202),
INFO :                        (7, 0.10246432045983987),
INFO :                        (8, 0.10927444907576826),
INFO :                        (9, 0.10510625764242808),
INFO :                        (10, 0.12217174376779515),
INFO :                        (11, 0.12937459277572988),
INFO :                        (12, 0.13711296959094602),
INFO :                        (13, 0.14739510349074875),
INFO :                        (14, 0.18188309427967048),
INFO :                        (15, 0.1639339872722891),
INFO :                        (16, 0.17609939396103141),
INFO :                        (17, 0.20243843661582128),
INFO :                        (18, 0.2064013423897036),
INFO :                        (19, 0.22249395299850944),
INFO :                        (20, 0.230134149715724),
INFO :                        (21, 0.2365872597934648),
INFO :                        (22, 0.2493685234605807),
INFO :                        (23, 0.26210515981042315),
INFO :                        (24, 0.2808575585287266),
INFO :                        (25, 0.28440096752023847),
INFO :                        (26, 0.29298726336365016),
INFO :                        (27, 0.30285882594453717),
INFO :                        (28, 0.3196654736297182),
INFO :                        (29, 0.3399262756718643),
INFO :                        (30, 0.34726300663161935),
INFO :                        (31, 0.3731379251867653),
INFO :                        (32, 0.3887485607690179),
INFO :                        (33, 0.4197556208106106),
INFO :                        (34, 0.39265791376217213),
INFO :                        (35, 0.4245128928319603),
INFO :                        (36, 0.45014682387382965),
INFO :                        (37, 0.4462106944903114),
INFO :                        (38, 0.46634654004409176),
INFO :                        (39, 0.4928908683583395),
INFO :                        (40, 0.5065379019805604),
INFO :                        (41, 0.5144994153821437),
INFO :                        (42, 0.5216844134631691),
INFO :                        (43, 0.5305652496005855),
INFO :                        (44, 0.5299404671587572),
INFO :                        (45, 0.5536821999482323),
INFO :                        (46, 0.5636697935540302),
INFO :                        (47, 0.5757191692178616),
INFO :                        (48, 0.5801194227010238),
INFO :                        (49, 0.5935879470541507),
INFO :                        (50, 0.5974258963396675)]}
INFO :  