INFO :      [SUMMARY]
INFO :      Run finished 50 round(s) in 653.22s
INFO :          History (loss, distributed):
INFO :                  round 1: 2.633666171754413
INFO :                  round 2: 2.6231832399435735
INFO :                  round 3: 2.6635049700084603
INFO :                  round 4: 2.680214711515143
INFO :                  round 5: 2.707605696675749
INFO :                  round 6: 2.6812274927571815
INFO :                  round 7: 2.707693215065622
INFO :                  round 8: 2.688291287171598
INFO :                  round 9: 2.606973230928368
INFO :                  round 10: 2.6001309424757326
INFO :                  round 11: 2.5136777643266273
INFO :                  round 12: 2.4968273671569072
INFO :                  round 13: 2.4222195293651136
INFO :                  round 14: 2.3905702318014543
INFO :                  round 15: 2.3155522916878715
INFO :                  round 16: 2.3100820337390786
INFO :                  round 17: 2.228394142524882
INFO :                  round 18: 2.1563972802373805
INFO :                  round 19: 2.1804359617805793
INFO :                  round 20: 2.091097873291948
INFO :                  round 21: 2.0073814371644327
INFO :                  round 22: 2.034181944611226
INFO :                  round 23: 1.9301940933336768
INFO :                  round 24: 1.9062959128735968
INFO :                  round 25: 1.8830908779916133
INFO :                  round 26: 1.8055641713442139
INFO :                  round 27: 1.794037994237606
INFO :                  round 28: 1.70596593898224
INFO :                  round 29: 1.6761373650126854
INFO :                  round 30: 1.6182229257938292
INFO :                  round 31: 1.5985650036441936
INFO :                  round 32: 1.5745480496746698
INFO :                  round 33: 1.507557934136163
INFO :                  round 34: 1.4844727350462292
INFO :                  round 35: 1.435631980801107
INFO :                  round 36: 1.4226702077948434
INFO :                  round 37: 1.3656376143467333
INFO :                  round 38: 1.3330789334848605
INFO :                  round 39: 1.3045540973748861
INFO :                  round 40: 1.2853570763321924
INFO :                  round 41: 1.258866802187363
INFO :                  round 42: 1.2482274731939802
INFO :                  round 43: 1.2211037821275725
INFO :                  round 44: 1.1950223485780498
INFO :                  round 45: 1.1842277352203703
INFO :                  round 46: 1.1291837661448894
INFO :                  round 47: 1.1230652677635953
INFO :                  round 48: 1.1204919903344108
INFO :                  round 49: 1.096224342442101
INFO :                  round 50: 1.0614839446183857
INFO :          History (metrics, distributed, evaluate):
INFO :          {'accuracy': [(1, 0.08595221306866359),
INFO :                        (2, 0.09457421076589402),
INFO :                        (3, 0.08421174769499906),
INFO :                        (4, 0.08422959862190844),
INFO :                        (5, 0.09112898187238372),
INFO :                        (6, 0.10551682896134382),
INFO :                        (7, 0.09753746463285107),
INFO :                        (8, 0.10305340104784941),
INFO :                        (9, 0.13471201992163442),
INFO :                        (10, 0.12586688563803675),
INFO :                        (11, 0.15049223930952615),
INFO :                        (12, 0.16876266300127635),
INFO :                        (13, 0.19397709726077528),
INFO :                        (14, 0.21086407411704852),
INFO :                        (15, 0.23722096769874776),
INFO :                        (16, 0.2328564160694044),
INFO :                        (17, 0.2696561018930908),
INFO :                        (18, 0.2945313685413115),
INFO :                        (19, 0.29412079722239576),
INFO :                        (20, 0.32088826212301075),
INFO :                        (21, 0.3453529574523157),
INFO :                        (22, 0.3398370210373174),
INFO :                        (23, 0.3750122725122502),
INFO :                        (24, 0.383794928551665),
INFO :                        (25, 0.38545506475423735),
INFO :                        (26, 0.4110711448691973),
INFO :                        (27, 0.4240844705861352),
INFO :                        (28, 0.4511643267076643),
INFO :                        (29, 0.45535929453136853),
INFO :                        (30, 0.47700354340899154),
INFO :                        (31, 0.48800863984862414),
INFO :                        (32, 0.48869590053463524),
INFO :                        (33, 0.5166683030016334),
INFO :                        (34, 0.5188014887673043),
INFO :                        (35, 0.5311989575058685),
INFO :                        (36, 0.5413739858442149),
INFO :                        (37, 0.5618489990092735),
INFO :                        (38, 0.5689358169922973),
INFO :                        (39, 0.5811458509983131),
INFO :                        (40, 0.5846446326725515),
INFO :                        (41, 0.5949178411088996),
INFO :                        (42, 0.5950606485241746),
INFO :                        (43, 0.601611938699917),
INFO :                        (44, 0.6146431153437643),
INFO :                        (45, 0.616463909888521),
INFO :                        (46, 0.6389203759405208),
INFO :                        (47, 0.6408929033640072),
INFO :                        (48, 0.637849320325958),
INFO :                        (49, 0.6457483554833585),
INFO :                        (50, 0.6572889797302724)]}