025-12-03 19:30:04,171 - flwr - INFO - aggregate_evaluate: received 5 results and 0 failures
2025-12-03 19:30:04,182 - flwr - INFO - 
2025-12-03 19:30:04,182 - flwr - INFO - [SUMMARY]
2025-12-03 19:30:04,182 - flwr - INFO - Run finished 50 round(s) in 714.27s
2025-12-03 19:30:04,182 - flwr - INFO - 	History (loss, distributed):
2025-12-03 19:30:04,182 - flwr - INFO - 		round 1: 2.492081396383905
2025-12-03 19:30:04,182 - flwr - INFO - 		round 2: 2.0085837308582573
2025-12-03 19:30:04,182 - flwr - INFO - 		round 3: 1.7626555752033433
2025-12-03 19:30:04,182 - flwr - INFO - 		round 4: 1.6670559915454273
2025-12-03 19:30:04,183 - flwr - INFO - 		round 5: 1.5916681314142926
2025-12-03 19:30:04,183 - flwr - INFO - 		round 6: 1.5138470698962552
2025-12-03 19:30:04,183 - flwr - INFO - 		round 7: 1.5317449431828727
2025-12-03 19:30:04,183 - flwr - INFO - 		round 8: 1.4855739733802427
2025-12-03 19:30:04,183 - flwr - INFO - 		round 9: 1.42596197250522
2025-12-03 19:30:04,183 - flwr - INFO - 		round 10: 1.3678509388354962
2025-12-03 19:30:04,183 - flwr - INFO - 		round 11: 1.3505962672091816
2025-12-03 19:30:04,183 - flwr - INFO - 		round 12: 1.3156293912369186
2025-12-03 19:30:04,183 - flwr - INFO - 		round 13: 1.3389335136545928
2025-12-03 19:30:04,183 - flwr - INFO - 		round 14: 1.328234452404826
2025-12-03 19:30:04,183 - flwr - INFO - 		round 15: 1.2886043935106348
2025-12-03 19:30:04,183 - flwr - INFO - 		round 16: 1.3470801657217923
2025-12-03 19:30:04,183 - flwr - INFO - 		round 17: 1.3364434565599328
2025-12-03 19:30:04,183 - flwr - INFO - 		round 18: 1.33086672149824
2025-12-03 19:30:04,183 - flwr - INFO - 		round 19: 1.3047826946337389
2025-12-03 19:30:04,183 - flwr - INFO - 		round 20: 1.3187305460628682
2025-12-03 19:30:04,183 - flwr - INFO - 		round 21: 1.3602763546734356
2025-12-03 19:30:04,183 - flwr - INFO - 		round 22: 1.355786834495994
2025-12-03 19:30:04,183 - flwr - INFO - 		round 23: 1.3973786448336365
2025-12-03 19:30:04,183 - flwr - INFO - 		round 24: 1.427925040413191
2025-12-03 19:30:04,183 - flwr - INFO - 		round 25: 1.4647322908246376
2025-12-03 19:30:04,183 - flwr - INFO - 		round 26: 1.5201977181014452
2025-12-03 19:30:04,183 - flwr - INFO - 		round 27: 1.5116105452350805
2025-12-03 19:30:04,183 - flwr - INFO - 		round 28: 1.5897382482978424
2025-12-03 19:30:04,183 - flwr - INFO - 		round 29: 1.6289694801730965
2025-12-03 19:30:04,183 - flwr - INFO - 		round 30: 1.6613965961082482
2025-12-03 19:30:04,183 - flwr - INFO - 		round 31: 1.382642837322429
2025-12-03 19:30:04,183 - flwr - INFO - 		round 32: 1.3811799394867417
2025-12-03 19:30:04,184 - flwr - INFO - 		round 33: 1.4474784766623106
2025-12-03 19:30:04,184 - flwr - INFO - 		round 34: 1.4369411871049678
2025-12-03 19:30:04,184 - flwr - INFO - 		round 35: 1.3990932388747086
2025-12-03 19:30:04,184 - flwr - INFO - 		round 36: 1.4558199937486747
2025-12-03 19:30:04,184 - flwr - INFO - 		round 37: 1.465198832165563
2025-12-03 19:30:04,184 - flwr - INFO - 		round 38: 1.472396806740169
2025-12-03 19:30:04,184 - flwr - INFO - 		round 39: 1.5889407590835287
2025-12-03 19:30:04,184 - flwr - INFO - 		round 40: 1.566846919584873
2025-12-03 19:30:04,184 - flwr - INFO - 		round 41: 1.6097695934515803
2025-12-03 19:30:04,184 - flwr - INFO - 		round 42: 1.5652559089588831
2025-12-03 19:30:04,184 - flwr - INFO - 		round 43: 1.588724473397135
2025-12-03 19:30:04,184 - flwr - INFO - 		round 44: 1.5980269229480393
2025-12-03 19:30:04,184 - flwr - INFO - 		round 45: 1.5824646204757777
2025-12-03 19:30:04,184 - flwr - INFO - 		round 46: 1.6067997634404978
2025-12-03 19:30:04,184 - flwr - INFO - 		round 47: 1.6162067822413557
2025-12-03 19:30:04,184 - flwr - INFO - 		round 48: 1.57411616579827
2025-12-03 19:30:04,184 - flwr - INFO - 		round 49: 1.6127527744930548
2025-12-03 19:30:04,184 - flwr - INFO - 		round 50: 1.654651310655584
2025-12-03 19:30:04,184 - flwr - INFO - 	History (metrics, distributed, evaluate):
2025-12-03 19:30:04,184 - flwr - INFO - 	{'accuracy': [(1, 0.15896820635872824),
2025-12-03 19:30:04,184 - flwr - INFO - 	              (2, 0.2526494701059788),
2025-12-03 19:30:04,184 - flwr - INFO - 	              (3, 0.35692861427714456),
2025-12-03 19:30:04,184 - flwr - INFO - 	              (4, 0.3915216956608678),
2025-12-03 19:30:04,184 - flwr - INFO - 	              (5, 0.41571685662867425),
2025-12-03 19:30:04,184 - flwr - INFO - 	              (6, 0.4605078984203159),
2025-12-03 19:30:04,184 - flwr - INFO - 	              (7, 0.46340731853629274),
2025-12-03 19:30:04,184 - flwr - INFO - 	              (8, 0.4839032193561288),
2025-12-03 19:30:04,185 - flwr - INFO - 	              (9, 0.5142971405718856),
2025-12-03 19:30:04,185 - flwr - INFO - 	              (10, 0.5343931213757248),
2025-12-03 19:30:04,185 - flwr - INFO - 	              (11, 0.5459908018396321),
2025-12-03 19:30:04,185 - flwr - INFO - 	              (12, 0.5606878624275144),
2025-12-03 19:30:04,185 - flwr - INFO - 	              (13, 0.5688862227554489),
2025-12-03 19:30:04,185 - flwr - INFO - 	              (14, 0.5775844831033793),
2025-12-03 19:30:04,185 - flwr - INFO - 	              (15, 0.588882223555289),
2025-12-03 19:30:04,185 - flwr - INFO - 	              (16, 0.5870825834833033),
2025-12-03 19:30:04,185 - flwr - INFO - 	              (17, 0.5881823635272946),
2025-12-03 19:30:04,185 - flwr - INFO - 	              (18, 0.5974805038992201),
2025-12-03 19:30:04,185 - flwr - INFO - 	              (19, 0.6081783643271346),
2025-12-03 19:30:04,185 - flwr - INFO - 	              (20, 0.611877624475105),
2025-12-03 19:30:04,185 - flwr - INFO - 	              (21, 0.6063787242551489),
2025-12-03 19:30:04,185 - flwr - INFO - 	              (22, 0.6116776644671066),
2025-12-03 19:30:04,185 - flwr - INFO - 	              (23, 0.6199760047990401),
2025-12-03 19:30:04,185 - flwr - INFO - 	              (24, 0.6195760847830434),
2025-12-03 19:30:04,185 - flwr - INFO - 	              (25, 0.6221755648870226),
2025-12-03 19:30:04,185 - flwr - INFO - 	              (26, 0.6140771845630874),
2025-12-03 19:30:04,185 - flwr - INFO - 	              (27, 0.6209758048390321),
2025-12-03 19:30:04,185 - flwr - INFO - 	              (28, 0.617376524695061),
2025-12-03 19:30:04,185 - flwr - INFO - 	              (29, 0.6174765046990602),
2025-12-03 19:30:04,185 - flwr - INFO - 	              (30, 0.6217756448710258),
2025-12-03 19:30:04,185 - flwr - INFO - 	              (31, 0.639372125574885),
2025-12-03 19:30:04,185 - flwr - INFO - 	              (32, 0.637872425514897),
2025-12-03 19:30:04,185 - flwr - INFO - 	              (33, 0.638372325534893),
2025-12-03 19:30:04,185 - flwr - INFO - 	              (34, 0.6431713657268546),
2025-12-03 19:30:04,185 - flwr - INFO - 	              (35, 0.6422715456908619),
2025-12-03 19:30:04,186 - flwr - INFO - 	              (36, 0.6417716456708659),
2025-12-03 19:30:04,186 - flwr - INFO - 	              (37, 0.6444711057788443),
2025-12-03 19:30:04,186 - flwr - INFO - 	              (38, 0.6382723455308938),
2025-12-03 19:30:04,186 - flwr - INFO - 	              (39, 0.6379724055188962),
2025-12-03 19:30:04,186 - flwr - INFO - 	              (40, 0.642371525694861),
2025-12-03 19:30:04,186 - flwr - INFO - 	              (41, 0.6417716456708659),
2025-12-03 19:30:04,186 - flwr - INFO - 	              (42, 0.634873025394921),
2025-12-03 19:30:04,186 - flwr - INFO - 	              (43, 0.6425714857028594),
2025-12-03 19:30:04,186 - flwr - INFO - 	              (44, 0.6381723655268946),
2025-12-03 19:30:04,186 - flwr - INFO - 	              (45, 0.639872025594881),
2025-12-03 19:30:04,186 - flwr - INFO - 	              (46, 0.6411717656468706),
2025-12-03 19:30:04,186 - flwr - INFO - 	              (47, 0.643371325734853),
2025-12-03 19:30:04,186 - flwr - INFO - 	              (48, 0.642871425714857),
2025-12-03 19:30:04,186 - flwr - INFO - 	              (49, 0.6414717056588682),
2025-12-03 19:30:04,186 - flwr - INFO - 	              (50, 0.6469706058788243)]}
2025-12-03 19:30:04,186 - flwr - INFO - 
2025-12-03 19:30:05,136 - flwr - WARNING - Manually terminating ClientAppActor
2025-12-03 19:30:05,136 - flwr - WARNING - Manually terminating ClientAppActor
2025-12-03 19:30:05,137 - flwr - WARNING - Manually terminating ClientAppActor
2025-12-03 19:30:05,137 - flwr - WARNING - Manually terminating ClientAppActor