INFO :      [SUMMARY]
INFO :      Run finished 50 round(s) in 981.12s
INFO :          History (loss, distributed):
INFO :                  round 1: 2.4331689526547633
INFO :                  round 2: 2.151016777514314
INFO :                  round 3: 1.8286997615879952
INFO :                  round 4: 1.665372672716292
INFO :                  round 5: 1.548609471634256
INFO :                  round 6: 1.4619755729961066
INFO :                  round 7: 1.3931980280723009
INFO :                  round 8: 1.3275248385174936
INFO :                  round 9: 1.2838568628279696
INFO :                  round 10: 1.2336287863518847
INFO :                  round 11: 1.201638043918219
INFO :                  round 12: 1.18116840811274
INFO :                  round 13: 1.1534098651448499
INFO :                  round 14: 1.1712354595297751
INFO :                  round 15: 1.1192559426604893
INFO :                  round 16: 1.1138022599459572
INFO :                  round 17: 1.0996109001620997
INFO :                  round 18: 1.1120762359223622
INFO :                  round 19: 1.1091573917237898
INFO :                  round 20: 1.1573906905123519
INFO :                  round 21: 1.1436794832216128
INFO :                  round 22: 1.1575360966628434
INFO :                  round 23: 1.1513816481392904
INFO :                  round 24: 1.1699773984976656
INFO :                  round 25: 1.1885629786087273
INFO :                  round 26: 1.2218496668895915
INFO :                  round 27: 1.24691367067836
INFO :                  round 28: 1.2548893645517734
INFO :                  round 29: 1.2829588911080096
INFO :                  round 30: 1.3107328182577285
INFO :                  round 31: 1.3289891853717246
INFO :                  round 32: 1.356231540366932
INFO :                  round 33: 1.3606031702936512
INFO :                  round 34: 1.3765509256637494
INFO :                  round 35: 1.4147141868010904
INFO :                  round 36: 1.437908884002751
INFO :                  round 37: 1.48504423086127
INFO :                  round 38: 1.4768799355388018
INFO :                  round 39: 1.563021528351885
INFO :                  round 40: 1.5264481492123352
INFO :                  round 41: 1.5647066753953944
INFO :                  round 42: 1.5678400732921927
INFO :                  round 43: 1.579715010135353
INFO :                  round 44: 1.6075347670744498
INFO :                  round 45: 1.623827409334658
INFO :                  round 46: 1.6178725880040212
INFO :                  round 47: 1.6424047867548894
INFO :                  round 48: 1.6101472825833685
INFO :                  round 49: 1.6255063369518323
INFO :                  round 50: 1.615881713650556
INFO :          History (metrics, distributed, evaluate):
INFO :          {'accuracy': [(1, 0.13360255763082618),
INFO :                        (2, 0.2314487632508834),
INFO :                        (3, 0.3165909473329968),
INFO :                        (4, 0.3817095742890796),
INFO :                        (5, 0.4259633181894666),
INFO :                        (6, 0.467020023557126),
INFO :                        (7, 0.49688709406023895),
INFO :                        (8, 0.524650849739189),
INFO :                        (9, 0.544085478714454),
INFO :                        (10, 0.566128218071681),
INFO :                        (11, 0.5811879522126872),
INFO :                        (12, 0.5937237085646979),
INFO :                        (13, 0.6064277301026417),
INFO :                        (14, 0.6081945145549386),
INFO :                        (15, 0.6257782264849403),
INFO :                        (16, 0.6269560827864715),
INFO :                        (17, 0.6345280161534579),
INFO :                        (18, 0.6309103146558976),
INFO :                        (19, 0.6431095406360424),
INFO :                        (20, 0.6394918391384823),
INFO :                        (21, 0.6445397947164732),
INFO :                        (22, 0.6454652532391049),
INFO :                        (23, 0.655140501430254),
INFO :                        (24, 0.6562342251388188),
INFO :                        (25, 0.6590106007067138),
INFO :                        (26, 0.6583375399629816),
INFO :                        (27, 0.6589264681137472),
INFO :                        (28, 0.6647316170284369),
INFO :                        (29, 0.660188457008245),
INFO :                        (30, 0.6630489651691065),
INFO :                        (31, 0.6652364125862359),
INFO :                        (32, 0.660693252566044),
INFO :                        (33, 0.663301362948006),
INFO :                        (34, 0.6670873296314992),
INFO :                        (35, 0.6680969207470975),
INFO :                        (36, 0.6699478377923608),
INFO :                        (37, 0.6656570755510685),
INFO :                        (38, 0.6678445229681979),
INFO :                        (39, 0.6596836614504459),
INFO :                        (40, 0.6666666666666666),
INFO :                        (41, 0.668685848897863),
INFO :                        (42, 0.6710415615009254),
INFO :                        (43, 0.6770991081945146),
INFO :                        (44, 0.6734814066969544),
INFO :                        (45, 0.6760895170789164),
INFO :                        (46, 0.6743227326266196),
INFO :                        (47, 0.6725559481743227),
INFO :                        (48, 0.6732290089180548),
INFO :                        (49, 0.6736496718828874),
INFO :                        (50, 0.6813057378428403)]}
INFO :     