INFO :      
INFO :      [SUMMARY]
INFO :      Run finished 50 round(s) in 927.85s
INFO :          History (loss, distributed):
INFO :                  round 1: 2.3691732171461757
INFO :                  round 2: 2.00876007625024
INFO :                  round 3: 1.7974643264059658
INFO :                  round 4: 1.6409435518659687
INFO :                  round 5: 1.5554337365862505
INFO :                  round 6: 1.47508038648278
INFO :                  round 7: 1.442143997045607
INFO :                  round 8: 1.3667675409044602
INFO :                  round 9: 1.3206212410510607
INFO :                  round 10: 1.2643798119736043
INFO :                  round 11: 1.2314356680902339
INFO :                  round 12: 1.1967101864692886
INFO :                  round 13: 1.190567691023214
INFO :                  round 14: 1.1613946276718972
INFO :                  round 15: 1.160395996950722
INFO :                  round 16: 1.1278199617679214
INFO :                  round 17: 1.1244975283494825
INFO :                  round 18: 1.1187896391114365
INFO :                  round 19: 1.1321043242355873
INFO :                  round 20: 1.1493667233979847
INFO :                  round 21: 1.151442119186056
INFO :                  round 22: 1.1668503118882338
INFO :                  round 23: 1.1949422247199164
INFO :                  round 24: 1.1759297196872454
INFO :                  round 25: 1.1852307631683987
INFO :                  round 26: 1.1926289127942504
INFO :                  round 27: 1.2053294453295726
INFO :                  round 28: 1.2458131783261304
INFO :                  round 29: 1.2492655354130693
INFO :                  round 30: 1.2983048729034923
INFO :                  round 31: 1.230757939408464
INFO :                  round 32: 1.2633062776715762
INFO :                  round 33: 1.273141114561848
INFO :                  round 34: 1.305059512534602
INFO :                  round 35: 1.36099705681076
INFO :                  round 36: 1.3839135176122739
INFO :                  round 37: 1.3869501655623189
INFO :                  round 38: 1.4282288647915724
INFO :                  round 39: 1.4034612592445446
INFO :                  round 40: 1.50147084825225
INFO :                  round 41: 1.4349591200138234
INFO :                  round 42: 1.4825082037402137
INFO :                  round 43: 1.4633080927879931
INFO :                  round 44: 1.45757638019553
INFO :                  round 45: 1.5064970243270839
INFO :                  round 46: 1.5508786552146678
INFO :                  round 47: 1.5824100215892165
INFO :                  round 48: 1.6681827361750068
INFO :                  round 49: 1.5729102307993628
INFO :                  round 50: 1.5991344424027156
INFO :          History (metrics, distributed, evaluate):
INFO :          {'accuracy': [(1, 0.12190812720848057),
INFO :                        (2, 0.26442873969375735),
INFO :                        (3, 0.32853777553424196),
INFO :                        (4, 0.392226148409894),
INFO :                        (5, 0.42840316338549556),
INFO :                        (6, 0.46500084132592967),
INFO :                        (7, 0.480733636210668),
INFO :                        (8, 0.5070671378091873),
INFO :                        (9, 0.5278478882719165),
INFO :                        (10, 0.5532559313478042),
INFO :                        (11, 0.5735318862527343),
INFO :                        (12, 0.5786639744236918),
INFO :                        (13, 0.5944809019013966),
INFO :                        (14, 0.6012956419316844),
INFO :                        (15, 0.6096247686353693),
INFO :                        (16, 0.6196365471983847),
INFO :                        (17, 0.6293117953895339),
INFO :                        (18, 0.637977452465085),
INFO :                        (19, 0.6365471983846542),
INFO :                        (20, 0.6420999495204442),
INFO :                        (21, 0.6369678613494868),
INFO :                        (22, 0.6444556621235067),
INFO :                        (23, 0.643530203600875),
INFO :                        (24, 0.6461383139828369),
INFO :                        (25, 0.6496718828874306),
INFO :                        (26, 0.6502608110381962),
INFO :                        (27, 0.6510180043748949),
INFO :                        (28, 0.648914689550732),
INFO :                        (29, 0.6583375399629816),
INFO :                        (30, 0.6538785125357564),
INFO :                        (31, 0.6582534073700151),
INFO :                        (32, 0.6643109540636042),
INFO :                        (33, 0.6648157496214033),
INFO :                        (34, 0.6604408547871445),
INFO :                        (35, 0.6564866229177183),
INFO :                        (36, 0.6602725896012115),
INFO :                        (37, 0.6664142688877671),
INFO :                        (38, 0.6606091199730776),
INFO :                        (39, 0.6696954400134613),
INFO :                        (40, 0.66296483257614),
INFO :                        (41, 0.6620393740535083),
INFO :                        (42, 0.6643950866565708),
INFO :                        (43, 0.6643950866565708),
INFO :                        (44, 0.6674238600033653),
INFO :                        (45, 0.6695271748275282),
INFO :                        (46, 0.6675921251892983),
INFO :                        (47, 0.6687699814908296),
INFO :                        (48, 0.6649840148073364),
INFO :                        (49, 0.6702843681642269),
INFO :                        (50, 0.6686017163048965)]}