2025-12-06 13:50:29,219 - flwr - INFO - aggregate_evaluate: received 5 results and 0 failures
2025-12-06 13:50:29,226 - flwr - INFO - 
2025-12-06 13:50:29,226 - flwr - INFO - [SUMMARY]
2025-12-06 13:50:29,226 - flwr - INFO - Run finished 50 round(s) in 827.36s
2025-12-06 13:50:29,227 - flwr - INFO - 	History (loss, distributed):
2025-12-06 13:50:29,227 - flwr - INFO - 		round 1: 2.212216918668406
2025-12-06 13:50:29,227 - flwr - INFO - 		round 2: 1.9137544098596517
2025-12-06 13:50:29,227 - flwr - INFO - 		round 3: 1.6887902788159959
2025-12-06 13:50:29,227 - flwr - INFO - 		round 4: 1.5607077562971519
2025-12-06 13:50:29,227 - flwr - INFO - 		round 5: 1.4322586703161886
2025-12-06 13:50:29,227 - flwr - INFO - 		round 6: 1.355189680525805
2025-12-06 13:50:29,227 - flwr - INFO - 		round 7: 1.273138315540512
2025-12-06 13:50:29,227 - flwr - INFO - 		round 8: 1.211513088705795
2025-12-06 13:50:29,227 - flwr - INFO - 		round 9: 1.1571983505513757
2025-12-06 13:50:29,227 - flwr - INFO - 		round 10: 1.0996503263488822
2025-12-06 13:50:29,227 - flwr - INFO - 		round 11: 1.05541310301881
2025-12-06 13:50:29,227 - flwr - INFO - 		round 12: 1.0264283761363435
2025-12-06 13:50:29,227 - flwr - INFO - 		round 13: 0.9961941345704518
2025-12-06 13:50:29,227 - flwr - INFO - 		round 14: 0.978585374290667
2025-12-06 13:50:29,227 - flwr - INFO - 		round 15: 0.9511663214485601
2025-12-06 13:50:29,227 - flwr - INFO - 		round 16: 0.9398575821963797
2025-12-06 13:50:29,227 - flwr - INFO - 		round 17: 0.9230504502374299
2025-12-06 13:50:29,228 - flwr - INFO - 		round 18: 0.9114986225507009
2025-12-06 13:50:29,228 - flwr - INFO - 		round 19: 0.9040832570569938
2025-12-06 13:50:29,228 - flwr - INFO - 		round 20: 0.8906788369258664
2025-12-06 13:50:29,228 - flwr - INFO - 		round 21: 0.8896251578829237
2025-12-06 13:50:29,228 - flwr - INFO - 		round 22: 0.8857300446033712
2025-12-06 13:50:29,228 - flwr - INFO - 		round 23: 0.8936060925207899
2025-12-06 13:50:29,228 - flwr - INFO - 		round 24: 0.8821592101946328
2025-12-06 13:50:29,228 - flwr - INFO - 		round 25: 0.8966571905327158
2025-12-06 13:50:29,228 - flwr - INFO - 		round 26: 0.8950924622780132
2025-12-06 13:50:29,228 - flwr - INFO - 		round 27: 0.9092022874672923
2025-12-06 13:50:29,228 - flwr - INFO - 		round 28: 0.9150343968444392
2025-12-06 13:50:29,228 - flwr - INFO - 		round 29: 0.9198592629096389
2025-12-06 13:50:29,228 - flwr - INFO - 		round 30: 0.9246004477905123
2025-12-06 13:50:29,228 - flwr - INFO - 		round 31: 0.9607728883476085
2025-12-06 13:50:29,228 - flwr - INFO - 		round 32: 0.9578774528678218
2025-12-06 13:50:29,228 - flwr - INFO - 		round 33: 0.9482170991754666
2025-12-06 13:50:29,228 - flwr - INFO - 		round 34: 0.9819965956884856
2025-12-06 13:50:29,228 - flwr - INFO - 		round 35: 0.9971998059987688
2025-12-06 13:50:29,228 - flwr - INFO - 		round 36: 0.9952237676831684
2025-12-06 13:50:29,228 - flwr - INFO - 		round 37: 1.021720609600924
2025-12-06 13:50:29,228 - flwr - INFO - 		round 38: 1.049880919409214
2025-12-06 13:50:29,228 - flwr - INFO - 		round 39: 1.0358422437911792
2025-12-06 13:50:29,229 - flwr - INFO - 		round 40: 1.0734047319587714
2025-12-06 13:50:29,229 - flwr - INFO - 		round 41: 1.1282692293590357
2025-12-06 13:50:29,229 - flwr - INFO - 		round 42: 1.080876995322842
2025-12-06 13:50:29,229 - flwr - INFO - 		round 43: 1.110691819099749
2025-12-06 13:50:29,229 - flwr - INFO - 		round 44: 1.1100702155724014
2025-12-06 13:50:29,229 - flwr - INFO - 		round 45: 1.114799970196186
2025-12-06 13:50:29,229 - flwr - INFO - 		round 46: 1.1518673916030189
2025-12-06 13:50:29,229 - flwr - INFO - 		round 47: 1.157875724034797
2025-12-06 13:50:29,229 - flwr - INFO - 		round 48: 1.1561676901038762
2025-12-06 13:50:29,229 - flwr - INFO - 		round 49: 1.2155574660586501
2025-12-06 13:50:29,229 - flwr - INFO - 		round 50: 1.2066844516541937
2025-12-06 13:50:29,229 - flwr - INFO - 	History (metrics, distributed, evaluate):
2025-12-06 13:50:29,229 - flwr - INFO - 	{'accuracy': [(1, 0.20135972805438912),
2025-12-06 13:50:29,229 - flwr - INFO - 	              (2, 0.28994201159768046),
2025-12-06 13:50:29,229 - flwr - INFO - 	              (3, 0.3904219156168766),
2025-12-06 13:50:29,229 - flwr - INFO - 	              (4, 0.4345130973805239),
2025-12-06 13:50:29,229 - flwr - INFO - 	              (5, 0.48200359928014397),
2025-12-06 13:50:29,229 - flwr - INFO - 	              (6, 0.5131973605278944),
2025-12-06 13:50:29,229 - flwr - INFO - 	              (7, 0.5481903619276145),
2025-12-06 13:50:29,229 - flwr - INFO - 	              (8, 0.5719856028794241),
2025-12-06 13:50:29,229 - flwr - INFO - 	              (9, 0.5949810037992401),
2025-12-06 13:50:29,229 - flwr - INFO - 	              (10, 0.611877624475105),
2025-12-06 13:50:29,229 - flwr - INFO - 	              (11, 0.6322735452909418),
2025-12-06 13:50:29,230 - flwr - INFO - 	              (12, 0.6397720455908819),
2025-12-06 13:50:29,230 - flwr - INFO - 	              (13, 0.6564687062587482),
2025-12-06 13:50:29,230 - flwr - INFO - 	              (14, 0.6631673665266946),
2025-12-06 13:50:29,230 - flwr - INFO - 	              (15, 0.6761647670465907),
2025-12-06 13:50:29,230 - flwr - INFO - 	              (16, 0.6813637272545491),
2025-12-06 13:50:29,230 - flwr - INFO - 	              (17, 0.6832633473305338),
2025-12-06 13:50:29,230 - flwr - INFO - 	              (18, 0.6912617476504699),
2025-12-06 13:50:29,230 - flwr - INFO - 	              (19, 0.6972605478904219),
2025-12-06 13:50:29,230 - flwr - INFO - 	              (20, 0.7024595080983803),
2025-12-06 13:50:29,230 - flwr - INFO - 	              (21, 0.7068586282743451),
2025-12-06 13:50:29,230 - flwr - INFO - 	              (22, 0.7083583283343331),
2025-12-06 13:50:29,230 - flwr - INFO - 	              (23, 0.7110577884423115),
2025-12-06 13:50:29,230 - flwr - INFO - 	              (24, 0.712257548490302),
2025-12-06 13:50:29,230 - flwr - INFO - 	              (25, 0.714257148570286),
2025-12-06 13:50:29,230 - flwr - INFO - 	              (26, 0.7144571085782844),
2025-12-06 13:50:29,230 - flwr - INFO - 	              (27, 0.7162567486502699),
2025-12-06 13:50:29,230 - flwr - INFO - 	              (28, 0.7221555688862228),
2025-12-06 13:50:29,230 - flwr - INFO - 	              (29, 0.7224555088982204),
2025-12-06 13:50:29,230 - flwr - INFO - 	              (30, 0.7193561287742452),
2025-12-06 13:50:29,230 - flwr - INFO - 	              (31, 0.7197560487902419),
2025-12-06 13:50:29,230 - flwr - INFO - 	              (32, 0.7235552889422115),
2025-12-06 13:50:29,230 - flwr - INFO - 	              (33, 0.7249550089982003),
2025-12-06 13:50:29,230 - flwr - INFO - 	              (34, 0.7227554489102179),
2025-12-06 13:50:29,231 - flwr - INFO - 	              (35, 0.7190561887622475),
2025-12-06 13:50:29,231 - flwr - INFO - 	              (36, 0.7205558888222355),
2025-12-06 13:50:29,231 - flwr - INFO - 	              (37, 0.7245550889822036),
2025-12-06 13:50:29,231 - flwr - INFO - 	              (38, 0.7206558688262348),
2025-12-06 13:50:29,231 - flwr - INFO - 	              (39, 0.7253549290141972),
2025-12-06 13:50:29,231 - flwr - INFO - 	              (40, 0.7224555088982204),
2025-12-06 13:50:29,231 - flwr - INFO - 	              (41, 0.7184563087382524),
2025-12-06 13:50:29,231 - flwr - INFO - 	              (42, 0.7239552089582083),
2025-12-06 13:50:29,231 - flwr - INFO - 	              (43, 0.7250549890021996),
2025-12-06 13:50:29,231 - flwr - INFO - 	              (44, 0.7253549290141972),
2025-12-06 13:50:29,231 - flwr - INFO - 	              (45, 0.7255548890221956),
2025-12-06 13:50:29,231 - flwr - INFO - 	              (46, 0.7248550289942012),
2025-12-06 13:50:29,231 - flwr - INFO - 	              (47, 0.7281543691261748),
2025-12-06 13:50:29,231 - flwr - INFO - 	              (48, 0.7255548890221956),
2025-12-06 13:50:29,231 - flwr - INFO - 	              (49, 0.7226554689062188),
2025-12-06 13:50:29,231 - flwr - INFO - 	              (50, 0.7213557288542292)]}
2025-12-06 13:50:29,231 - flwr - INFO - 