INFO :      [SUMMARY]
INFO :      Run finished 50 round(s) in 2230.42s
INFO :          History (loss, distributed):
INFO :                  round 1: 2.634485626426284
INFO :                  round 2: 1.992315808063594
INFO :                  round 3: 1.801427858925274
INFO :                  round 4: 1.6756268047245568
INFO :                  round 5: 1.5815569143083663
INFO :                  round 6: 1.5164444615443855
INFO :                  round 7: 1.44943129005853
INFO :                  round 8: 1.4034877863959654
INFO :                  round 9: 1.345561210715909
INFO :                  round 10: 1.3318029350031662
INFO :                  round 11: 1.284408342789495
INFO :                  round 12: 1.2699626593302213
INFO :                  round 13: 1.2404959232610138
INFO :                  round 14: 1.2325981679469855
INFO :                  round 15: 1.2113880094350582
INFO :                  round 16: 1.2180994981790065
INFO :                  round 17: 1.2210497839395962
INFO :                  round 18: 1.1871025642866104
INFO :                  round 19: 1.2068197713862236
INFO :                  round 20: 1.213257493569137
INFO :                  round 21: 1.206878323482081
INFO :                  round 22: 1.2358976768844367
INFO :                  round 23: 1.2290335772449767
INFO :                  round 24: 1.2807413484032113
INFO :                  round 25: 1.3107932465077705
INFO :                  round 26: 1.3078679637148611
INFO :                  round 27: 1.2878185164378213
INFO :                  round 28: 1.3135533064094378
INFO :                  round 29: 1.3513369638357793
INFO :                  round 30: 1.3784278090023938
INFO :                  round 31: 1.312237541632949
INFO :                  round 32: 1.3297699583681715
INFO :                  round 33: 1.3367083661391845
INFO :                  round 34: 1.3332456082088326
INFO :                  round 35: 1.3323010114924652
INFO :                  round 36: 1.346448372591655
INFO :                  round 37: 1.323926857628625
INFO :                  round 38: 1.3578428241770546
INFO :                  round 39: 1.3966899375532023
INFO :                  round 40: 1.4116969726442368
INFO :                  round 41: 1.4529733597159713
INFO :                  round 42: 1.4384270816757099
INFO :                  round 43: 1.4521109185839456
INFO :                  round 44: 1.4974101889755536
INFO :                  round 45: 1.4717203037928586
INFO :                  round 46: 1.5087625711023127
INFO :                  round 47: 1.5190521850650711
INFO :                  round 48: 1.5763140980393275
INFO :                  round 49: 1.534038468300301
INFO :                  round 50: 1.544292446455015
INFO :          History (metrics, distributed, evaluate):
INFO :          {'accuracy': [(1, 0.16556688662267546),
INFO :                        (2, 0.2715456908618276),
INFO :                        (3, 0.33943211357728453),
INFO :                        (4, 0.3847230553889222),
INFO :                        (5, 0.4246150769846031),
INFO :                        (6, 0.4549090181963607),
INFO :                        (7, 0.47940411917616477),
INFO :                        (8, 0.5057988402319537),
INFO :                        (9, 0.5258948210357929),
INFO :                        (10, 0.5326934613077384),
INFO :                        (11, 0.5522895420915817),
INFO :                        (12, 0.5642871425714857),
INFO :                        (13, 0.5785842831433713),
INFO :                        (14, 0.5852829434113177),
INFO :                        (15, 0.5962807438512298),
INFO :                        (16, 0.5967806438712258),
INFO :                        (17, 0.5986802639472105),
INFO :                        (18, 0.6077784443111378),
INFO :                        (19, 0.608878224355129),
INFO :                        (20, 0.6199760047990401),
INFO :                        (21, 0.626874625074985),
INFO :                        (22, 0.6272745450909818),
INFO :                        (23, 0.6254749050189962),
INFO :                        (24, 0.6244751049790042),
INFO :                        (25, 0.6245750849830034),
INFO :                        (26, 0.6306738652269546),
INFO :                        (27, 0.6329734053189362),
INFO :                        (28, 0.636872625474905),
INFO :                        (29, 0.6291741651669666),
INFO :                        (30, 0.6326734653069386),
INFO :                        (31, 0.6351729654069186),
INFO :                        (32, 0.6334733053389322),
INFO :                        (33, 0.6364727054589082),
INFO :                        (34, 0.6432713457308539),
INFO :                        (35, 0.649370125974805),
INFO :                        (36, 0.642871425714857),
INFO :                        (37, 0.6386722655468906),
INFO :                        (38, 0.6441711657668466),
INFO :                        (39, 0.6426714657068586),
INFO :                        (40, 0.644371125774845),
INFO :                        (41, 0.6462707458508299),
INFO :                        (42, 0.6452709458108379),
INFO :                        (43, 0.641871625674865),
INFO :                        (44, 0.6502699460107978),
INFO :                        (45, 0.6496700659868027),
INFO :                        (46, 0.6474705058988203),
INFO :                        (47, 0.649370125974805),
INFO :                        (48, 0.6512697460507898),
INFO :                        (49, 0.6502699460107978),
INFO :                        (50, 0.6509698060387923)]}