2025-12-06 14:29:34,706 - flwr - INFO - 
2025-12-06 14:29:34,706 - flwr - INFO - [SUMMARY]
2025-12-06 14:29:34,706 - flwr - INFO - Run finished 50 round(s) in 761.59s
2025-12-06 14:29:34,707 - flwr - INFO - 	History (loss, distributed):
2025-12-06 14:29:34,707 - flwr - INFO - 		round 1: 2.2180490584712396
2025-12-06 14:29:34,707 - flwr - INFO - 		round 2: 2.087160539687714
2025-12-06 14:29:34,707 - flwr - INFO - 		round 3: 1.7015275423591416
2025-12-06 14:29:34,707 - flwr - INFO - 		round 4: 1.5767965002137543
2025-12-06 14:29:34,707 - flwr - INFO - 		round 5: 1.4887308564384139
2025-12-06 14:29:34,707 - flwr - INFO - 		round 6: 1.3833102088777522
2025-12-06 14:29:34,707 - flwr - INFO - 		round 7: 1.3409648895295498
2025-12-06 14:29:34,707 - flwr - INFO - 		round 8: 1.2753691905186555
2025-12-06 14:29:34,707 - flwr - INFO - 		round 9: 1.21767122454003
2025-12-06 14:29:34,707 - flwr - INFO - 		round 10: 1.158532282576186
2025-12-06 14:29:34,707 - flwr - INFO - 		round 11: 1.1132232168003777
2025-12-06 14:29:34,708 - flwr - INFO - 		round 12: 1.0803273554160777
2025-12-06 14:29:34,708 - flwr - INFO - 		round 13: 1.055242211137426
2025-12-06 14:29:34,708 - flwr - INFO - 		round 14: 1.0216636370554248
2025-12-06 14:29:34,708 - flwr - INFO - 		round 15: 0.9956122986646326
2025-12-06 14:29:34,708 - flwr - INFO - 		round 16: 0.9791696455454005
2025-12-06 14:29:34,708 - flwr - INFO - 		round 17: 0.9868195965874947
2025-12-06 14:29:34,708 - flwr - INFO - 		round 18: 0.9558816636574039
2025-12-06 14:29:34,708 - flwr - INFO - 		round 19: 0.9499914369702172
2025-12-06 14:29:34,708 - flwr - INFO - 		round 20: 0.9709762222971897
2025-12-06 14:29:34,708 - flwr - INFO - 		round 21: 0.9637171381082819
2025-12-06 14:29:34,708 - flwr - INFO - 		round 22: 0.9884560839016678
2025-12-06 14:29:34,708 - flwr - INFO - 		round 23: 0.9817926059919692
2025-12-06 14:29:34,708 - flwr - INFO - 		round 24: 0.9999910795740625
2025-12-06 14:29:34,708 - flwr - INFO - 		round 25: 0.9863276552127069
2025-12-06 14:29:34,708 - flwr - INFO - 		round 26: 1.0461643751928738
2025-12-06 14:29:34,708 - flwr - INFO - 		round 27: 1.0437747594690605
2025-12-06 14:29:34,708 - flwr - INFO - 		round 28: 1.041114201061488
2025-12-06 14:29:34,708 - flwr - INFO - 		round 29: 1.074715639754375
2025-12-06 14:29:34,708 - flwr - INFO - 		round 30: 1.0898128260664444
2025-12-06 14:29:34,708 - flwr - INFO - 		round 31: 0.9843987754181539
2025-12-06 14:29:34,708 - flwr - INFO - 		round 32: 0.9817514782957032
2025-12-06 14:29:34,708 - flwr - INFO - 		round 33: 0.9807952591740152
2025-12-06 14:29:34,708 - flwr - INFO - 		round 34: 1.0072054098630834
2025-12-06 14:29:34,708 - flwr - INFO - 		round 35: 1.021859254302343
2025-12-06 14:29:34,708 - flwr - INFO - 		round 36: 1.0143547460670719
2025-12-06 14:29:34,709 - flwr - INFO - 		round 37: 1.0372317038439047
2025-12-06 14:29:34,709 - flwr - INFO - 		round 38: 1.0448537261184094
2025-12-06 14:29:34,709 - flwr - INFO - 		round 39: 1.0437741644842708
2025-12-06 14:29:34,709 - flwr - INFO - 		round 40: 1.0663256054473138
2025-12-06 14:29:34,709 - flwr - INFO - 		round 41: 1.0985567506222313
2025-12-06 14:29:34,709 - flwr - INFO - 		round 42: 1.1145586377440606
2025-12-06 14:29:34,709 - flwr - INFO - 		round 43: 1.1549051537193875
2025-12-06 14:29:34,709 - flwr - INFO - 		round 44: 1.1332250691139805
2025-12-06 14:29:34,709 - flwr - INFO - 		round 45: 1.182403493959908
2025-12-06 14:29:34,709 - flwr - INFO - 		round 46: 1.1658745249311409
2025-12-06 14:29:34,709 - flwr - INFO - 		round 47: 1.1895064591940405
2025-12-06 14:29:34,709 - flwr - INFO - 		round 48: 1.174477546957947
2025-12-06 14:29:34,709 - flwr - INFO - 		round 49: 1.2000545625748047
2025-12-06 14:29:34,709 - flwr - INFO - 		round 50: 1.207658841619529
2025-12-06 14:29:34,709 - flwr - INFO - 	History (metrics, distributed, evaluate):
2025-12-06 14:29:34,709 - flwr - INFO - 	{'accuracy': [(1, 0.21355728854229153),
2025-12-06 14:29:34,709 - flwr - INFO - 	              (2, 0.250249950009998),
2025-12-06 14:29:34,709 - flwr - INFO - 	              (3, 0.3805238952209558),
2025-12-06 14:29:34,709 - flwr - INFO - 	              (4, 0.4316136772645471),
2025-12-06 14:29:34,709 - flwr - INFO - 	              (5, 0.46810637872425515),
2025-12-06 14:29:34,709 - flwr - INFO - 	              (6, 0.5071985602879424),
2025-12-06 14:29:34,709 - flwr - INFO - 	              (7, 0.5212957408518296),
2025-12-06 14:29:34,709 - flwr - INFO - 	              (8, 0.5486902619476105),
2025-12-06 14:29:34,709 - flwr - INFO - 	              (9, 0.5670865826834633),
2025-12-06 14:29:34,710 - flwr - INFO - 	              (10, 0.5915816836632674),
2025-12-06 14:29:34,710 - flwr - INFO - 	              (11, 0.613377324535093),
2025-12-06 14:29:34,710 - flwr - INFO - 	              (12, 0.6197760447910418),
2025-12-06 14:29:34,710 - flwr - INFO - 	              (13, 0.6318736252749451),
2025-12-06 14:29:34,710 - flwr - INFO - 	              (14, 0.641871625674865),
2025-12-06 14:29:34,710 - flwr - INFO - 	              (15, 0.6554689062187562),
2025-12-06 14:29:34,710 - flwr - INFO - 	              (16, 0.6592681463707258),
2025-12-06 14:29:34,710 - flwr - INFO - 	              (17, 0.6625674865026995),
2025-12-06 14:29:34,710 - flwr - INFO - 	              (18, 0.6785642871425714),
2025-12-06 14:29:34,710 - flwr - INFO - 	              (19, 0.6829634073185363),
2025-12-06 14:29:34,710 - flwr - INFO - 	              (20, 0.6813637272545491),
2025-12-06 14:29:34,710 - flwr - INFO - 	              (21, 0.6863627274545091),
2025-12-06 14:29:34,710 - flwr - INFO - 	              (22, 0.6861627674465107),
2025-12-06 14:29:34,710 - flwr - INFO - 	              (23, 0.6888622275544891),
2025-12-06 14:29:34,710 - flwr - INFO - 	              (24, 0.6885622875424915),
2025-12-06 14:29:34,710 - flwr - INFO - 	              (25, 0.6970605878824235),
2025-12-06 14:29:34,710 - flwr - INFO - 	              (26, 0.6896620675864827),
2025-12-06 14:29:34,710 - flwr - INFO - 	              (27, 0.6947610477904419),
2025-12-06 14:29:34,710 - flwr - INFO - 	              (28, 0.6960607878424315),
2025-12-06 14:29:34,710 - flwr - INFO - 	              (29, 0.7002599480103979),
2025-12-06 14:29:34,710 - flwr - INFO - 	              (30, 0.6997600479904019),
2025-12-06 14:29:34,710 - flwr - INFO - 	              (31, 0.7078584283143371),
2025-12-06 14:29:34,710 - flwr - INFO - 	              (32, 0.7075584883023396),
2025-12-06 14:29:34,710 - flwr - INFO - 	              (33, 0.7093581283743251),
2025-12-06 14:29:34,710 - flwr - INFO - 	              (34, 0.709258148370326),
2025-12-06 14:29:34,711 - flwr - INFO - 	              (35, 0.7163567286542691),
2025-12-06 14:29:34,711 - flwr - INFO - 	              (36, 0.7114577084583084),
2025-12-06 14:29:34,711 - flwr - INFO - 	              (37, 0.7159568086382724),
2025-12-06 14:29:34,711 - flwr - INFO - 	              (38, 0.7163567286542691),
2025-12-06 14:29:34,711 - flwr - INFO - 	              (39, 0.7164567086582684),
2025-12-06 14:29:34,711 - flwr - INFO - 	              (40, 0.7154569086182764),
2025-12-06 14:29:34,711 - flwr - INFO - 	              (41, 0.7149570085982804),
2025-12-06 14:29:34,711 - flwr - INFO - 	              (42, 0.7185562887422515),
2025-12-06 14:29:34,711 - flwr - INFO - 	              (43, 0.7130573885222955),
2025-12-06 14:29:34,711 - flwr - INFO - 	              (44, 0.7170565886822635),
2025-12-06 14:29:34,711 - flwr - INFO - 	              (45, 0.7168566286742651),
2025-12-06 14:29:34,711 - flwr - INFO - 	              (46, 0.714757048590282),
2025-12-06 14:29:34,711 - flwr - INFO - 	              (47, 0.7182563487302539),
2025-12-06 14:29:34,711 - flwr - INFO - 	              (48, 0.7215556888622275),
2025-12-06 14:29:34,711 - flwr - INFO - 	              (49, 0.7233553289342132),
2025-12-06 14:29:34,711 - flwr - INFO - 	              (50, 0.7204559088182364)]}
2025-12-06 14:29:34,711 - flwr - INFO - 