2025-12-06 14:09:16,596 - flwr - INFO - 
2025-12-06 14:09:16,596 - flwr - INFO - [SUMMARY]
2025-12-06 14:09:16,596 - flwr - INFO - Run finished 50 round(s) in 766.39s
2025-12-06 14:09:16,597 - flwr - INFO - 	History (loss, distributed):
2025-12-06 14:09:16,597 - flwr - INFO - 		round 1: 2.2128875254187994
2025-12-06 14:09:16,597 - flwr - INFO - 		round 2: 1.9779332234195324
2025-12-06 14:09:16,597 - flwr - INFO - 		round 3: 1.6592112436001774
2025-12-06 14:09:16,597 - flwr - INFO - 		round 4: 1.5358329084122186
2025-12-06 14:09:16,597 - flwr - INFO - 		round 5: 1.4374243896421073
2025-12-06 14:09:16,597 - flwr - INFO - 		round 6: 1.3587388834191456
2025-12-06 14:09:16,597 - flwr - INFO - 		round 7: 1.2897946744372837
2025-12-06 14:09:16,597 - flwr - INFO - 		round 8: 1.2327095656388538
2025-12-06 14:09:16,597 - flwr - INFO - 		round 9: 1.1476144864653146
2025-12-06 14:09:16,597 - flwr - INFO - 		round 10: 1.1064221877560299
2025-12-06 14:09:16,597 - flwr - INFO - 		round 11: 1.0861343094346787
2025-12-06 14:09:16,597 - flwr - INFO - 		round 12: 1.0539952600206806
2025-12-06 14:09:16,597 - flwr - INFO - 		round 13: 1.0207147107168344
2025-12-06 14:09:16,597 - flwr - INFO - 		round 14: 1.018916257850074
2025-12-06 14:09:16,597 - flwr - INFO - 		round 15: 1.0056522642651486
2025-12-06 14:09:16,598 - flwr - INFO - 		round 16: 0.9745127912267435
2025-12-06 14:09:16,598 - flwr - INFO - 		round 17: 0.9473604307610569
2025-12-06 14:09:16,598 - flwr - INFO - 		round 18: 0.9502137170837583
2025-12-06 14:09:16,598 - flwr - INFO - 		round 19: 0.9535234576476198
2025-12-06 14:09:16,598 - flwr - INFO - 		round 20: 0.9374077861397233
2025-12-06 14:09:16,598 - flwr - INFO - 		round 21: 0.945881109768078
2025-12-06 14:09:16,598 - flwr - INFO - 		round 22: 0.958688489730021
2025-12-06 14:09:16,598 - flwr - INFO - 		round 23: 0.962968980365821
2025-12-06 14:09:16,598 - flwr - INFO - 		round 24: 0.9950510892068807
2025-12-06 14:09:16,598 - flwr - INFO - 		round 25: 0.9617397588958954
2025-12-06 14:09:16,598 - flwr - INFO - 		round 26: 0.9773568957914534
2025-12-06 14:09:16,598 - flwr - INFO - 		round 27: 1.007178834250454
2025-12-06 14:09:16,598 - flwr - INFO - 		round 28: 1.083778998807335
2025-12-06 14:09:16,598 - flwr - INFO - 		round 29: 1.0642825582022988
2025-12-06 14:09:16,598 - flwr - INFO - 		round 30: 1.123568268129069
2025-12-06 14:09:16,598 - flwr - INFO - 		round 31: 0.9930538477631589
2025-12-06 14:09:16,598 - flwr - INFO - 		round 32: 1.004733088270108
2025-12-06 14:09:16,598 - flwr - INFO - 		round 33: 0.9923552845995233
2025-12-06 14:09:16,598 - flwr - INFO - 		round 34: 1.0033933283213183
2025-12-06 14:09:16,598 - flwr - INFO - 		round 35: 1.0310529972029383
2025-12-06 14:09:16,598 - flwr - INFO - 		round 36: 1.0410924727749042
2025-12-06 14:09:16,598 - flwr - INFO - 		round 37: 1.0508145536169282
2025-12-06 14:09:16,598 - flwr - INFO - 		round 38: 1.0453990235377784
2025-12-06 14:09:16,598 - flwr - INFO - 		round 39: 1.0513820394309243
2025-12-06 14:09:16,599 - flwr - INFO - 		round 40: 1.096272727919252
2025-12-06 14:09:16,599 - flwr - INFO - 		round 41: 1.130944089948051
2025-12-06 14:09:16,599 - flwr - INFO - 		round 42: 1.1315413584739389
2025-12-06 14:09:16,599 - flwr - INFO - 		round 43: 1.1053919717095873
2025-12-06 14:09:16,599 - flwr - INFO - 		round 44: 1.1602261992947782
2025-12-06 14:09:16,599 - flwr - INFO - 		round 45: 1.143421356315262
2025-12-06 14:09:16,599 - flwr - INFO - 		round 46: 1.105984003449286
2025-12-06 14:09:16,599 - flwr - INFO - 		round 47: 1.16771523791089
2025-12-06 14:09:16,599 - flwr - INFO - 		round 48: 1.1672750949107122
2025-12-06 14:09:16,599 - flwr - INFO - 		round 49: 1.221840888077553
2025-12-06 14:09:16,599 - flwr - INFO - 		round 50: 1.20486883432781
2025-12-06 14:09:16,599 - flwr - INFO - 	History (metrics, distributed, evaluate):
2025-12-06 14:09:16,599 - flwr - INFO - 	{'accuracy': [(1, 0.1822635472905419),
2025-12-06 14:09:16,599 - flwr - INFO - 	              (2, 0.3018396320735853),
2025-12-06 14:09:16,599 - flwr - INFO - 	              (3, 0.39112177564487105),
2025-12-06 14:09:16,599 - flwr - INFO - 	              (4, 0.44311137772445514),
2025-12-06 14:09:16,599 - flwr - INFO - 	              (5, 0.48570285942811436),
2025-12-06 14:09:16,599 - flwr - INFO - 	              (6, 0.5147970405918816),
2025-12-06 14:09:16,599 - flwr - INFO - 	              (7, 0.5379924015196961),
2025-12-06 14:09:16,599 - flwr - INFO - 	              (8, 0.5684863027394521),
2025-12-06 14:09:16,599 - flwr - INFO - 	              (9, 0.5996800639872025),
2025-12-06 14:09:16,599 - flwr - INFO - 	              (10, 0.616876624675065),
2025-12-06 14:09:16,600 - flwr - INFO - 	              (11, 0.6211757648470306),
2025-12-06 14:09:16,600 - flwr - INFO - 	              (12, 0.6364727054589082),
2025-12-06 14:09:16,600 - flwr - INFO - 	              (13, 0.6491701659668067),
2025-12-06 14:09:16,600 - flwr - INFO - 	              (14, 0.6514697060587883),
2025-12-06 14:09:16,600 - flwr - INFO - 	              (15, 0.6536692661467707),
2025-12-06 14:09:16,600 - flwr - INFO - 	              (16, 0.6714657068586283),
2025-12-06 14:09:16,600 - flwr - INFO - 	              (17, 0.6802639472105579),
2025-12-06 14:09:16,600 - flwr - INFO - 	              (18, 0.6824635072985403),
2025-12-06 14:09:16,600 - flwr - INFO - 	              (19, 0.6913617276544691),
2025-12-06 14:09:16,600 - flwr - INFO - 	              (20, 0.6925614877024595),
2025-12-06 14:09:16,600 - flwr - INFO - 	              (21, 0.6895620875824835),
2025-12-06 14:09:16,600 - flwr - INFO - 	              (22, 0.6904619076184763),
2025-12-06 14:09:16,600 - flwr - INFO - 	              (23, 0.6998600279944012),
2025-12-06 14:09:16,600 - flwr - INFO - 	              (24, 0.6937612477504499),
2025-12-06 14:09:16,600 - flwr - INFO - 	              (25, 0.7063587282543491),
2025-12-06 14:09:16,600 - flwr - INFO - 	              (26, 0.70875824835033),
2025-12-06 14:09:16,600 - flwr - INFO - 	              (27, 0.7049590081983603),
2025-12-06 14:09:16,600 - flwr - INFO - 	              (28, 0.6984603079384123),
2025-12-06 14:09:16,600 - flwr - INFO - 	              (29, 0.7066586682663467),
2025-12-06 14:09:16,600 - flwr - INFO - 	              (30, 0.7033593281343731),
2025-12-06 14:09:16,600 - flwr - INFO - 	              (31, 0.7141571685662867),
2025-12-06 14:09:16,600 - flwr - INFO - 	              (32, 0.7153569286142771),
2025-12-06 14:09:16,600 - flwr - INFO - 	              (33, 0.7184563087382524),
2025-12-06 14:09:16,600 - flwr - INFO - 	              (34, 0.7156568686262748),
2025-12-06 14:09:16,600 - flwr - INFO - 	              (35, 0.7167566486702659),
2025-12-06 14:09:16,600 - flwr - INFO - 	              (36, 0.7228554289142172),
2025-12-06 14:09:16,601 - flwr - INFO - 	              (37, 0.7192561487702459),
2025-12-06 14:09:16,601 - flwr - INFO - 	              (38, 0.7215556888622275),
2025-12-06 14:09:16,601 - flwr - INFO - 	              (39, 0.7214557088582284),
2025-12-06 14:09:16,601 - flwr - INFO - 	              (40, 0.7252549490101979),
2025-12-06 14:09:16,601 - flwr - INFO - 	              (41, 0.7259548090381923),
2025-12-06 14:09:16,601 - flwr - INFO - 	              (42, 0.7237552489502099),
2025-12-06 14:09:16,601 - flwr - INFO - 	              (43, 0.7225554889022195),
2025-12-06 14:09:16,601 - flwr - INFO - 	              (44, 0.7220555888822235),
2025-12-06 14:09:16,601 - flwr - INFO - 	              (45, 0.7240551889622076),
2025-12-06 14:09:16,601 - flwr - INFO - 	              (46, 0.7206558688262348),
2025-12-06 14:09:16,601 - flwr - INFO - 	              (47, 0.7239552089582083),
2025-12-06 14:09:16,601 - flwr - INFO - 	              (48, 0.7235552889422115),
2025-12-06 14:09:16,601 - flwr - INFO - 	              (49, 0.7262547490501899),
2025-12-06 14:09:16,601 - flwr - INFO - 	              (50, 0.7295540891821636)]}
2025-12-06 14:09:16,601 - flwr - INFO - 