(ClientAppActor pid=33901) Client: 1 took 0.5219 seconds to evaluate.
(ClientAppActor pid=33900) Client: 3 took 7.7256 seconds to fit.
INFO :      aggregate_evaluate: received 5 results and 0 failures
Results of aggregate evaluate: (1.6323121784904788, {'accuracy': 0.6602679464107178})
INFO :      
INFO :      [SUMMARY]
INFO :      Run finished 50 round(s) in 1230.57s
INFO :          History (loss, distributed):
INFO :                  round 1: 2.401930081332367
INFO :                  round 2: 2.1030283532984764
INFO :                  round 3: 1.8150123580353525
INFO :                  round 4: 1.7028137954873754
INFO :                  round 5: 1.5915253448389743
INFO :                  round 6: 1.490294058829857
INFO :                  round 7: 1.407768041519157
INFO :                  round 8: 1.3691742894175802
INFO :                  round 9: 1.3187149319188025
INFO :                  round 10: 1.292822752194819
INFO :                  round 11: 1.257175611224706
INFO :                  round 12: 1.2367805850625024
INFO :                  round 13: 1.1998342334546601
INFO :                  round 14: 1.1859889954511003
INFO :                  round 15: 1.176539399656827
INFO :                  round 16: 1.167525046850745
INFO :                  round 17: 1.1676471800325507
INFO :                  round 18: 1.1490785522102342
INFO :                  round 19: 1.1616804506302465
INFO :                  round 20: 1.167437686396076
INFO :                  round 21: 1.1769773735725741
INFO :                  round 22: 1.2136810726030507
INFO :                  round 23: 1.2184345848598221
INFO :                  round 24: 1.2131350814832398
INFO :                  round 25: 1.2465452642644115
INFO :                  round 26: 1.249224853526196
INFO :                  round 27: 1.3012539936980247
INFO :                  round 28: 1.3312445471912864
INFO :                  round 29: 1.355668234241791
INFO :                  round 30: 1.3908829773216869
INFO :                  round 31: 1.326988934619668
INFO :                  round 32: 1.2862287137699306
INFO :                  round 33: 1.3154142106430073
INFO :                  round 34: 1.3708320745117923
INFO :                  round 35: 1.3684010886680649
INFO :                  round 36: 1.3816249086861883
INFO :                  round 37: 1.3916880969481458
INFO :                  round 38: 1.4050169228743714
INFO :                  round 39: 1.4363623347736338
INFO :                  round 40: 1.429564408910319
INFO :                  round 41: 1.4638458445289577
INFO :                  round 42: 1.5017217082948056
INFO :                  round 43: 1.5707671964079994
INFO :                  round 44: 1.473289028401481
INFO :                  round 45: 1.5834056407844548
INFO :                  round 46: 1.573104035946977
INFO :                  round 47: 1.641574196084088
INFO :                  round 48: 1.6389283879295533
INFO :                  round 49: 1.6507443942853477
INFO :                  round 50: 1.6323121784904788
INFO :          History (metrics, distributed, evaluate):
INFO :          {'accuracy': [(1, 0.21175764847030593),
INFO :                        (2, 0.23595280943811237),
INFO :                        (3, 0.33303339332133575),
INFO :                        (4, 0.3747250549890022),
INFO :                        (5, 0.42091581683663265),
INFO :                        (6, 0.46740651869626076),
INFO :                        (7, 0.5065986802639472),
INFO :                        (8, 0.518396320735853),
INFO :                        (9, 0.5342931413717257),
INFO :                        (10, 0.5511897620475905),
INFO :                        (11, 0.5640871825634873),
INFO :                        (12, 0.5747850429914018),
INFO :                        (13, 0.5886822635472906),
INFO :                        (14, 0.5994801039792041),
INFO :                        (15, 0.6043791241751649),
INFO :                        (16, 0.6109778044391122),
INFO :                        (17, 0.6200759848030394),
INFO :                        (18, 0.6244751049790042),
INFO :                        (19, 0.6210757848430314),
INFO :                        (20, 0.6260747850429914),
INFO :                        (21, 0.628374325134973),
INFO :                        (22, 0.628874225154969),
INFO :                        (23, 0.6312737452509498),
INFO :                        (24, 0.6314737052589482),
INFO :                        (25, 0.6349730053989202),
INFO :                        (26, 0.6354729054189162),
INFO :                        (27, 0.6406718656268746),
INFO :                        (28, 0.6401719656068786),
INFO :                        (29, 0.6409718056388722),
INFO :                        (30, 0.640371925614877),
INFO :                        (31, 0.6446710657868426),
INFO :                        (32, 0.6470705858828234),
INFO :                        (33, 0.6462707458508299),
INFO :                        (34, 0.6455708858228354),
INFO :                        (35, 0.6451709658068386),
INFO :                        (36, 0.6510697860427914),
INFO :                        (37, 0.649370125974805),
INFO :                        (38, 0.6531693661267747),
INFO :                        (39, 0.6547690461907618),
INFO :                        (40, 0.6514697060587883),
INFO :                        (41, 0.6572685462907418),
INFO :                        (42, 0.6532693461307738),
INFO :                        (43, 0.647370525894821),
INFO :                        (44, 0.6520695860827834),
INFO :                        (45, 0.6509698060387923),
INFO :                        (46, 0.651369726054789),
INFO :                        (47, 0.6507698460307938),
INFO :                        (48, 0.6540691861627674),
INFO :                        (49, 0.6566686662667467),
INFO :                        (50, 0.6602679464107178)]}
INFO :      