2025-12-06 13:15:17,335 - flwr - INFO - 
2025-12-06 13:15:17,335 - flwr - INFO - [SUMMARY]
2025-12-06 13:15:17,335 - flwr - INFO - Run finished 50 round(s) in 763.27s
2025-12-06 13:15:17,336 - flwr - INFO - 	History (loss, distributed):
2025-12-06 13:15:17,336 - flwr - INFO - 		round 1: 2.567384752882617
2025-12-06 13:15:17,336 - flwr - INFO - 		round 2: 2.064677406742642
2025-12-06 13:15:17,336 - flwr - INFO - 		round 3: 1.8153889385205728
2025-12-06 13:15:17,336 - flwr - INFO - 		round 4: 1.6634511154853853
2025-12-06 13:15:17,336 - flwr - INFO - 		round 5: 1.5805337853652355
2025-12-06 13:15:17,336 - flwr - INFO - 		round 6: 1.4863851565423911
2025-12-06 13:15:17,336 - flwr - INFO - 		round 7: 1.5702675352762856
2025-12-06 13:15:17,336 - flwr - INFO - 		round 8: 1.5308393785074452
2025-12-06 13:15:17,336 - flwr - INFO - 		round 9: 1.4950487828555172
2025-12-06 13:15:17,336 - flwr - INFO - 		round 10: 1.4761785934172862
2025-12-06 13:15:17,337 - flwr - INFO - 		round 11: 1.475914800624706
2025-12-06 13:15:17,337 - flwr - INFO - 		round 12: 1.434920603256855
2025-12-06 13:15:17,337 - flwr - INFO - 		round 13: 1.3981247717901697
2025-12-06 13:15:17,337 - flwr - INFO - 		round 14: 1.3710928581449153
2025-12-06 13:15:17,337 - flwr - INFO - 		round 15: 1.38068742242506
2025-12-06 13:15:17,337 - flwr - INFO - 		round 16: 1.3386994416926397
2025-12-06 13:15:17,337 - flwr - INFO - 		round 17: 1.3676424163887904
2025-12-06 13:15:17,337 - flwr - INFO - 		round 18: 1.4584684246024702
2025-12-06 13:15:17,337 - flwr - INFO - 		round 19: 1.4228002041596095
2025-12-06 13:15:17,337 - flwr - INFO - 		round 20: 1.4294007142790806
2025-12-06 13:15:17,337 - flwr - INFO - 		round 21: 1.4238476435305945
2025-12-06 13:15:17,337 - flwr - INFO - 		round 22: 1.495336636384279
2025-12-06 13:15:17,337 - flwr - INFO - 		round 23: 1.4885896621349797
2025-12-06 13:15:17,337 - flwr - INFO - 		round 24: 1.473820056499126
2025-12-06 13:15:17,337 - flwr - INFO - 		round 25: 1.511181297406895
2025-12-06 13:15:17,337 - flwr - INFO - 		round 26: 1.5512998553772686
2025-12-06 13:15:17,337 - flwr - INFO - 		round 27: 1.6125930058689324
2025-12-06 13:15:17,337 - flwr - INFO - 		round 28: 1.616061076199939
2025-12-06 13:15:17,337 - flwr - INFO - 		round 29: 1.6693051592748247
2025-12-06 13:15:17,337 - flwr - INFO - 		round 30: 1.7527335436227036
2025-12-06 13:15:17,338 - flwr - INFO - 		round 31: 1.393898318041648
2025-12-06 13:15:17,338 - flwr - INFO - 		round 32: 1.4319951118496648
2025-12-06 13:15:17,338 - flwr - INFO - 		round 33: 1.4130621746383925
2025-12-06 13:15:17,338 - flwr - INFO - 		round 34: 1.441349653105186
2025-12-06 13:15:17,338 - flwr - INFO - 		round 35: 1.4161124580830506
2025-12-06 13:15:17,338 - flwr - INFO - 		round 36: 1.4623496094247193
2025-12-06 13:15:17,338 - flwr - INFO - 		round 37: 1.4823111676609344
2025-12-06 13:15:17,338 - flwr - INFO - 		round 38: 1.4752090626174241
2025-12-06 13:15:17,338 - flwr - INFO - 		round 39: 1.4549053337915305
2025-12-06 13:15:17,338 - flwr - INFO - 		round 40: 1.5603035707615271
2025-12-06 13:15:17,338 - flwr - INFO - 		round 41: 1.5517683399618627
2025-12-06 13:15:17,338 - flwr - INFO - 		round 42: 1.5154943646899124
2025-12-06 13:15:17,338 - flwr - INFO - 		round 43: 1.5427458792821134
2025-12-06 13:15:17,338 - flwr - INFO - 		round 44: 1.5322259249422892
2025-12-06 13:15:17,338 - flwr - INFO - 		round 45: 1.6223716101534555
2025-12-06 13:15:17,338 - flwr - INFO - 		round 46: 1.6009253542021424
2025-12-06 13:15:17,338 - flwr - INFO - 		round 47: 1.695663995310427
2025-12-06 13:15:17,338 - flwr - INFO - 		round 48: 1.6561178000548786
2025-12-06 13:15:17,338 - flwr - INFO - 		round 49: 1.67469184080452
2025-12-06 13:15:17,338 - flwr - INFO - 		round 50: 1.6684863279416728
2025-12-06 13:15:17,339 - flwr - INFO - 	History (metrics, distributed, evaluate):
2025-12-06 13:15:17,339 - flwr - INFO - 	{'accuracy': [(1, 0.21465706858628275),
2025-12-06 13:15:17,339 - flwr - INFO - 	              (2, 0.2498500299940012),
2025-12-06 13:15:17,339 - flwr - INFO - 	              (3, 0.33673265346930614),
2025-12-06 13:15:17,339 - flwr - INFO - 	              (4, 0.3935212957408518),
2025-12-06 13:15:17,339 - flwr - INFO - 	              (5, 0.4267146570685863),
2025-12-06 13:15:17,339 - flwr - INFO - 	              (6, 0.46740651869626076),
2025-12-06 13:15:17,339 - flwr - INFO - 	              (7, 0.4532093581283743),
2025-12-06 13:15:17,339 - flwr - INFO - 	              (8, 0.48120375924815034),
2025-12-06 13:15:17,339 - flwr - INFO - 	              (9, 0.4938012397520496),
2025-12-06 13:15:17,339 - flwr - INFO - 	              (10, 0.5097980403919217),
2025-12-06 13:15:17,339 - flwr - INFO - 	              (11, 0.5215956808638272),
2025-12-06 13:15:17,339 - flwr - INFO - 	              (12, 0.5425914817036592),
2025-12-06 13:15:17,339 - flwr - INFO - 	              (13, 0.5509898020395921),
2025-12-06 13:15:17,339 - flwr - INFO - 	              (14, 0.5658868226354729),
2025-12-06 13:15:17,339 - flwr - INFO - 	              (15, 0.5721855628874225),
2025-12-06 13:15:17,339 - flwr - INFO - 	              (16, 0.5879824035192961),
2025-12-06 13:15:17,339 - flwr - INFO - 	              (17, 0.5861827634473106),
2025-12-06 13:15:17,339 - flwr - INFO - 	              (18, 0.5855828834233153),
2025-12-06 13:15:17,340 - flwr - INFO - 	              (19, 0.5919816036792641),
2025-12-06 13:15:17,340 - flwr - INFO - 	              (20, 0.5980803839232154),
2025-12-06 13:15:17,340 - flwr - INFO - 	              (21, 0.6052789442111578),
2025-12-06 13:15:17,340 - flwr - INFO - 	              (22, 0.6014797040591882),
2025-12-06 13:15:17,340 - flwr - INFO - 	              (23, 0.6041791641671665),
2025-12-06 13:15:17,340 - flwr - INFO - 	              (24, 0.6117776444711058),
2025-12-06 13:15:17,340 - flwr - INFO - 	              (25, 0.613877224555089),
2025-12-06 13:15:17,340 - flwr - INFO - 	              (26, 0.6126774645070986),
2025-12-06 13:15:17,340 - flwr - INFO - 	              (27, 0.613377324535093),
2025-12-06 13:15:17,340 - flwr - INFO - 	              (28, 0.6102779444111178),
2025-12-06 13:15:17,340 - flwr - INFO - 	              (29, 0.6139772045590882),
2025-12-06 13:15:17,340 - flwr - INFO - 	              (30, 0.6117776444711058),
2025-12-06 13:15:17,340 - flwr - INFO - 	              (31, 0.6411717656468706),
2025-12-06 13:15:17,340 - flwr - INFO - 	              (32, 0.6440711857628474),
2025-12-06 13:15:17,340 - flwr - INFO - 	              (33, 0.6465706858628274),
2025-12-06 13:15:17,340 - flwr - INFO - 	              (34, 0.6444711057788443),
2025-12-06 13:15:17,340 - flwr - INFO - 	              (35, 0.6480703859228154),
2025-12-06 13:15:17,340 - flwr - INFO - 	              (36, 0.6520695860827834),
2025-12-06 13:15:17,341 - flwr - INFO - 	              (37, 0.6500699860027994),
2025-12-06 13:15:17,341 - flwr - INFO - 	              (38, 0.6547690461907618),
2025-12-06 13:15:17,341 - flwr - INFO - 	              (39, 0.647370525894821),
2025-12-06 13:15:17,341 - flwr - INFO - 	              (40, 0.6517696460707858),
2025-12-06 13:15:17,341 - flwr - INFO - 	              (41, 0.6501699660067987),
2025-12-06 13:15:17,341 - flwr - INFO - 	              (42, 0.6546690661867627),
2025-12-06 13:15:17,341 - flwr - INFO - 	              (43, 0.652869426114777),
2025-12-06 13:15:17,341 - flwr - INFO - 	              (44, 0.6517696460707858),
2025-12-06 13:15:17,341 - flwr - INFO - 	              (45, 0.6531693661267747),
2025-12-06 13:15:17,341 - flwr - INFO - 	              (46, 0.6579684063187362),
2025-12-06 13:15:17,341 - flwr - INFO - 	              (47, 0.6563687262547491),
2025-12-06 13:15:17,341 - flwr - INFO - 	              (48, 0.6531693661267747),
2025-12-06 13:15:17,341 - flwr - INFO - 	              (49, 0.6599680063987202),
2025-12-06 13:15:17,341 - flwr - INFO - 	              (50, 0.6571685662867427)]}
2025-12-06 13:15:17,341 - flwr - INFO - 
2025-12-06 13:15:18,287 - flwr - WARNING - Manually terminating ClientAppActor