INFO :      
INFO :      [SUMMARY]
INFO :      Run finished 50 round(s) in 1236.69s
INFO :          History (loss, distributed):
INFO :                  round 1: 2.5596738752644272
INFO :                  round 2: 2.0451918997406775
INFO :                  round 3: 1.7583160297553462
INFO :                  round 4: 1.6822135776421192
INFO :                  round 5: 1.5672481126427096
INFO :                  round 6: 1.4936105450717931
INFO :                  round 7: 1.420171431733022
INFO :                  round 8: 1.3542540775207552
INFO :                  round 9: 1.3017910222954256
INFO :                  round 10: 1.2889438552194616
INFO :                  round 11: 1.2495923222883951
INFO :                  round 12: 1.2364280246570738
INFO :                  round 13: 1.232108165444442
INFO :                  round 14: 1.1987081692199997
INFO :                  round 15: 1.1744237569968121
INFO :                  round 16: 1.165196891318924
INFO :                  round 17: 1.1743099371719956
INFO :                  round 18: 1.1804558032325665
INFO :                  round 19: 1.1690563223151194
INFO :                  round 20: 1.1921875306298666
INFO :                  round 21: 1.225011698110308
INFO :                  round 22: 1.205790627371693
INFO :                  round 23: 1.2379463007504201
INFO :                  round 24: 1.2474243702449197
INFO :                  round 25: 1.2804845577395534
INFO :                  round 26: 1.287670603886753
INFO :                  round 27: 1.3119650617333123
INFO :                  round 28: 1.3431841327356326
INFO :                  round 29: 1.3851942179579522
INFO :                  round 30: 1.4037553825432287
INFO :                  round 31: 1.319340336693602
INFO :                  round 32: 1.323240324498198
INFO :                  round 33: 1.323145457864073
INFO :                  round 34: 1.3615114877042334
INFO :                  round 35: 1.3564629403994506
INFO :                  round 36: 1.393536444379924
INFO :                  round 37: 1.4035057688925605
INFO :                  round 38: 1.4126592990149758
INFO :                  round 39: 1.4532605502057538
INFO :                  round 40: 1.4499048806410286
INFO :                  round 41: 1.494064834633108
INFO :                  round 42: 1.5221502700882659
INFO :                  round 43: 1.5399028951582512
INFO :                  round 44: 1.582858243129004
INFO :                  round 45: 1.5574452138006813
INFO :                  round 46: 1.5555119344170354
INFO :                  round 47: 1.614023378643074
INFO :                  round 48: 1.6147624045603313
INFO :                  round 49: 1.58716175986751
INFO :                  round 50: 1.6241450206621886
INFO :          History (metrics, distributed, evaluate):
INFO :          {'accuracy': [(1, 0.16726654669066188),
INFO :                        (2, 0.2543491301739652),
INFO :                        (3, 0.36102779444111177),
INFO :                        (4, 0.3857228554289142),
INFO :                        (5, 0.4337132573485303),
INFO :                        (6, 0.4709058188362327),
INFO :                        (7, 0.4886022795440912),
INFO :                        (8, 0.5147970405918816),
INFO :                        (9, 0.5378924215156968),
INFO :                        (10, 0.5493901219756049),
INFO :                        (11, 0.5667866426714657),
INFO :                        (12, 0.5798840231953609),
INFO :                        (13, 0.5808838232353529),
INFO :                        (14, 0.595880823835233),
INFO :                        (15, 0.6046790641871626),
INFO :                        (16, 0.6136772645470906),
INFO :                        (17, 0.6146770645870826),
INFO :                        (18, 0.6152769446110777),
INFO :                        (19, 0.6230753849230154),
INFO :                        (20, 0.6261747650469907),
INFO :                        (21, 0.6280743851229754),
INFO :                        (22, 0.6329734053189362),
INFO :                        (23, 0.6324735052989402),
INFO :                        (24, 0.6355728854229155),
INFO :                        (25, 0.634373125374925),
INFO :                        (26, 0.6372725454909018),
INFO :                        (27, 0.6406718656268746),
INFO :                        (28, 0.6360727854429115),
INFO :                        (29, 0.6354729054189162),
INFO :                        (30, 0.636872625474905),
INFO :                        (31, 0.644371125774845),
INFO :                        (32, 0.6471705658868226),
INFO :                        (33, 0.6459708058388323),
INFO :                        (34, 0.6481703659268147),
INFO :                        (35, 0.6482703459308138),
INFO :                        (36, 0.648870225954809),
INFO :                        (37, 0.6471705658868226),
INFO :                        (38, 0.6452709458108379),
INFO :                        (39, 0.6545690861827634),
INFO :                        (40, 0.6550689862027594),
INFO :                        (41, 0.6525694861027794),
INFO :                        (42, 0.6487702459508098),
INFO :                        (43, 0.6512697460507898),
INFO :                        (44, 0.6516696660667867),
INFO :                        (45, 0.6557688462307538),
INFO :                        (46, 0.6466706658668266),
INFO :                        (47, 0.6437712457508499),
INFO :                        (48, 0.6489702059588083),
INFO :                        (49, 0.651869626074785),
INFO :                        (50, 0.650869826034793)]}