INFO :      [SUMMARY]
INFO :      Run finished 50 round(s) in 1002.99s
INFO :          History (loss, distributed):
INFO :                  round 1: 2.378647370513613
INFO :                  round 2: 2.0153822653695745
INFO :                  round 3: 1.8131455319122671
INFO :                  round 4: 1.6980255181735617
INFO :                  round 5: 1.5895853816825227
INFO :                  round 6: 1.4973584702662588
INFO :                  round 7: 1.4259552376352687
INFO :                  round 8: 1.3985840287719489
INFO :                  round 9: 1.3406645554003478
INFO :                  round 10: 1.3057017424951558
INFO :                  round 11: 1.26573464902046
INFO :                  round 12: 1.2686887385939192
INFO :                  round 13: 1.2273531178805652
INFO :                  round 14: 1.2197965039082246
INFO :                  round 15: 1.2330745116557944
INFO :                  round 16: 1.225159516652796
INFO :                  round 17: 1.1945410900105542
INFO :                  round 18: 1.1878487132151991
INFO :                  round 19: 1.2039851021715435
INFO :                  round 20: 1.2482264080684309
INFO :                  round 21: 1.2520231659732068
INFO :                  round 22: 1.2903617636575173
INFO :                  round 23: 1.2827653770736698
INFO :                  round 24: 1.2896469880383792
INFO :                  round 25: 1.3177932903267184
INFO :                  round 26: 1.328812409984076
INFO :                  round 27: 1.3950723568362602
INFO :                  round 28: 1.426418671235593
INFO :                  round 29: 1.4422611137137549
INFO :                  round 30: 1.4573202661351312
INFO :                  round 31: 1.3933539711906986
INFO :                  round 32: 1.3864792841929157
INFO :                  round 33: 1.3979647570308509
INFO :                  round 34: 1.431972548325772
INFO :                  round 35: 1.4340862176296594
INFO :                  round 36: 1.3665895156425587
INFO :                  round 37: 1.4571965958656359
INFO :                  round 38: 1.4643717425340659
INFO :                  round 39: 1.4481603225311606
INFO :                  round 40: 1.4836743301168647
INFO :                  round 41: 1.499926859960222
INFO :                  round 42: 1.5354481950252301
INFO :                  round 43: 1.5314513056025427
INFO :                  round 44: 1.5488603686188358
INFO :                  round 45: 1.5526330762047098
INFO :                  round 46: 1.499194886443679
INFO :                  round 47: 1.6353084197662737
INFO :                  round 48: 1.617888792693698
INFO :                  round 49: 1.5910428429439603
INFO :                  round 50: 1.6645372360383432
INFO :          History (metrics, distributed, evaluate):
INFO :          {'accuracy': [(1, 0.21135772845430914),
INFO :                        (2, 0.27324535092981406),
INFO :                        (3, 0.34103179364127173),
INFO :                        (4, 0.379124175164967),
INFO :                        (5, 0.41821635672865426),
INFO :                        (6, 0.46540691861627675),
INFO :                        (7, 0.4932013597280544),
INFO :                        (8, 0.5086982603479304),
INFO :                        (9, 0.5310937812437513),
INFO :                        (10, 0.551989602079584),
INFO :                        (11, 0.5666866626674665),
INFO :                        (12, 0.5673865226954609),
INFO :                        (13, 0.5866826634673066),
INFO :                        (14, 0.5914817036592681),
INFO :                        (15, 0.6013797240551889),
INFO :                        (16, 0.6028794241151769),
INFO :                        (17, 0.6117776444711058),
INFO :                        (18, 0.6204759048190361),
INFO :                        (19, 0.6216756648670266),
INFO :                        (20, 0.6154769046190762),
INFO :                        (21, 0.6241751649670066),
INFO :                        (22, 0.6275744851029794),
INFO :                        (23, 0.6309738052389522),
INFO :                        (24, 0.6332733453309338),
INFO :                        (25, 0.6340731853629274),
INFO :                        (26, 0.6323735252949411),
INFO :                        (27, 0.627374525094981),
INFO :                        (28, 0.6342731453709258),
INFO :                        (29, 0.6341731653669266),
INFO :                        (30, 0.6317736452709458),
INFO :                        (31, 0.6452709458108379),
INFO :                        (32, 0.6419716056788642),
INFO :                        (33, 0.6411717656468706),
INFO :                        (34, 0.6380723855228955),
INFO :                        (35, 0.6414717056588682),
INFO :                        (36, 0.6429714057188562),
INFO :                        (37, 0.6425714857028594),
INFO :                        (38, 0.6459708058388323),
INFO :                        (39, 0.6492701459708058),
INFO :                        (40, 0.6481703659268147),
INFO :                        (41, 0.6481703659268147),
INFO :                        (42, 0.6494701059788043),
INFO :                        (43, 0.6542691461707658),
INFO :                        (44, 0.6571685662867427),
INFO :                        (45, 0.6531693661267747),
INFO :                        (46, 0.6511697660467907),
INFO :                        (47, 0.6527694461107778),
INFO :                        (48, 0.6477704459108178),
INFO :                        (49, 0.651369726054789),
INFO :                        (50, 0.6550689862027594)]}
INFO :    