INFO :      
INFO :      [SUMMARY]
INFO :      Run finished 50 round(s) in 1402.08s
INFO :          History (loss, distributed):
INFO :                  round 1: 2.5241275523695688
INFO :                  round 2: 2.003095556488864
INFO :                  round 3: 1.8225510839065175
INFO :                  round 4: 1.6795736320134325
INFO :                  round 5: 1.5940026367623275
INFO :                  round 6: 1.5285630313344474
INFO :                  round 7: 1.4498110212304343
INFO :                  round 8: 1.3836411112110691
INFO :                  round 9: 1.3447156848106117
INFO :                  round 10: 1.299608436747795
INFO :                  round 11: 1.265552894240324
INFO :                  round 12: 1.2389821413878415
INFO :                  round 13: 1.229065386450234
INFO :                  round 14: 1.1986538187270626
INFO :                  round 15: 1.2010074222011216
INFO :                  round 16: 1.1792761530830203
INFO :                  round 17: 1.1783163699472199
INFO :                  round 18: 1.1679659160397693
INFO :                  round 19: 1.1846843627939962
INFO :                  round 20: 1.2078129344844373
INFO :                  round 21: 1.1886340445503498
INFO :                  round 22: 1.2281676289174146
INFO :                  round 23: 1.229221415579911
INFO :                  round 24: 1.2643148789578207
INFO :                  round 25: 1.2991009347507343
INFO :                  round 26: 1.2581076271395728
INFO :                  round 27: 1.3533182983863254
INFO :                  round 28: 1.3299139874976953
INFO :                  round 29: 1.372650442353492
INFO :                  round 30: 1.4034310239975611
INFO :                  round 31: 1.3167571798315791
INFO :                  round 32: 1.297785127759679
INFO :                  round 33: 1.2962293278933148
INFO :                  round 34: 1.2989057351540225
INFO :                  round 35: 1.3239684789767219
INFO :                  round 36: 1.3663637301256204
INFO :                  round 37: 1.3855435400423548
INFO :                  round 38: 1.452236185830282
INFO :                  round 39: 1.4018123461141454
INFO :                  round 40: 1.4170633908476138
INFO :                  round 41: 1.4344726611303622
INFO :                  round 42: 1.4540583348597598
INFO :                  round 43: 1.4942209648812748
INFO :                  round 44: 1.522700106511207
INFO :                  round 45: 1.5379884917141167
INFO :                  round 46: 1.424079311063216
INFO :                  round 47: 1.5258275040588265
INFO :                  round 48: 1.5340679461518414
INFO :                  round 49: 1.553808647446973
INFO :                  round 50: 1.6222855270583605
INFO :          History (metrics, distributed, evaluate):
INFO :          {'accuracy': [(1, 0.22555488902219556),
INFO :                        (2, 0.2709458108378324),
INFO :                        (3, 0.3291341731653669),
INFO :                        (4, 0.3772245550889822),
INFO :                        (5, 0.4210157968406319),
INFO :                        (6, 0.4476104779044191),
INFO :                        (7, 0.4788042391521696),
INFO :                        (8, 0.5114977004599081),
INFO :                        (9, 0.5197960407918416),
INFO :                        (10, 0.5432913417316537),
INFO :                        (11, 0.5664867026594681),
INFO :                        (12, 0.5762847430513898),
INFO :                        (13, 0.5843831233753249),
INFO :                        (14, 0.5955808838232354),
INFO :                        (15, 0.6050789842031594),
INFO :                        (16, 0.6109778044391122),
INFO :                        (17, 0.610877824435113),
INFO :                        (18, 0.6242751449710058),
INFO :                        (19, 0.625874825034993),
INFO :                        (20, 0.6216756648670266),
INFO :                        (21, 0.6305738852229554),
INFO :                        (22, 0.6315736852629474),
INFO :                        (23, 0.6331733653269346),
INFO :                        (24, 0.635372925414917),
INFO :                        (25, 0.6322735452909418),
INFO :                        (26, 0.6412717456508699),
INFO :                        (27, 0.6402719456108779),
INFO :                        (28, 0.6466706658668266),
INFO :                        (29, 0.6484703059388123),
INFO :                        (30, 0.6419716056788642),
INFO :                        (31, 0.6516696660667867),
INFO :                        (32, 0.6479704059188163),
INFO :                        (33, 0.6537692461507698),
INFO :                        (34, 0.6567686462707458),
INFO :                        (35, 0.6520695860827834),
INFO :                        (36, 0.6537692461507698),
INFO :                        (37, 0.6565686862627474),
INFO :                        (38, 0.6529694061187763),
INFO :                        (39, 0.6598680263947211),
INFO :                        (40, 0.6565686862627474),
INFO :                        (41, 0.6570685862827434),
INFO :                        (42, 0.6620675864827035),
INFO :                        (43, 0.6619676064787042),
INFO :                        (44, 0.6651669666066786),
INFO :                        (45, 0.6622675464907019),
INFO :                        (46, 0.6605678864227155),
INFO :                        (47, 0.6618676264747051),
INFO :                        (48, 0.6673665266946611),
INFO :                        (49, 0.6663667266546691),
INFO :                        (50, 0.6627674465106979)]}