NFO :      
INFO :      [SUMMARY]
INFO :      Run finished 50 round(s) in 2186.04s
INFO :          History (loss, distributed):
INFO :                  round 1: 2.439201768239169
INFO :                  round 2: 2.037796238938531
INFO :                  round 3: 1.8168558848881566
INFO :                  round 4: 1.678485761913532
INFO :                  round 5: 1.6179749188933126
INFO :                  round 6: 1.5053910068071679
INFO :                  round 7: 1.4074450748115181
INFO :                  round 8: 1.3603053906246123
INFO :                  round 9: 1.3383661803690061
INFO :                  round 10: 1.302610737025364
INFO :                  round 11: 1.2748686100963205
INFO :                  round 12: 1.2558576643373331
INFO :                  round 13: 1.2339821317970507
INFO :                  round 14: 1.2426782506738019
INFO :                  round 15: 1.2406283341792765
INFO :                  round 16: 1.203890639342345
INFO :                  round 17: 1.1878483403921363
INFO :                  round 18: 1.2003415548365193
INFO :                  round 19: 1.210799766606079
INFO :                  round 20: 1.1953594957205498
INFO :                  round 21: 1.2231124209471054
INFO :                  round 22: 1.2303561369874592
INFO :                  round 23: 1.2409268091430101
INFO :                  round 24: 1.267166006664535
INFO :                  round 25: 1.2813552754281767
INFO :                  round 26: 1.3748024670236887
INFO :                  round 27: 1.3532846746119835
INFO :                  round 28: 1.3664294072697751
INFO :                  round 29: 1.3972928395585236
INFO :                  round 30: 1.4345216636409597
INFO :                  round 31: 1.341330072573778
INFO :                  round 32: 1.3270494423678492
INFO :                  round 33: 1.336073599657354
INFO :                  round 34: 1.3441404923361258
INFO :                  round 35: 1.3634287272816792
INFO :                  round 36: 1.3955422025573452
INFO :                  round 37: 1.421906402762739
INFO :                  round 38: 1.4672451307161969
INFO :                  round 39: 1.4346174610388798
INFO :                  round 40: 1.4814949142013707
INFO :                  round 41: 1.4711347490832938
INFO :                  round 42: 1.5072544234661618
INFO :                  round 43: 1.5000638234321053
INFO :                  round 44: 1.5525192980311575
INFO :                  round 45: 1.5307270196105824
INFO :                  round 46: 1.555088924287356
INFO :                  round 47: 1.5798747403975284
INFO :                  round 48: 1.528465486263433
INFO :                  round 49: 1.6081247948702215
INFO :                  round 50: 1.5970694257781335
INFO :          History (metrics, distributed, evaluate):
INFO :          {'accuracy': [(1, 0.20875824835032994),
INFO :                        (2, 0.25834833033393323),
INFO :                        (3, 0.32743451309738053),
INFO :                        (4, 0.3859228154369126),
INFO :                        (5, 0.42241551689662066),
INFO :                        (6, 0.4600079984003199),
INFO :                        (7, 0.5008998200359928),
INFO :                        (8, 0.5176964607078585),
INFO :                        (9, 0.5276944611077784),
INFO :                        (10, 0.5501899620075985),
INFO :                        (11, 0.5620875824835033),
INFO :                        (12, 0.5801839632073585),
INFO :                        (13, 0.590881823635273),
INFO :                        (14, 0.5912817436512697),
INFO :                        (15, 0.5955808838232354),
INFO :                        (16, 0.609378124375125),
INFO :                        (17, 0.6162767446510697),
INFO :                        (18, 0.6177764447110577),
INFO :                        (19, 0.622375524895021),
INFO :                        (20, 0.6211757648470306),
INFO :                        (21, 0.6239752049590082),
INFO :                        (22, 0.6331733653269346),
INFO :                        (23, 0.6315736852629474),
INFO :                        (24, 0.637372525494901),
INFO :                        (25, 0.6332733453309338),
INFO :                        (26, 0.6365726854629075),
INFO :                        (27, 0.6315736852629474),
INFO :                        (28, 0.6407718456308739),
INFO :                        (29, 0.6390721855628875),
INFO :                        (30, 0.640871825634873),
INFO :                        (31, 0.6392721455708859),
INFO :                        (32, 0.6440711857628474),
INFO :                        (33, 0.6477704459108178),
INFO :                        (34, 0.650869826034793),
INFO :                        (35, 0.6526694661067787),
INFO :                        (36, 0.6481703659268147),
INFO :                        (37, 0.6456708658268346),
INFO :                        (38, 0.6512697460507898),
INFO :                        (39, 0.647870425914817),
INFO :                        (40, 0.6567686462707458),
INFO :                        (41, 0.6519696060787843),
INFO :                        (42, 0.6514697060587883),
INFO :                        (43, 0.6564687062587482),
INFO :                        (44, 0.6515696860627874),
INFO :                        (45, 0.6506698660267947),
INFO :                        (46, 0.6554689062187562),
INFO :                        (47, 0.6544691061787642),
INFO :                        (48, 0.6555688862227554),
INFO :                        (49, 0.6560687862427514),
INFO :                        (50, 0.6556688662267547)]}
INFO :  