INFO :      [SUMMARY]
INFO :      Run finished 50 round(s) in 1662.71s
INFO :          History (loss, distributed):
INFO :                  round 1: 0.6971537757105002
INFO :                  round 2: 0.694436951980206
INFO :                  round 3: 0.6893955722953222
INFO :                  round 4: 0.6640051222090975
INFO :                  round 5: 0.6507684771704594
INFO :                  round 6: 0.6362566960801427
INFO :                  round 7: 0.6193093192524419
INFO :                  round 8: 0.6015493502230854
INFO :                  round 9: 0.5930438293019178
INFO :                  round 10: 0.5822606597743791
INFO :                  round 11: 0.5730940517005227
INFO :                  round 12: 0.5674111385030549
INFO :                  round 13: 0.561276441720782
INFO :                  round 14: 0.556415400758163
INFO :                  round 15: 0.5524857574797215
INFO :                  round 16: 0.5484163914523855
INFO :                  round 17: 0.5474506754279822
INFO :                  round 18: 0.5393717407379504
INFO :                  round 19: 0.5372929112358465
INFO :                  round 20: 0.5383185363912728
INFO :                  round 21: 0.5344608409228092
INFO :                  round 22: 0.5317158595053135
INFO :                  round 23: 0.5312146688499944
INFO :                  round 24: 0.526989932554725
INFO :                  round 25: 0.5241258156169867
INFO :                  round 26: 0.5235275256060445
INFO :                  round 27: 0.5207986063828509
INFO :                  round 28: 0.5228215206537805
INFO :                  round 29: 0.5185539286834491
INFO :                  round 30: 0.5165074447182993
INFO :                  round 31: 0.5142836268676743
INFO :                  round 32: 0.5138955722917795
INFO :                  round 33: 0.5133369250403441
INFO :                  round 34: 0.5125529623584771
INFO :                  round 35: 0.5122248058166273
INFO :                  round 36: 0.5090994172711079
INFO :                  round 37: 0.5090619595500961
INFO :                  round 38: 0.5071819445247095
INFO :                  round 39: 0.5061071636518409
INFO :                  round 40: 0.5060200743265053
INFO :                  round 41: 0.5036524261974047
INFO :                  round 42: 0.5042551567618665
INFO :                  round 43: 0.502470854668352
INFO :                  round 44: 0.5021032254673805
INFO :                  round 45: 0.5023051411497438
INFO :                  round 46: 0.5017222074201938
INFO :                  round 47: 0.500539271612679
INFO :                  round 48: 0.4990646176568368
INFO :                  round 49: 0.4987505563022291
INFO :                  round 50: 0.49797092351636774
INFO :          History (metrics, distributed, evaluate):
INFO :          {'accuracy': [(1, 0.4999406331629401),
INFO :                        (2, 0.5079957755808576),
INFO :                        (3, 0.5389696416742698),
INFO :                        (4, 0.6024827836172526),
INFO :                        (5, 0.6237079901513541),
INFO :                        (6, 0.641499293847096),
INFO :                        (7, 0.6615934059066878),
INFO :                        (8, 0.6755289897639075),
INFO :                        (9, 0.6843683993450901),
INFO :                        (10, 0.6941014360525428),
INFO :                        (11, 0.7006724075439626),
INFO :                        (12, 0.7059029383459774),
INFO :                        (13, 0.7098336478734174),
INFO :                        (14, 0.7142486658084514),
INFO :                        (15, 0.7167389483945957),
INFO :                        (16, 0.7200384947069778),
INFO :                        (17, 0.7215820324705353),
INFO :                        (18, 0.726387621702016),
INFO :                        (19, 0.7285841946732324),
INFO :                        (20, 0.7277843046581095),
INFO :                        (21, 0.7301433552886478),
INFO :                        (22, 0.7322961842746623),
INFO :                        (23, 0.7328086138156004),
INFO :                        (24, 0.7357113396907925),
INFO :                        (25, 0.7381672520028496),
INFO :                        (26, 0.7384547124770344),
INFO :                        (27, 0.7403669495444376),
INFO :                        (28, 0.738964017447601),
INFO :                        (29, 0.7422698129007261),
INFO :                        (30, 0.7431134469010511),
INFO :                        (31, 0.7455818574945945),
INFO :                        (32, 0.7456349751909113),
INFO :                        (33, 0.7460505430503306),
INFO :                        (34, 0.7461442801614778),
INFO :                        (35, 0.7464473634875205),
INFO :                        (36, 0.748100261214083),
INFO :                        (37, 0.7486751821624527),
INFO :                        (38, 0.7497187886665584),
INFO :                        (39, 0.7506811563410031),
INFO :                        (40, 0.7505186786816813),
INFO :                        (41, 0.752068465585982),
INFO :                        (42, 0.7519778530452063),
INFO :                        (43, 0.753152691504918),
INFO :                        (44, 0.7533870342827861),
INFO :                        (45, 0.7532839234605242),
INFO :                        (46, 0.7533870342827861),
INFO :                        (47, 0.7547618452462787),
INFO :                        (48, 0.7554430015872817),
INFO :                        (49, 0.7551055479871518),
INFO :                        (50, 0.7557648323355539)]}
INFO :   