INFO :      [SUMMARY]
INFO :      Run finished 50 round(s) in 1872.05s
INFO :          History (loss, distributed):
INFO :                  round 1: 0.7032644899731889
INFO :                  round 2: 0.6971850325013269
INFO :                  round 3: 0.701984616273917
INFO :                  round 4: 0.6686613838992366
INFO :                  round 5: 0.6527177512662059
INFO :                  round 6: 0.6370724085487096
INFO :                  round 7: 0.6256658667924659
INFO :                  round 8: 0.6113614083863066
INFO :                  round 9: 0.5965432280968681
INFO :                  round 10: 0.5887496176279523
INFO :                  round 11: 0.5763443852720779
INFO :                  round 12: 0.5720935592450932
INFO :                  round 13: 0.5651662527261457
INFO :                  round 14: 0.5615712247254124
INFO :                  round 15: 0.5565571913229026
INFO :                  round 16: 0.5517328313972576
INFO :                  round 17: 0.547001600621164
INFO :                  round 18: 0.5451672247295871
INFO :                  round 19: 0.5424148802133658
INFO :                  round 20: 0.5399820271698647
INFO :                  round 21: 0.538324499949454
INFO :                  round 22: 0.5336760549721128
INFO :                  round 23: 0.5328851414559239
INFO :                  round 24: 0.5282848603279798
INFO :                  round 25: 0.5286170032356949
INFO :                  round 26: 0.5281377421762697
INFO :                  round 27: 0.5264660710763566
INFO :                  round 28: 0.5220380326395175
INFO :                  round 29: 0.5208909401199094
INFO :                  round 30: 0.5214362717957535
INFO :                  round 31: 0.5179249262392888
INFO :                  round 32: 0.5173683836253731
INFO :                  round 33: 0.5174969735708196
INFO :                  round 34: 0.5150236720531752
INFO :                  round 35: 0.5117533701799899
INFO :                  round 36: 0.5151505683617771
INFO :                  round 37: 0.5103483447054377
INFO :                  round 38: 0.5100105390540198
INFO :                  round 39: 0.5106421970733949
INFO :                  round 40: 0.5098505335096923
INFO :                  round 41: 0.5093783555924578
INFO :                  round 42: 0.5087392002113154
INFO :                  round 43: 0.5080136676745082
INFO :                  round 44: 0.5057308632176115
INFO :                  round 45: 0.5041957251184821
INFO :                  round 46: 0.5041246381612811
INFO :                  round 47: 0.5039156726406854
INFO :                  round 48: 0.5020132372643863
INFO :                  round 49: 0.5018751244146742
INFO :                  round 50: 0.504140094582336
INFO :          History (metrics, distributed, evaluate):
INFO :          {'accuracy': [(1, 0.4997594080813888),
INFO :                        (2, 0.5008592568521828),
INFO :                        (3, 0.5056492232318056),
INFO :                        (4, 0.5954774968441839),
INFO :                        (5, 0.6191867368236867),
INFO :                        (6, 0.6375717088900276),
INFO :                        (7, 0.6501543537763558),
INFO :                        (8, 0.6648242116708952),
INFO :                        (9, 0.6804251915361638),
INFO :                        (10, 0.6875492119833523),
INFO :                        (11, 0.6980602667133269),
INFO :                        (12, 0.7008911274699728),
INFO :                        (13, 0.706749696916674),
INFO :                        (14, 0.7096805439252103),
INFO :                        (15, 0.7132456787191761),
INFO :                        (16, 0.717088900276212),
INFO :                        (17, 0.7215101673519891),
INFO :                        (18, 0.7232130582044969),
INFO :                        (19, 0.7250690530052117),
INFO :                        (20, 0.726556348502081),
INFO :                        (21, 0.7280436439989502),
INFO :                        (22, 0.7317681318818663),
INFO :                        (23, 0.7319806026671333),
INFO :                        (24, 0.7348489582682382),
INFO :                        (25, 0.7348739548312108),
INFO :                        (26, 0.7351301696016798),
INFO :                        (27, 0.736661209083751),
INFO :                        (28, 0.7391452425291523),
INFO :                        (29, 0.7400763644998812),
INFO :                        (30, 0.7395233155441127),
INFO :                        (31, 0.7425322768119383),
INFO :                        (32, 0.7429540938121009),
INFO :                        (33, 0.7426791316194024),
INFO :                        (34, 0.7440664408643811),
INFO :                        (35, 0.7462505155541113),
INFO :                        (36, 0.7445851195460624),
INFO :                        (37, 0.7470160352951469),
INFO :                        (38, 0.7468441839247103),
INFO :                        (39, 0.7474534751471673),
INFO :                        (40, 0.7474472260064241),
INFO :                        (41, 0.7476940670657785),
INFO :                        (42, 0.748540825636475),
INFO :                        (43, 0.7489376460736649),
INFO :                        (44, 0.7501999725037807),
INFO :                        (45, 0.7510623539263351),
INFO :                        (46, 0.7512560772893727),
INFO :                        (47, 0.751246703578258),
INFO :                        (48, 0.7523559260601668),
INFO :                        (49, 0.7529433452900226),
INFO :                        (50, 0.751246703578258)]}