INFO :      [SUMMARY]
INFO :      Run finished 50 round(s) in 1611.47s
INFO :          History (loss, distributed):
INFO :                  round 1: 0.7269556155025826
INFO :                  round 2: 0.6949879168219701
INFO :                  round 3: 0.7016891688110412
INFO :                  round 4: 0.6630864200959692
INFO :                  round 5: 0.6438823395837461
INFO :                  round 6: 0.6283869890134447
INFO :                  round 7: 0.613933434855335
INFO :                  round 8: 0.6009324857428805
INFO :                  round 9: 0.5916726605100401
INFO :                  round 10: 0.584644680044072
INFO :                  round 11: 0.5729941848195879
INFO :                  round 12: 0.5675706138125116
INFO :                  round 13: 0.5604956733057289
INFO :                  round 14: 0.5549662161348439
INFO :                  round 15: 0.5525005787285379
INFO :                  round 16: 0.5500792879536653
INFO :                  round 17: 0.5458342217566458
INFO :                  round 18: 0.541444977591212
INFO :                  round 19: 0.5391834302254916
INFO :                  round 20: 0.5351185466834854
INFO :                  round 21: 0.5344297218593709
INFO :                  round 22: 0.5311365863149584
INFO :                  round 23: 0.5286070754570522
INFO :                  round 24: 0.5279688943980714
INFO :                  round 25: 0.5254830098432053
INFO :                  round 26: 0.524299113588219
INFO :                  round 27: 0.5219651582189857
INFO :                  round 28: 0.522259800861534
INFO :                  round 29: 0.5198591958559071
INFO :                  round 30: 0.5188194372314323
INFO :                  round 31: 0.5171284554706173
INFO :                  round 32: 0.5160019805272927
INFO :                  round 33: 0.5149185009517362
INFO :                  round 34: 0.5147678607006279
INFO :                  round 35: 0.5122050473373724
INFO :                  round 36: 0.5118957361282123
INFO :                  round 37: 0.5094132972048021
INFO :                  round 38: 0.5102542420365629
INFO :                  round 39: 0.5085117325346956
INFO :                  round 40: 0.5072209961585186
INFO :                  round 41: 0.5062371962851823
INFO :                  round 42: 0.5048671961393945
INFO :                  round 43: 0.5046710591248617
INFO :                  round 44: 0.5026632078762912
INFO :                  round 45: 0.5033177109152374
INFO :                  round 46: 0.502211913855338
INFO :                  round 47: 0.5008681981333336
INFO :                  round 48: 0.5015597078520572
INFO :                  round 49: 0.5013700742170105
INFO :                  round 50: 0.5006053703564428
INFO :          History (metrics, distributed, evaluate):
INFO :          {'accuracy': [(1, 0.4998812663258802),
INFO :                        (2, 0.5068865530989489),
INFO :                        (3, 0.5117515091674895),
INFO :                        (4, 0.6010704778093012),
INFO :                        (5, 0.6278136756196023),
INFO :                        (6, 0.6463267550711778),
INFO :                        (7, 0.6619839772031346),
INFO :                        (8, 0.6754446263638749),
INFO :                        (9, 0.6854026321380811),
INFO :                        (10, 0.6902894601992227),
INFO :                        (11, 0.7016066540850633),
INFO :                        (12, 0.7053186436864931),
INFO :                        (13, 0.7117927534963943),
INFO :                        (14, 0.7148517078901651),
INFO :                        (15, 0.7165858444463886),
INFO :                        (16, 0.7179294097061654),
INFO :                        (17, 0.7216538975890815),
INFO :                        (18, 0.7251971603904463),
INFO :                        (19, 0.7269625426503856),
INFO :                        (20, 0.7302714626738823),
INFO :                        (21, 0.729959005636725),
INFO :                        (22, 0.7323086825561486),
INFO :                        (23, 0.734402144705103),
INFO :                        (24, 0.7343209058754421),
INFO :                        (25, 0.7359831773131195),
INFO :                        (26, 0.7376204521878241),
INFO :                        (27, 0.7391889865143543),
INFO :                        (28, 0.7384484633362912),
INFO :                        (29, 0.7396920423441776),
INFO :                        (30, 0.7410731024484133),
INFO :                        (31, 0.7420448438339728),
INFO :                        (32, 0.7432353051455425),
INFO :                        (33, 0.7435665096049293),
INFO :                        (34, 0.7435290147604704),
INFO :                        (35, 0.7454006324130432),
INFO :                        (36, 0.7458005774206047),
INFO :                        (37, 0.7479659046881054),
INFO :                        (38, 0.7472597517841297),
INFO :                        (39, 0.7479627801177338),
INFO :                        (40, 0.7490032620514679),
INFO :                        (41, 0.7495031933109197),
INFO :                        (42, 0.7510623539263351),
INFO :                        (43, 0.7515966554598743),
INFO :                        (44, 0.7522746872305058),
INFO :                        (45, 0.7514029320968367),
INFO :                        (46, 0.7518497456599718),
INFO :                        (47, 0.7528808538825912),
INFO :                        (48, 0.7526933796602967),
INFO :                        (49, 0.753212058341978),
INFO :                        (50, 0.7530527052530277)]}