INFO :      [SUMMARY]
INFO :      Run finished 50 round(s) in 1722.49s
INFO :          History (loss, distributed):
INFO :                  round 1: 0.6983036660216189
INFO :                  round 2: 0.6933853800859351
INFO :                  round 3: 0.6965039144895596
INFO :                  round 4: 0.6883274535630676
INFO :                  round 5: 0.6668950832220973
INFO :                  round 6: 0.6495998616043543
INFO :                  round 7: 0.6319837379717225
INFO :                  round 8: 0.616599270900392
INFO :                  round 9: 0.6058352197195545
INFO :                  round 10: 0.5952191925366865
INFO :                  round 11: 0.5855716065601555
INFO :                  round 12: 0.5818084875489755
INFO :                  round 13: 0.5745606031005873
INFO :                  round 14: 0.5796216627949864
INFO :                  round 15: 0.5659840790865134
INFO :                  round 16: 0.5609207524583812
INFO :                  round 17: 0.5623272703902916
INFO :                  round 18: 0.5600107869866581
INFO :                  round 19: 0.5554439054933422
INFO :                  round 20: 0.5468914300236526
INFO :                  round 21: 0.54729910948823
INFO :                  round 22: 0.544538429500282
INFO :                  round 23: 0.5340105449100584
INFO :                  round 24: 0.5382019534082325
INFO :                  round 25: 0.5324959195520274
INFO :                  round 26: 0.5302183228590724
INFO :                  round 27: 0.5306595502765306
INFO :                  round 28: 0.5307274555411415
INFO :                  round 29: 0.5285206365883323
INFO :                  round 30: 0.5297585505573835
INFO :                  round 31: 0.5203557721027003
INFO :                  round 32: 0.5248531266910612
INFO :                  round 33: 0.5242783950432639
INFO :                  round 34: 0.5243547028711173
INFO :                  round 35: 0.5175169296179368
INFO :                  round 36: 0.5213979798233049
INFO :                  round 37: 0.5146256826724225
INFO :                  round 38: 0.5160045903876161
INFO :                  round 39: 0.5153587856127236
INFO :                  round 40: 0.51491884441148
INFO :                  round 41: 0.5187269540643777
INFO :                  round 42: 0.5148934648000157
INFO :                  round 43: 0.5161244665136397
INFO :                  round 44: 0.5093863711268708
INFO :                  round 45: 0.5131729724795668
INFO :                  round 46: 0.5085554828458074
INFO :                  round 47: 0.5102378311537535
INFO :                  round 48: 0.5085763550347401
INFO :                  round 49: 0.5070142714886724
INFO :                  round 50: 0.5061790921883029
INFO :          History (metrics, distributed, evaluate):
INFO :          {'accuracy': [(1, 0.49996250515554114),
INFO :                        (2, 0.5054586244391396),
INFO :                        (3, 0.5066647086025672),
INFO :                        (4, 0.5445407506467861),
INFO :                        (5, 0.602473409906138),
INFO :                        (6, 0.6293165939683294),
INFO :                        (7, 0.646273637374861),
INFO :                        (8, 0.6614777968029396),
INFO :                        (9, 0.6723762982589894),
INFO :                        (10, 0.6821093349664421),
INFO :                        (11, 0.6912955718588694),
INFO :                        (12, 0.6930921998225245),
INFO :                        (13, 0.7001381060104236),
INFO :                        (14, 0.6955199910012373),
INFO :                        (15, 0.7070371573908587),
INFO :                        (16, 0.7112678256739698),
INFO :                        (17, 0.7102023471772632),
INFO :                        (18, 0.7117271375185912),
INFO :                        (19, 0.7150266838309732),
INFO :                        (20, 0.7218819912262064),
INFO :                        (21, 0.7214851707890165),
INFO :                        (22, 0.72355676094537),
INFO :                        (23, 0.7310276087038032),
INFO :                        (24, 0.7280405194285786),
INFO :                        (25, 0.73237117396358),
INFO :                        (26, 0.7334678981640025),
INFO :                        (27, 0.7337959780530177),
INFO :                        (28, 0.7334304033195436),
INFO :                        (29, 0.7351426678831661),
INFO :                        (30, 0.7339334591493669),
INFO :                        (31, 0.7415292897226632),
INFO :                        (32, 0.7382328679806527),
INFO :                        (33, 0.738245366262139),
INFO :                        (34, 0.73854532501781),
INFO :                        (35, 0.743700866130907),
INFO :                        (36, 0.7399295096924173),
INFO :                        (37, 0.7455724837834797),
INFO :                        (38, 0.7440351951606654),
INFO :                        (39, 0.7446976040794391),
INFO :                        (40, 0.7447538463461274),
INFO :                        (41, 0.7419542312931972),
INFO :                        (42, 0.7447882166202148),
INFO :                        (43, 0.7441383059829273),
INFO :                        (44, 0.7485595730587045),
INFO :                        (45, 0.74573183687243),
INFO :                        (46, 0.7493313419404832),
INFO :                        (47, 0.7477940533176688),
INFO :                        (48, 0.7489688917773806),
INFO :                        (49, 0.7500187474222294),
INFO :                        (50, 0.7510873504893077)]}