Loading project configuration... 
Success
🎊 Successfully built defadmin.flops-infra-drift.1-0-0.b0f3b987.fab
🎊 Successfully started run 4497288282633702604
[92mINFO [0m:      Starting Flower ServerApp
[32m[1m🎊 Successfully installed flops-infra-drift to /home/defadmin/.flwr/apps/defadmin.flops-infra-drift.1.0.0.b0f3b987.[0m
[92mINFO [0m:      Starting Flower ServerApp, config: num_rounds=50, no round_timeout
[92mINFO [0m:      
[92mINFO [0m:      [INIT]
[92mINFO [0m:      Requesting initial parameters from one random client
[92mINFO [0m:      Received initial parameters from one random client
[92mINFO [0m:      Starting evaluation of initial global parameters
[92mINFO [0m:      Evaluation returned no results (`None`)
[92mINFO [0m:      
[92mINFO [0m:      [ROUND 1]
[92mINFO [0m:      configure_fit: strategy sampled 5 clients (out of 5)
[92mINFO [0m:      aggregate_fit: received 5 results and 0 failures
[93mWARNING [0m:   No fit_metrics_aggregation_fn provided
[92mINFO [0m:      configure_evaluate: strategy sampled 5 clients (out of 5)
[92mINFO [0m:      aggregate_evaluate: received 5 results and 0 failures
Aggregated loss: 2.1941729804721257
Aggregated metrics: {'accuracy': 0.23245350929814038}
[92mINFO [0m:      
[92mINFO [0m:      [ROUND 2]
[92mINFO [0m:      configure_fit: strategy sampled 5 clients (out of 5)
[92mINFO [0m:      aggregate_fit: received 5 results and 0 failures
[92mINFO [0m:      configure_evaluate: strategy sampled 5 clients (out of 5)
[92mINFO [0m:      aggregate_evaluate: received 5 results and 0 failures
Aggregated loss: 2.008689222955278
Aggregated metrics: {'accuracy': 0.27694461107778445}
[92mINFO [0m:      
[92mINFO [0m:      [ROUND 3]
[92mINFO [0m:      configure_fit: strategy sampled 5 clients (out of 5)
[92mINFO [0m:      aggregate_fit: received 5 results and 0 failures
[92mINFO [0m:      configure_evaluate: strategy sampled 5 clients (out of 5)
[92mINFO [0m:      aggregate_evaluate: received 5 results and 0 failures
Aggregated loss: 1.7823164498903286
Aggregated metrics: {'accuracy': 0.352629474105179}
[92mINFO [0m:      
[92mINFO [0m:      [ROUND 4]
[92mINFO [0m:      configure_fit: strategy sampled 5 clients (out of 5)
[92mINFO [0m:      aggregate_fit: received 5 results and 0 failures
[92mINFO [0m:      configure_evaluate: strategy sampled 5 clients (out of 5)
[92mINFO [0m:      aggregate_evaluate: received 5 results and 0 failures
Aggregated loss: 1.709730047383014
Aggregated metrics: {'accuracy': 0.3709258148370326}
[92mINFO [0m:      
[92mINFO [0m:      [ROUND 5]
[92mINFO [0m:      configure_fit: strategy sampled 5 clients (out of 5)
[92mINFO [0m:      aggregate_fit: received 5 results and 0 failures
[92mINFO [0m:      configure_evaluate: strategy sampled 5 clients (out of 5)
[92mINFO [0m:      aggregate_evaluate: received 5 results and 0 failures
Aggregated loss: 1.605048992402287
Aggregated metrics: {'accuracy': 0.4170165966806639}
[92mINFO [0m:      
[92mINFO [0m:      [ROUND 6]
[92mINFO [0m:      configure_fit: strategy sampled 5 clients (out of 5)
[92mINFO [0m:      aggregate_fit: received 5 results and 0 failures
[92mINFO [0m:      configure_evaluate: strategy sampled 5 clients (out of 5)
[92mINFO [0m:      aggregate_evaluate: received 5 results and 0 failures
Aggregated loss: 1.52529610307808
Aggregated metrics: {'accuracy': 0.4559088182363527}
[92mINFO [0m:      
[92mINFO [0m:      [ROUND 7]
[92mINFO [0m:      configure_fit: strategy sampled 5 clients (out of 5)
[92mINFO [0m:      aggregate_fit: received 4 results and 1 failures
[92mINFO [0m:      configure_evaluate: strategy sampled 5 clients (out of 5)
[92mINFO [0m:      aggregate_evaluate: received 5 results and 0 failures
Aggregated loss: 1.5093813223883072
Aggregated metrics: {'accuracy': 0.47360527894421117}
[92mINFO [0m:      
[92mINFO [0m:      [ROUND 8]
[92mINFO [0m:      configure_fit: strategy sampled 5 clients (out of 5)
[92mINFO [0m:      aggregate_fit: received 4 results and 1 failures
[92mINFO [0m:      configure_evaluate: strategy sampled 5 clients (out of 5)
[92mINFO [0m:      aggregate_evaluate: received 5 results and 0 failures
Aggregated loss: 1.460084403301924
Aggregated metrics: {'accuracy': 0.486502699460108}
[92mINFO [0m:      
[92mINFO [0m:      [ROUND 9]
[92mINFO [0m:      configure_fit: strategy sampled 5 clients (out of 5)
[92mINFO [0m:      aggregate_fit: received 4 results and 1 failures
[92mINFO [0m:      configure_evaluate: strategy sampled 5 clients (out of 5)
[92mINFO [0m:      aggregate_evaluate: received 5 results and 0 failures
Aggregated loss: 1.4113878528224537
Aggregated metrics: {'accuracy': 0.5085982803439312}
[92mINFO [0m:      
[92mINFO [0m:      [ROUND 10]
[92mINFO [0m:      configure_fit: strategy sampled 5 clients (out of 5)
[92mINFO [0m:      aggregate_fit: received 4 results and 1 failures
[92mINFO [0m:      configure_evaluate: strategy sampled 5 clients (out of 5)
[92mINFO [0m:      aggregate_evaluate: received 5 results and 0 failures
Aggregated loss: 1.3715574622344207
Aggregated metrics: {'accuracy': 0.5312937412517497}
[92mINFO [0m:      
[92mINFO [0m:      [ROUND 11]
[92mINFO [0m:      configure_fit: strategy sampled 5 clients (out of 5)
[92mINFO [0m:      aggregate_fit: received 4 results and 1 failures
[92mINFO [0m:      configure_evaluate: strategy sampled 5 clients (out of 5)
[92mINFO [0m:      aggregate_evaluate: received 5 results and 0 failures
Aggregated loss: 1.329962371060907
Aggregated metrics: {'accuracy': 0.553989202159568}
[92mINFO [0m:      
[92mINFO [0m:      [ROUND 12]
[92mINFO [0m:      configure_fit: strategy sampled 5 clients (out of 5)
[92mINFO [0m:      aggregate_fit: received 4 results and 1 failures
[92mINFO [0m:      configure_evaluate: strategy sampled 5 clients (out of 5)
[92mINFO [0m:      aggregate_evaluate: received 5 results and 0 failures
Aggregated loss: 1.3154088919151747
Aggregated metrics: {'accuracy': 0.5675864827034593}
[92mINFO [0m:      
[92mINFO [0m:      [ROUND 13]
[92mINFO [0m:      configure_fit: strategy sampled 5 clients (out of 5)
[92mINFO [0m:      aggregate_fit: received 4 results and 1 failures
[92mINFO [0m:      configure_evaluate: strategy sampled 5 clients (out of 5)
[92mINFO [0m:      aggregate_evaluate: received 5 results and 0 failures
Aggregated loss: 1.3438593334051958
Aggregated metrics: {'accuracy': 0.5662867426514697}
[92mINFO [0m:      
[92mINFO [0m:      [ROUND 14]
[92mINFO [0m:      configure_fit: strategy sampled 5 clients (out of 5)
[92mINFO [0m:      aggregate_fit: received 4 results and 1 failures
[92mINFO [0m:      configure_evaluate: strategy sampled 5 clients (out of 5)
[92mINFO [0m:      aggregate_evaluate: received 5 results and 0 failures
Aggregated loss: 1.3370994665622724
Aggregated metrics: {'accuracy': 0.5780843831233753}
[92mINFO [0m:      
[92mINFO [0m:      [ROUND 15]
[92mINFO [0m:      configure_fit: strategy sampled 5 clients (out of 5)
[92mINFO [0m:      aggregate_fit: received 4 results and 1 failures
[92mINFO [0m:      configure_evaluate: strategy sampled 5 clients (out of 5)
[92mINFO [0m:      aggregate_evaluate: received 5 results and 0 failures
Aggregated loss: 1.2855473475393655
Aggregated metrics: {'accuracy': 0.5947810437912417}
[92mINFO [0m:      
[92mINFO [0m:      [ROUND 16]
[92mINFO [0m:      configure_fit: strategy sampled 5 clients (out of 5)
[92mINFO [0m:      aggregate_fit: received 4 results and 1 failures
[92mINFO [0m:      configure_evaluate: strategy sampled 5 clients (out of 5)
[92mINFO [0m:      aggregate_evaluate: received 5 results and 0 failures
Aggregated loss: 1.2721233566145353
Aggregated metrics: {'accuracy': 0.6040791841631674}
[92mINFO [0m:      
[92mINFO [0m:      [ROUND 17]
[92mINFO [0m:      configure_fit: strategy sampled 5 clients (out of 5)
[92mINFO [0m:      aggregate_fit: received 4 results and 1 failures
[92mINFO [0m:      configure_evaluate: strategy sampled 5 clients (out of 5)
[92mINFO [0m:      aggregate_evaluate: received 5 results and 0 failures
Aggregated loss: 1.2923496993251322
Aggregated metrics: {'accuracy': 0.6053789242151569}
[92mINFO [0m:      
[92mINFO [0m:      [ROUND 18]
[92mINFO [0m:      configure_fit: strategy sampled 5 clients (out of 5)
[92mINFO [0m:      aggregate_fit: received 4 results and 1 failures
[92mINFO [0m:      configure_evaluate: strategy sampled 5 clients (out of 5)
[92mINFO [0m:      aggregate_evaluate: received 5 results and 0 failures
Aggregated loss: 1.3216673307005964
Aggregated metrics: {'accuracy': 0.5996800639872025}
[92mINFO [0m:      
[92mINFO [0m:      [ROUND 19]
[92mINFO [0m:      configure_fit: strategy sampled 5 clients (out of 5)
[92mINFO [0m:      aggregate_fit: received 4 results and 1 failures
[92mINFO [0m:      configure_evaluate: strategy sampled 5 clients (out of 5)
[92mINFO [0m:      aggregate_evaluate: received 5 results and 0 failures
Aggregated loss: 1.3305341823734695
Aggregated metrics: {'accuracy': 0.6034793041391722}
[92mINFO [0m:      
[92mINFO [0m:      [ROUND 20]
[92mINFO [0m:      configure_fit: strategy sampled 5 clients (out of 5)
[92mINFO [0m:      aggregate_fit: received 4 results and 1 failures
[92mINFO [0m:      configure_evaluate: strategy sampled 5 clients (out of 5)
[92mINFO [0m:      aggregate_evaluate: received 5 results and 0 failures
Aggregated loss: 1.3427215469363083
Aggregated metrics: {'accuracy': 0.6149770045990802}
[92mINFO [0m:      
[92mINFO [0m:      [ROUND 21]
[92mINFO [0m:      configure_fit: strategy sampled 5 clients (out of 5)
[92mINFO [0m:      aggregate_fit: received 4 results and 1 failures
[92mINFO [0m:      configure_evaluate: strategy sampled 5 clients (out of 5)
[92mINFO [0m:      aggregate_evaluate: received 5 results and 0 failures
Aggregated loss: 1.3482971354307773
Aggregated metrics: {'accuracy': 0.617376524695061}
[92mINFO [0m:      
[92mINFO [0m:      [ROUND 22]
[92mINFO [0m:      configure_fit: strategy sampled 5 clients (out of 5)
[92mINFO [0m:      aggregate_fit: received 4 results and 1 failures
[92mINFO [0m:      configure_evaluate: strategy sampled 5 clients (out of 5)
[92mINFO [0m:      aggregate_evaluate: received 5 results and 0 failures
Aggregated loss: 1.3468622881965528
Aggregated metrics: {'accuracy': 0.623375324935013}
[92mINFO [0m:      
[92mINFO [0m:      [ROUND 23]
[92mINFO [0m:      configure_fit: strategy sampled 5 clients (out of 5)
[92mINFO [0m:      aggregate_fit: received 4 results and 1 failures
[92mINFO [0m:      configure_evaluate: strategy sampled 5 clients (out of 5)
[92mINFO [0m:      aggregate_evaluate: received 5 results and 0 failures
Aggregated loss: 1.3971121581170378
Aggregated metrics: {'accuracy': 0.6230753849230154}
[92mINFO [0m:      
[92mINFO [0m:      [ROUND 24]
[92mINFO [0m:      configure_fit: strategy sampled 5 clients (out of 5)
[92mINFO [0m:      aggregate_fit: received 4 results and 1 failures
[92mINFO [0m:      configure_evaluate: strategy sampled 5 clients (out of 5)
[92mINFO [0m:      aggregate_evaluate: received 5 results and 0 failures
Aggregated loss: 1.4519974051096378
Aggregated metrics: {'accuracy': 0.621375724855029}
[92mINFO [0m:      
[92mINFO [0m:      [ROUND 25]
[92mINFO [0m:      configure_fit: strategy sampled 5 clients (out of 5)
[92mINFO [0m:      aggregate_fit: received 4 results and 1 failures
[92mINFO [0m:      configure_evaluate: strategy sampled 5 clients (out of 5)
[92mINFO [0m:      aggregate_evaluate: received 5 results and 0 failures
Aggregated loss: 1.464009984097266
Aggregated metrics: {'accuracy': 0.6249750049990002}
[92mINFO [0m:      
[92mINFO [0m:      [ROUND 26]
[92mINFO [0m:      configure_fit: strategy sampled 5 clients (out of 5)
[92mINFO [0m:      aggregate_fit: received 4 results and 1 failures
[92mINFO [0m:      configure_evaluate: strategy sampled 5 clients (out of 5)
[92mINFO [0m:      aggregate_evaluate: received 5 results and 0 failures
Aggregated loss: 1.5757554072415823
Aggregated metrics: {'accuracy': 0.6207758448310338}
[92mINFO [0m:      
[92mINFO [0m:      [ROUND 27]
[92mINFO [0m:      configure_fit: strategy sampled 5 clients (out of 5)
[92mINFO [0m:      aggregate_fit: received 4 results and 1 failures
[92mINFO [0m:      configure_evaluate: strategy sampled 5 clients (out of 5)
[92mINFO [0m:      aggregate_evaluate: received 5 results and 0 failures
Aggregated loss: 1.5314522820452359
Aggregated metrics: {'accuracy': 0.6240751849630074}
[92mINFO [0m:      
[92mINFO [0m:      [ROUND 28]
[92mINFO [0m:      configure_fit: strategy sampled 5 clients (out of 5)
[92mINFO [0m:      aggregate_fit: received 4 results and 1 failures
[92mINFO [0m:      configure_evaluate: strategy sampled 5 clients (out of 5)
[92mINFO [0m:      aggregate_evaluate: received 5 results and 0 failures
Aggregated loss: 1.5511147715396996
Aggregated metrics: {'accuracy': 0.626874625074985}
[92mINFO [0m:      
[92mINFO [0m:      [ROUND 29]
[92mINFO [0m:      configure_fit: strategy sampled 5 clients (out of 5)
[92mINFO [0m:      aggregate_fit: received 4 results and 1 failures
[92mINFO [0m:      configure_evaluate: strategy sampled 5 clients (out of 5)
[92mINFO [0m:      aggregate_evaluate: received 5 results and 0 failures
Aggregated loss: 1.6030113931210361
Aggregated metrics: {'accuracy': 0.6210757848430314}
[92mINFO [0m:      
[92mINFO [0m:      [ROUND 30]
[92mINFO [0m:      configure_fit: strategy sampled 5 clients (out of 5)
[92mINFO [0m:      aggregate_fit: received 4 results and 1 failures
[92mINFO [0m:      configure_evaluate: strategy sampled 5 clients (out of 5)
[92mINFO [0m:      aggregate_evaluate: received 5 results and 0 failures
Aggregated loss: 1.669339558997256
Aggregated metrics: {'accuracy': 0.6231753649270146}
[92mINFO [0m:      
[92mINFO [0m:      [ROUND 31]
[92mINFO [0m:      configure_fit: strategy sampled 5 clients (out of 5)
[92mINFO [0m:      aggregate_fit: received 5 results and 0 failures
[92mINFO [0m:      configure_evaluate: strategy sampled 5 clients (out of 5)
[92mINFO [0m:      aggregate_evaluate: received 5 results and 0 failures
Aggregated loss: 1.4812842564237452
Aggregated metrics: {'accuracy': 0.6305738852229554}
[92mINFO [0m:      
[92mINFO [0m:      [ROUND 32]
[92mINFO [0m:      configure_fit: strategy sampled 5 clients (out of 5)
[92mINFO [0m:      aggregate_fit: received 5 results and 0 failures
[92mINFO [0m:      configure_evaluate: strategy sampled 5 clients (out of 5)
[92mINFO [0m:      aggregate_evaluate: received 5 results and 0 failures
Aggregated loss: 1.4079579875357398
Aggregated metrics: {'accuracy': 0.642371525694861}
[92mINFO [0m:      
[92mINFO [0m:      [ROUND 33]
[92mINFO [0m:      configure_fit: strategy sampled 5 clients (out of 5)
[92mINFO [0m:      aggregate_fit: received 5 results and 0 failures
[92mINFO [0m:      configure_evaluate: strategy sampled 5 clients (out of 5)
[92mINFO [0m:      aggregate_evaluate: received 5 results and 0 failures
Aggregated loss: 1.4715148118791481
Aggregated metrics: {'accuracy': 0.6401719656068786}
[92mINFO [0m:      
[92mINFO [0m:      [ROUND 34]
[92mINFO [0m:      configure_fit: strategy sampled 5 clients (out of 5)
[92mINFO [0m:      aggregate_fit: received 5 results and 0 failures
[92mINFO [0m:      configure_evaluate: strategy sampled 5 clients (out of 5)
[92mINFO [0m:      aggregate_evaluate: received 5 results and 0 failures
Aggregated loss: 1.447386279985193
Aggregated metrics: {'accuracy': 0.6430713857228554}
[92mINFO [0m:      
[92mINFO [0m:      [ROUND 35]
[92mINFO [0m:      configure_fit: strategy sampled 5 clients (out of 5)
[92mINFO [0m:      aggregate_fit: received 5 results and 0 failures
[92mINFO [0m:      configure_evaluate: strategy sampled 5 clients (out of 5)
[92mINFO [0m:      aggregate_evaluate: received 5 results and 0 failures
Aggregated loss: 1.5037400536829129
Aggregated metrics: {'accuracy': 0.6414717056588682}
[92mINFO [0m:      
[92mINFO [0m:      [ROUND 36]
[92mINFO [0m:      configure_fit: strategy sampled 5 clients (out of 5)
[92mINFO [0m:      aggregate_fit: received 5 results and 0 failures
[92mINFO [0m:      configure_evaluate: strategy sampled 5 clients (out of 5)
[92mINFO [0m:      aggregate_evaluate: received 5 results and 0 failures
Aggregated loss: 1.4710813493272286
Aggregated metrics: {'accuracy': 0.6454709058188363}
[92mINFO [0m:      
[92mINFO [0m:      [ROUND 37]
[92mINFO [0m:      configure_fit: strategy sampled 5 clients (out of 5)
[92mINFO [0m:      aggregate_fit: received 5 results and 0 failures
[92mINFO [0m:      configure_evaluate: strategy sampled 5 clients (out of 5)
[92mINFO [0m:      aggregate_evaluate: received 5 results and 0 failures
Aggregated loss: 1.4989358327933127
Aggregated metrics: {'accuracy': 0.644871025794841}
[92mINFO [0m:      
[92mINFO [0m:      [ROUND 38]
[92mINFO [0m:      configure_fit: strategy sampled 5 clients (out of 5)
[92mINFO [0m:      aggregate_fit: received 5 results and 0 failures
[92mINFO [0m:      configure_evaluate: strategy sampled 5 clients (out of 5)
[92mINFO [0m:      aggregate_evaluate: received 5 results and 0 failures
Aggregated loss: 1.5314016485895394
Aggregated metrics: {'accuracy': 0.6424715056988602}
[92mINFO [0m:      
[92mINFO [0m:      [ROUND 39]
[92mINFO [0m:      configure_fit: strategy sampled 5 clients (out of 5)
[92mINFO [0m:      aggregate_fit: received 5 results and 0 failures
[92mINFO [0m:      configure_evaluate: strategy sampled 5 clients (out of 5)
[92mINFO [0m:      aggregate_evaluate: received 5 results and 0 failures
Aggregated loss: 1.539230862058879
Aggregated metrics: {'accuracy': 0.6475704859028194}
[92mINFO [0m:      
[92mINFO [0m:      [ROUND 40]
[92mINFO [0m:      configure_fit: strategy sampled 5 clients (out of 5)
[92mINFO [0m:      aggregate_fit: received 5 results and 0 failures
[92mINFO [0m:      configure_evaluate: strategy sampled 5 clients (out of 5)
[92mINFO [0m:      aggregate_evaluate: received 5 results and 0 failures
Aggregated loss: 1.5761324111394246
Aggregated metrics: {'accuracy': 0.6526694661067787}
[92mINFO [0m:      
[92mINFO [0m:      [ROUND 41]
[92mINFO [0m:      configure_fit: strategy sampled 5 clients (out of 5)
[92mINFO [0m:      aggregate_fit: received 5 results and 0 failures
[92mINFO [0m:      configure_evaluate: strategy sampled 5 clients (out of 5)
[92mINFO [0m:      aggregate_evaluate: received 5 results and 0 failures
Aggregated loss: 1.6448701599481639
Aggregated metrics: {'accuracy': 0.6500699860027994}
[92mINFO [0m:      
[92mINFO [0m:      [ROUND 42]
[92mINFO [0m:      configure_fit: strategy sampled 5 clients (out of 5)
[92mINFO [0m:      aggregate_fit: received 5 results and 0 failures
[92mINFO [0m:      configure_evaluate: strategy sampled 5 clients (out of 5)
[92mINFO [0m:      aggregate_evaluate: received 5 results and 0 failures
Aggregated loss: 1.602040905407476
Aggregated metrics: {'accuracy': 0.647370525894821}
[92mINFO [0m:      
[92mINFO [0m:      [ROUND 43]
[92mINFO [0m:      configure_fit: strategy sampled 5 clients (out of 5)
[92mINFO [0m:      aggregate_fit: received 5 results and 0 failures
[92mINFO [0m:      configure_evaluate: strategy sampled 5 clients (out of 5)
[92mINFO [0m:      aggregate_evaluate: received 5 results and 0 failures
Aggregated loss: 1.6192078892959132
Aggregated metrics: {'accuracy': 0.645870825834833}
[92mINFO [0m:      
[92mINFO [0m:      [ROUND 44]
[92mINFO [0m:      configure_fit: strategy sampled 5 clients (out of 5)
[92mINFO [0m:      aggregate_fit: received 5 results and 0 failures
[92mINFO [0m:      configure_evaluate: strategy sampled 5 clients (out of 5)
[92mINFO [0m:      aggregate_evaluate: received 5 results and 0 failures
Aggregated loss: 1.6150443980608107
Aggregated metrics: {'accuracy': 0.6462707458508299}
[92mINFO [0m:      
[92mINFO [0m:      [ROUND 45]
[92mINFO [0m:      configure_fit: strategy sampled 5 clients (out of 5)
[92mINFO [0m:      aggregate_fit: received 5 results and 0 failures
[92mINFO [0m:      configure_evaluate: strategy sampled 5 clients (out of 5)
[92mINFO [0m:      aggregate_evaluate: received 5 results and 0 failures
Aggregated loss: 1.6302966894012163
Aggregated metrics: {'accuracy': 0.6481703659268147}
[92mINFO [0m:      
[92mINFO [0m:      [ROUND 46]
[92mINFO [0m:      configure_fit: strategy sampled 5 clients (out of 5)
[92mINFO [0m:      aggregate_fit: received 5 results and 0 failures
[92mINFO [0m:      configure_evaluate: strategy sampled 5 clients (out of 5)
[92mINFO [0m:      aggregate_evaluate: received 5 results and 0 failures
Aggregated loss: 1.6557837873126349
Aggregated metrics: {'accuracy': 0.649370125974805}
[92mINFO [0m:      
[92mINFO [0m:      [ROUND 47]
[92mINFO [0m:      configure_fit: strategy sampled 5 clients (out of 5)
[92mINFO [0m:      aggregate_fit: received 5 results and 0 failures
[92mINFO [0m:      configure_evaluate: strategy sampled 5 clients (out of 5)
[92mINFO [0m:      aggregate_evaluate: received 5 results and 0 failures
Aggregated loss: 1.6943973579350715
Aggregated metrics: {'accuracy': 0.6535692861427714}
[92mINFO [0m:      
[92mINFO [0m:      [ROUND 48]
[92mINFO [0m:      configure_fit: strategy sampled 5 clients (out of 5)
[92mINFO [0m:      aggregate_fit: received 5 results and 0 failures
[92mINFO [0m:      configure_evaluate: strategy sampled 5 clients (out of 5)
[92mINFO [0m:      aggregate_evaluate: received 5 results and 0 failures
Aggregated loss: 1.7102048928505467
Aggregated metrics: {'accuracy': 0.6515696860627874}
[92mINFO [0m:      
[92mINFO [0m:      [ROUND 49]
[92mINFO [0m:      configure_fit: strategy sampled 5 clients (out of 5)
[92mINFO [0m:      aggregate_fit: received 5 results and 0 failures
[92mINFO [0m:      configure_evaluate: strategy sampled 5 clients (out of 5)
[92mINFO [0m:      aggregate_evaluate: received 5 results and 0 failures
Aggregated loss: 1.6954751818879548
Aggregated metrics: {'accuracy': 0.6557688462307538}
[92mINFO [0m:      
[92mINFO [0m:      [ROUND 50]
[92mINFO [0m:      configure_fit: strategy sampled 5 clients (out of 5)
[92mINFO [0m:      aggregate_fit: received 5 results and 0 failures
[92mINFO [0m:      configure_evaluate: strategy sampled 5 clients (out of 5)
[92mINFO [0m:      aggregate_evaluate: received 5 results and 0 failures
Aggregated loss: 1.7208037197923114
Aggregated metrics: {'accuracy': 0.6539692061587683}
[92mINFO [0m:      
[92mINFO [0m:      [SUMMARY]
[92mINFO [0m:      Run finished 50 round(s) in 7379.39s
[92mINFO [0m:      	History (loss, distributed):
[92mINFO [0m:      		round 1: 2.1941729804721257
[92mINFO [0m:      		round 2: 2.008689222955278
[92mINFO [0m:      		round 3: 1.7823164498903286
[92mINFO [0m:      		round 4: 1.709730047383014
[92mINFO [0m:      		round 5: 1.605048992402287
[92mINFO [0m:      		round 6: 1.52529610307808
[92mINFO [0m:      		round 7: 1.5093813223883072
[92mINFO [0m:      		round 8: 1.460084403301924
[92mINFO [0m:      		round 9: 1.4113878528224537
[92mINFO [0m:      		round 10: 1.3715574622344207
[92mINFO [0m:      		round 11: 1.329962371060907
[92mINFO [0m:      		round 12: 1.3154088919151747
[92mINFO [0m:      		round 13: 1.3438593334051958
[92mINFO [0m:      		round 14: 1.3370994665622724
[92mINFO [0m:      		round 15: 1.2855473475393655
[92mINFO [0m:      		round 16: 1.2721233566145353
[92mINFO [0m:      		round 17: 1.2923496993251322
[92mINFO [0m:      		round 18: 1.3216673307005964
[92mINFO [0m:      		round 19: 1.3305341823734695
[92mINFO [0m:      		round 20: 1.3427215469363083
[92mINFO [0m:      		round 21: 1.3482971354307773
[92mINFO [0m:      		round 22: 1.3468622881965528
[92mINFO [0m:      		round 23: 1.3971121581170378
[92mINFO [0m:      		round 24: 1.4519974051096378
[92mINFO [0m:      		round 25: 1.464009984097266
[92mINFO [0m:      		round 26: 1.5757554072415823
[92mINFO [0m:      		round 27: 1.5314522820452359
[92mINFO [0m:      		round 28: 1.5511147715396996
[92mINFO [0m:      		round 29: 1.6030113931210361
[92mINFO [0m:      		round 30: 1.669339558997256
[92mINFO [0m:      		round 31: 1.4812842564237452
[92mINFO [0m:      		round 32: 1.4079579875357398
[92mINFO [0m:      		round 33: 1.4715148118791481
[92mINFO [0m:      		round 34: 1.447386279985193
[92mINFO [0m:      		round 35: 1.5037400536829129
[92mINFO [0m:      		round 36: 1.4710813493272286
[92mINFO [0m:      		round 37: 1.4989358327933127
[92mINFO [0m:      		round 38: 1.5314016485895394
[92mINFO [0m:      		round 39: 1.539230862058879
[92mINFO [0m:      		round 40: 1.5761324111394246
[92mINFO [0m:      		round 41: 1.6448701599481639
[92mINFO [0m:      		round 42: 1.602040905407476
[92mINFO [0m:      		round 43: 1.6192078892959132
[92mINFO [0m:      		round 44: 1.6150443980608107
[92mINFO [0m:      		round 45: 1.6302966894012163
[92mINFO [0m:      		round 46: 1.6557837873126349
[92mINFO [0m:      		round 47: 1.6943973579350715
[92mINFO [0m:      		round 48: 1.7102048928505467
[92mINFO [0m:      		round 49: 1.6954751818879548
[92mINFO [0m:      		round 50: 1.7208037197923114
[92mINFO [0m:      	History (metrics, distributed, evaluate):
[92mINFO [0m:      	{'accuracy': [(1, 0.23245350929814038),
[92mINFO [0m:      	              (2, 0.27694461107778445),
[92mINFO [0m:      	              (3, 0.352629474105179),
[92mINFO [0m:      	              (4, 0.3709258148370326),
[92mINFO [0m:      	              (5, 0.4170165966806639),
[92mINFO [0m:      	              (6, 0.4559088182363527),
[92mINFO [0m:      	              (7, 0.47360527894421117),
[92mINFO [0m:      	              (8, 0.486502699460108),
[92mINFO [0m:      	              (9, 0.5085982803439312),
[92mINFO [0m:      	              (10, 0.5312937412517497),
[92mINFO [0m:      	              (11, 0.553989202159568),
[92mINFO [0m:      	              (12, 0.5675864827034593),
[92mINFO [0m:      	              (13, 0.5662867426514697),
[92mINFO [0m:      	              (14, 0.5780843831233753),
[92mINFO [0m:      	              (15, 0.5947810437912417),
[92mINFO [0m:      	              (16, 0.6040791841631674),
[92mINFO [0m:      	              (17, 0.6053789242151569),
[92mINFO [0m:      	              (18, 0.5996800639872025),
[92mINFO [0m:      	              (19, 0.6034793041391722),
[92mINFO [0m:      	              (20, 0.6149770045990802),
[92mINFO [0m:      	              (21, 0.617376524695061),
[92mINFO [0m:      	              (22, 0.623375324935013),
[92mINFO [0m:      	              (23, 0.6230753849230154),
[92mINFO [0m:      	              (24, 0.621375724855029),
[92mINFO [0m:      	              (25, 0.6249750049990002),
[92mINFO [0m:      	              (26, 0.6207758448310338),
[92mINFO [0m:      	              (27, 0.6240751849630074),
[92mINFO [0m:      	              (28, 0.626874625074985),
[92mINFO [0m:      	              (29, 0.6210757848430314),
[92mINFO [0m:      	              (30, 0.6231753649270146),
[92mINFO [0m:      	              (31, 0.6305738852229554),
[92mINFO [0m:      	              (32, 0.642371525694861),
[92mINFO [0m:      	              (33, 0.6401719656068786),
[92mINFO [0m:      	              (34, 0.6430713857228554),
[92mINFO [0m:      	              (35, 0.6414717056588682),
[92mINFO [0m:      	              (36, 0.6454709058188363),
[92mINFO [0m:      	              (37, 0.644871025794841),
[92mINFO [0m:      	              (38, 0.6424715056988602),
[92mINFO [0m:      	              (39, 0.6475704859028194),
[92mINFO [0m:      	              (40, 0.6526694661067787),
[92mINFO [0m:      	              (41, 0.6500699860027994),
[92mINFO [0m:      	              (42, 0.647370525894821),
[92mINFO [0m:      	              (43, 0.645870825834833),
[92mINFO [0m:      	              (44, 0.6462707458508299),
[92mINFO [0m:      	              (45, 0.6481703659268147),
[92mINFO [0m:      	              (46, 0.649370125974805),
[92mINFO [0m:      	              (47, 0.6535692861427714),
[92mINFO [0m:      	              (48, 0.6515696860627874),
[92mINFO [0m:      	              (49, 0.6557688462307538),
[92mINFO [0m:      	              (50, 0.6539692061587683)]}
[92mINFO [0m:      
