Loading project configuration... 
Success
🎊 Successfully built defadmin.flops-infra-drift.1-0-0.207dfad7.fab
🎊 Successfully started run 1986917843764396369
[92mINFO [0m:      Starting Flower ServerApp
[32m[1m🎊 Successfully installed flops-infra-drift to /home/defadmin/.flwr/apps/defadmin.flops-infra-drift.1.0.0.207dfad7.[0m
[92mINFO [0m:      Starting Flower ServerApp, config: num_rounds=50, no round_timeout
[92mINFO [0m:      
[92mINFO [0m:      [INIT]
[92mINFO [0m:      Requesting initial parameters from one random client
[92mINFO [0m:      Received initial parameters from one random client
[92mINFO [0m:      Starting evaluation of initial global parameters
[92mINFO [0m:      Evaluation returned no results (`None`)
[92mINFO [0m:      
[92mINFO [0m:      [ROUND 1]
[92mINFO [0m:      configure_fit: strategy sampled 5 clients (out of 5)
[92mINFO [0m:      aggregate_fit: received 5 results and 0 failures
[93mWARNING [0m:   No fit_metrics_aggregation_fn provided
[92mINFO [0m:      configure_evaluate: strategy sampled 5 clients (out of 5)
[92mINFO [0m:      aggregate_evaluate: received 5 results and 0 failures
Aggregated loss: 2.2693136738585102
Aggregated metrics: {'accuracy': 0.23265346930613878}
[92mINFO [0m:      
[92mINFO [0m:      [ROUND 2]
[92mINFO [0m:      configure_fit: strategy sampled 5 clients (out of 5)
[92mINFO [0m:      aggregate_fit: received 5 results and 0 failures
[92mINFO [0m:      configure_evaluate: strategy sampled 5 clients (out of 5)
[92mINFO [0m:      aggregate_evaluate: received 5 results and 0 failures
Aggregated loss: 2.1089082451960817
Aggregated metrics: {'accuracy': 0.21515696860627875}
[92mINFO [0m:      
[92mINFO [0m:      [ROUND 3]
[92mINFO [0m:      configure_fit: strategy sampled 5 clients (out of 5)
[92mINFO [0m:      aggregate_fit: received 5 results and 0 failures
[92mINFO [0m:      configure_evaluate: strategy sampled 5 clients (out of 5)
[92mINFO [0m:      aggregate_evaluate: received 5 results and 0 failures
Aggregated loss: 1.818858636773675
Aggregated metrics: {'accuracy': 0.34413117376524693}
[92mINFO [0m:      
[92mINFO [0m:      [ROUND 4]
[92mINFO [0m:      configure_fit: strategy sampled 5 clients (out of 5)
[92mINFO [0m:      aggregate_fit: received 5 results and 0 failures
[92mINFO [0m:      configure_evaluate: strategy sampled 5 clients (out of 5)
[92mINFO [0m:      aggregate_evaluate: received 5 results and 0 failures
Aggregated loss: 1.7127979546479348
Aggregated metrics: {'accuracy': 0.3700259948010398}
[92mINFO [0m:      
[92mINFO [0m:      [ROUND 5]
[92mINFO [0m:      configure_fit: strategy sampled 5 clients (out of 5)
[92mINFO [0m:      aggregate_fit: received 5 results and 0 failures
[92mINFO [0m:      configure_evaluate: strategy sampled 5 clients (out of 5)
[92mINFO [0m:      aggregate_evaluate: received 5 results and 0 failures
Aggregated loss: 1.5925132918046212
Aggregated metrics: {'accuracy': 0.4257148570285943}
[92mINFO [0m:      
[92mINFO [0m:      [ROUND 6]
[92mINFO [0m:      configure_fit: strategy sampled 5 clients (out of 5)
[92mINFO [0m:      aggregate_fit: received 5 results and 0 failures
[92mINFO [0m:      configure_evaluate: strategy sampled 5 clients (out of 5)
[92mINFO [0m:      aggregate_evaluate: received 5 results and 0 failures
Aggregated loss: 1.5073593639750653
Aggregated metrics: {'accuracy': 0.46250749850029993}
[92mINFO [0m:      
[92mINFO [0m:      [ROUND 7]
[92mINFO [0m:      configure_fit: strategy sampled 5 clients (out of 5)
[92mINFO [0m:      aggregate_fit: received 4 results and 1 failures
[92mINFO [0m:      configure_evaluate: strategy sampled 5 clients (out of 5)
[92mINFO [0m:      aggregate_evaluate: received 5 results and 0 failures
Aggregated loss: 1.6086481507967356
Aggregated metrics: {'accuracy': 0.4387122575484903}
[92mINFO [0m:      
[92mINFO [0m:      [ROUND 8]
[92mINFO [0m:      configure_fit: strategy sampled 5 clients (out of 5)
[92mINFO [0m:      aggregate_fit: received 4 results and 1 failures
[92mINFO [0m:      configure_evaluate: strategy sampled 5 clients (out of 5)
[92mINFO [0m:      aggregate_evaluate: received 5 results and 0 failures
Aggregated loss: 1.5628625303654677
Aggregated metrics: {'accuracy': 0.4563087382523495}
[92mINFO [0m:      
[92mINFO [0m:      [ROUND 9]
[92mINFO [0m:      configure_fit: strategy sampled 5 clients (out of 5)
[92mINFO [0m:      aggregate_fit: received 4 results and 1 failures
[92mINFO [0m:      configure_evaluate: strategy sampled 5 clients (out of 5)
[92mINFO [0m:      aggregate_evaluate: received 5 results and 0 failures
Aggregated loss: 1.4906523432882108
Aggregated metrics: {'accuracy': 0.49610077984403117}
[92mINFO [0m:      
[92mINFO [0m:      [ROUND 10]
[92mINFO [0m:      configure_fit: strategy sampled 5 clients (out of 5)
[92mINFO [0m:      aggregate_fit: received 4 results and 1 failures
[92mINFO [0m:      configure_evaluate: strategy sampled 5 clients (out of 5)
[92mINFO [0m:      aggregate_evaluate: received 5 results and 0 failures
Aggregated loss: 1.5005088263159545
Aggregated metrics: {'accuracy': 0.4896020795840832}
[92mINFO [0m:      
[92mINFO [0m:      [ROUND 11]
[92mINFO [0m:      configure_fit: strategy sampled 5 clients (out of 5)
[92mINFO [0m:      aggregate_fit: received 4 results and 1 failures
[92mINFO [0m:      configure_evaluate: strategy sampled 5 clients (out of 5)
[92mINFO [0m:      aggregate_evaluate: received 5 results and 0 failures
Aggregated loss: 1.4326238158117897
Aggregated metrics: {'accuracy': 0.5212957408518296}
[92mINFO [0m:      
[92mINFO [0m:      [ROUND 12]
[92mINFO [0m:      configure_fit: strategy sampled 5 clients (out of 5)
[92mINFO [0m:      aggregate_fit: received 4 results and 1 failures
[92mINFO [0m:      configure_evaluate: strategy sampled 5 clients (out of 5)
[92mINFO [0m:      aggregate_evaluate: received 5 results and 0 failures
Aggregated loss: 1.4293438397503944
Aggregated metrics: {'accuracy': 0.5389922015596881}
[92mINFO [0m:      
[92mINFO [0m:      [ROUND 13]
[92mINFO [0m:      configure_fit: strategy sampled 5 clients (out of 5)
[92mINFO [0m:      aggregate_fit: received 4 results and 1 failures
[92mINFO [0m:      configure_evaluate: strategy sampled 5 clients (out of 5)
[92mINFO [0m:      aggregate_evaluate: received 5 results and 0 failures
Aggregated loss: 1.3733473968951087
Aggregated metrics: {'accuracy': 0.5543891221755649}
[92mINFO [0m:      
[92mINFO [0m:      [ROUND 14]
[92mINFO [0m:      configure_fit: strategy sampled 5 clients (out of 5)
[92mINFO [0m:      aggregate_fit: received 4 results and 1 failures
[92mINFO [0m:      configure_evaluate: strategy sampled 5 clients (out of 5)
[92mINFO [0m:      aggregate_evaluate: received 5 results and 0 failures
Aggregated loss: 1.376696730392732
Aggregated metrics: {'accuracy': 0.5548890221955609}
[92mINFO [0m:      
[92mINFO [0m:      [ROUND 15]
[92mINFO [0m:      configure_fit: strategy sampled 5 clients (out of 5)
[92mINFO [0m:      aggregate_fit: received 4 results and 1 failures
[92mINFO [0m:      configure_evaluate: strategy sampled 5 clients (out of 5)
[92mINFO [0m:      aggregate_evaluate: received 5 results and 0 failures
Aggregated loss: 1.4147636505493286
Aggregated metrics: {'accuracy': 0.551489702059588}
[92mINFO [0m:      
[92mINFO [0m:      [ROUND 16]
[92mINFO [0m:      configure_fit: strategy sampled 5 clients (out of 5)
[92mINFO [0m:      aggregate_fit: received 4 results and 1 failures
[92mINFO [0m:      configure_evaluate: strategy sampled 5 clients (out of 5)
[92mINFO [0m:      aggregate_evaluate: received 5 results and 0 failures
Aggregated loss: 1.3449893851808314
Aggregated metrics: {'accuracy': 0.5760847830433913}
[92mINFO [0m:      
[92mINFO [0m:      [ROUND 17]
[92mINFO [0m:      configure_fit: strategy sampled 5 clients (out of 5)
[92mINFO [0m:      aggregate_fit: received 4 results and 1 failures
[92mINFO [0m:      configure_evaluate: strategy sampled 5 clients (out of 5)
[92mINFO [0m:      aggregate_evaluate: received 5 results and 0 failures
Aggregated loss: 1.416160660810255
Aggregated metrics: {'accuracy': 0.5719856028794241}
[92mINFO [0m:      
[92mINFO [0m:      [ROUND 18]
[92mINFO [0m:      configure_fit: strategy sampled 5 clients (out of 5)
[92mINFO [0m:      aggregate_fit: received 4 results and 1 failures
[92mINFO [0m:      configure_evaluate: strategy sampled 5 clients (out of 5)
[92mINFO [0m:      aggregate_evaluate: received 5 results and 0 failures
Aggregated loss: 1.4196855467112623
Aggregated metrics: {'accuracy': 0.5765846830633873}
[92mINFO [0m:      
[92mINFO [0m:      [ROUND 19]
[92mINFO [0m:      configure_fit: strategy sampled 5 clients (out of 5)
[92mINFO [0m:      aggregate_fit: received 4 results and 1 failures
[92mINFO [0m:      configure_evaluate: strategy sampled 5 clients (out of 5)
[92mINFO [0m:      aggregate_evaluate: received 5 results and 0 failures
Aggregated loss: 1.4156212695530108
Aggregated metrics: {'accuracy': 0.5787842431513697}
[92mINFO [0m:      
[92mINFO [0m:      [ROUND 20]
[92mINFO [0m:      configure_fit: strategy sampled 5 clients (out of 5)
[92mINFO [0m:      aggregate_fit: received 4 results and 1 failures
[92mINFO [0m:      configure_evaluate: strategy sampled 5 clients (out of 5)
[92mINFO [0m:      aggregate_evaluate: received 5 results and 0 failures
Aggregated loss: 1.4088674103236403
Aggregated metrics: {'accuracy': 0.5890821835632873}
[92mINFO [0m:      
[92mINFO [0m:      [ROUND 21]
[92mINFO [0m:      configure_fit: strategy sampled 5 clients (out of 5)
[92mINFO [0m:      aggregate_fit: received 4 results and 1 failures
[92mINFO [0m:      configure_evaluate: strategy sampled 5 clients (out of 5)
[92mINFO [0m:      aggregate_evaluate: received 5 results and 0 failures
Aggregated loss: 1.4448582249960071
Aggregated metrics: {'accuracy': 0.5844831033793242}
[92mINFO [0m:      
[92mINFO [0m:      [ROUND 22]
[92mINFO [0m:      configure_fit: strategy sampled 5 clients (out of 5)
[92mINFO [0m:      aggregate_fit: received 4 results and 1 failures
[92mINFO [0m:      configure_evaluate: strategy sampled 5 clients (out of 5)
[92mINFO [0m:      aggregate_evaluate: received 5 results and 0 failures
Aggregated loss: 1.4167119672553303
Aggregated metrics: {'accuracy': 0.5972805438912218}
[92mINFO [0m:      
[92mINFO [0m:      [ROUND 23]
[92mINFO [0m:      configure_fit: strategy sampled 5 clients (out of 5)
[92mINFO [0m:      aggregate_fit: received 4 results and 1 failures
[92mINFO [0m:      configure_evaluate: strategy sampled 5 clients (out of 5)
[92mINFO [0m:      aggregate_evaluate: received 5 results and 0 failures
Aggregated loss: 1.4794081904828662
Aggregated metrics: {'accuracy': 0.5843831233753249}
[92mINFO [0m:      
[92mINFO [0m:      [ROUND 24]
[92mINFO [0m:      configure_fit: strategy sampled 5 clients (out of 5)
[92mINFO [0m:      aggregate_fit: received 4 results and 1 failures
[92mINFO [0m:      configure_evaluate: strategy sampled 5 clients (out of 5)
[92mINFO [0m:      aggregate_evaluate: received 5 results and 0 failures
Aggregated loss: 1.5213806198091284
Aggregated metrics: {'accuracy': 0.5902819436112777}
[92mINFO [0m:      
[92mINFO [0m:      [ROUND 25]
[92mINFO [0m:      configure_fit: strategy sampled 5 clients (out of 5)
[92mINFO [0m:      aggregate_fit: received 4 results and 1 failures
[92mINFO [0m:      configure_evaluate: strategy sampled 5 clients (out of 5)
[92mINFO [0m:      aggregate_evaluate: received 5 results and 0 failures
Aggregated loss: 1.6575889086957258
Aggregated metrics: {'accuracy': 0.5881823635272946}
[92mINFO [0m:      
[92mINFO [0m:      [ROUND 26]
[92mINFO [0m:      configure_fit: strategy sampled 5 clients (out of 5)
[92mINFO [0m:      aggregate_fit: received 4 results and 1 failures
[92mINFO [0m:      configure_evaluate: strategy sampled 5 clients (out of 5)
[92mINFO [0m:      aggregate_evaluate: received 5 results and 0 failures
Aggregated loss: 1.5885756593883373
Aggregated metrics: {'accuracy': 0.5907818436312737}
[92mINFO [0m:      
[92mINFO [0m:      [ROUND 27]
[92mINFO [0m:      configure_fit: strategy sampled 5 clients (out of 5)
[92mINFO [0m:      aggregate_fit: received 4 results and 1 failures
[92mINFO [0m:      configure_evaluate: strategy sampled 5 clients (out of 5)
[92mINFO [0m:      aggregate_evaluate: received 5 results and 0 failures
Aggregated loss: 1.5986741548799088
Aggregated metrics: {'accuracy': 0.5975804839032194}
[92mINFO [0m:      
[92mINFO [0m:      [ROUND 28]
[92mINFO [0m:      configure_fit: strategy sampled 5 clients (out of 5)
[92mINFO [0m:      aggregate_fit: received 4 results and 1 failures
[92mINFO [0m:      configure_evaluate: strategy sampled 5 clients (out of 5)
[92mINFO [0m:      aggregate_evaluate: received 5 results and 0 failures
Aggregated loss: 1.6323801133984266
Aggregated metrics: {'accuracy': 0.6043791241751649}
[92mINFO [0m:      
[92mINFO [0m:      [ROUND 29]
[92mINFO [0m:      configure_fit: strategy sampled 5 clients (out of 5)
[92mINFO [0m:      aggregate_fit: received 4 results and 1 failures
[92mINFO [0m:      configure_evaluate: strategy sampled 5 clients (out of 5)
[92mINFO [0m:      aggregate_evaluate: received 5 results and 0 failures
Aggregated loss: 1.7150622749178874
Aggregated metrics: {'accuracy': 0.6039792041591682}
[92mINFO [0m:      
[92mINFO [0m:      [ROUND 30]
[92mINFO [0m:      configure_fit: strategy sampled 5 clients (out of 5)
[92mINFO [0m:      aggregate_fit: received 4 results and 1 failures
[92mINFO [0m:      configure_evaluate: strategy sampled 5 clients (out of 5)
[92mINFO [0m:      aggregate_evaluate: received 5 results and 0 failures
Aggregated loss: 1.801276416314802
Aggregated metrics: {'accuracy': 0.5939812037592481}
[92mINFO [0m:      
[92mINFO [0m:      [ROUND 31]
[92mINFO [0m:      configure_fit: strategy sampled 5 clients (out of 5)
[92mINFO [0m:      aggregate_fit: received 5 results and 0 failures
[92mINFO [0m:      configure_evaluate: strategy sampled 5 clients (out of 5)
[92mINFO [0m:      aggregate_evaluate: received 5 results and 0 failures
Aggregated loss: 1.3112126584121737
Aggregated metrics: {'accuracy': 0.6330733853229354}
[92mINFO [0m:      
[92mINFO [0m:      [ROUND 32]
[92mINFO [0m:      configure_fit: strategy sampled 5 clients (out of 5)
[92mINFO [0m:      aggregate_fit: received 5 results and 0 failures
[92mINFO [0m:      configure_evaluate: strategy sampled 5 clients (out of 5)
[92mINFO [0m:      aggregate_evaluate: received 5 results and 0 failures
Aggregated loss: 1.2820157404452133
Aggregated metrics: {'accuracy': 0.6306738652269547}
[92mINFO [0m:      
[92mINFO [0m:      [ROUND 33]
[92mINFO [0m:      configure_fit: strategy sampled 5 clients (out of 5)
[92mINFO [0m:      aggregate_fit: received 5 results and 0 failures
[92mINFO [0m:      configure_evaluate: strategy sampled 5 clients (out of 5)
[92mINFO [0m:      aggregate_evaluate: received 5 results and 0 failures
Aggregated loss: 1.2744491066597827
Aggregated metrics: {'accuracy': 0.6411717656468706}
[92mINFO [0m:      
[92mINFO [0m:      [ROUND 34]
[92mINFO [0m:      configure_fit: strategy sampled 5 clients (out of 5)
[92mINFO [0m:      aggregate_fit: received 5 results and 0 failures
[92mINFO [0m:      configure_evaluate: strategy sampled 5 clients (out of 5)
[92mINFO [0m:      aggregate_evaluate: received 5 results and 0 failures
Aggregated loss: 1.255668144365584
Aggregated metrics: {'accuracy': 0.6470705858828234}
[92mINFO [0m:      
[92mINFO [0m:      [ROUND 35]
[92mINFO [0m:      configure_fit: strategy sampled 5 clients (out of 5)
[92mINFO [0m:      aggregate_fit: received 5 results and 0 failures
[92mINFO [0m:      configure_evaluate: strategy sampled 5 clients (out of 5)
[92mINFO [0m:      aggregate_evaluate: received 5 results and 0 failures
Aggregated loss: 1.2842276843974794
Aggregated metrics: {'accuracy': 0.6445710857828434}
[92mINFO [0m:      
[92mINFO [0m:      [ROUND 36]
[92mINFO [0m:      configure_fit: strategy sampled 5 clients (out of 5)
[92mINFO [0m:      aggregate_fit: received 5 results and 0 failures
[92mINFO [0m:      configure_evaluate: strategy sampled 5 clients (out of 5)
[92mINFO [0m:      aggregate_evaluate: received 5 results and 0 failures
Aggregated loss: 1.3071188142445789
Aggregated metrics: {'accuracy': 0.6442711457708459}
[92mINFO [0m:      
[92mINFO [0m:      [ROUND 37]
[92mINFO [0m:      configure_fit: strategy sampled 5 clients (out of 5)
[92mINFO [0m:      aggregate_fit: received 5 results and 0 failures
[92mINFO [0m:      configure_evaluate: strategy sampled 5 clients (out of 5)
[92mINFO [0m:      aggregate_evaluate: received 5 results and 0 failures
Aggregated loss: 1.3021849393480138
Aggregated metrics: {'accuracy': 0.646870625874825}
[92mINFO [0m:      
[92mINFO [0m:      [ROUND 38]
[92mINFO [0m:      configure_fit: strategy sampled 5 clients (out of 5)
[92mINFO [0m:      aggregate_fit: received 5 results and 0 failures
[92mINFO [0m:      configure_evaluate: strategy sampled 5 clients (out of 5)
[92mINFO [0m:      aggregate_evaluate: received 5 results and 0 failures
Aggregated loss: 1.3241575384201516
Aggregated metrics: {'accuracy': 0.650869826034793}
[92mINFO [0m:      
[92mINFO [0m:      [ROUND 39]
[92mINFO [0m:      configure_fit: strategy sampled 5 clients (out of 5)
[92mINFO [0m:      aggregate_fit: received 5 results and 0 failures
[92mINFO [0m:      configure_evaluate: strategy sampled 5 clients (out of 5)
[92mINFO [0m:      aggregate_evaluate: received 5 results and 0 failures
Aggregated loss: 1.3689634652308345
Aggregated metrics: {'accuracy': 0.647870425914817}
[92mINFO [0m:      
[92mINFO [0m:      [ROUND 40]
[92mINFO [0m:      configure_fit: strategy sampled 5 clients (out of 5)
[92mINFO [0m:      aggregate_fit: received 5 results and 0 failures
[92mINFO [0m:      configure_evaluate: strategy sampled 5 clients (out of 5)
[92mINFO [0m:      aggregate_evaluate: received 5 results and 0 failures
Aggregated loss: 1.3807001193113568
Aggregated metrics: {'accuracy': 0.6545690861827634}
[92mINFO [0m:      
[92mINFO [0m:      [ROUND 41]
[92mINFO [0m:      configure_fit: strategy sampled 5 clients (out of 5)
[92mINFO [0m:      aggregate_fit: received 5 results and 0 failures
[92mINFO [0m:      configure_evaluate: strategy sampled 5 clients (out of 5)
[92mINFO [0m:      aggregate_evaluate: received 5 results and 0 failures
Aggregated loss: 1.3895070173314847
Aggregated metrics: {'accuracy': 0.6570685862827434}
[92mINFO [0m:      
[92mINFO [0m:      [ROUND 42]
[92mINFO [0m:      configure_fit: strategy sampled 5 clients (out of 5)
[92mINFO [0m:      aggregate_fit: received 5 results and 0 failures
[92mINFO [0m:      configure_evaluate: strategy sampled 5 clients (out of 5)
[92mINFO [0m:      aggregate_evaluate: received 5 results and 0 failures
Aggregated loss: 1.4218494378008484
Aggregated metrics: {'accuracy': 0.6565686862627474}
[92mINFO [0m:      
[92mINFO [0m:      [ROUND 43]
[92mINFO [0m:      configure_fit: strategy sampled 5 clients (out of 5)
[92mINFO [0m:      aggregate_fit: received 5 results and 0 failures
[92mINFO [0m:      configure_evaluate: strategy sampled 5 clients (out of 5)
[92mINFO [0m:      aggregate_evaluate: received 5 results and 0 failures
Aggregated loss: 1.4309810280112674
Aggregated metrics: {'accuracy': 0.6570685862827434}
[92mINFO [0m:      
[92mINFO [0m:      [ROUND 44]
[92mINFO [0m:      configure_fit: strategy sampled 5 clients (out of 5)
[92mINFO [0m:      aggregate_fit: received 5 results and 0 failures
[92mINFO [0m:      configure_evaluate: strategy sampled 5 clients (out of 5)
[92mINFO [0m:      aggregate_evaluate: received 5 results and 0 failures
Aggregated loss: 1.5034259188670038
Aggregated metrics: {'accuracy': 0.6592681463707258}
[92mINFO [0m:      
[92mINFO [0m:      [ROUND 45]
[92mINFO [0m:      configure_fit: strategy sampled 5 clients (out of 5)
[92mINFO [0m:      aggregate_fit: received 5 results and 0 failures
[92mINFO [0m:      configure_evaluate: strategy sampled 5 clients (out of 5)
[92mINFO [0m:      aggregate_evaluate: received 5 results and 0 failures
Aggregated loss: 1.4771346225619066
Aggregated metrics: {'accuracy': 0.6578684263147371}
[92mINFO [0m:      
[92mINFO [0m:      [ROUND 46]
[92mINFO [0m:      configure_fit: strategy sampled 5 clients (out of 5)
[92mINFO [0m:      aggregate_fit: received 5 results and 0 failures
[92mINFO [0m:      configure_evaluate: strategy sampled 5 clients (out of 5)
[92mINFO [0m:      aggregate_evaluate: received 5 results and 0 failures
Aggregated loss: 1.4439353324858228
Aggregated metrics: {'accuracy': 0.6668666266746651}
[92mINFO [0m:      
[92mINFO [0m:      [ROUND 47]
[92mINFO [0m:      configure_fit: strategy sampled 5 clients (out of 5)
[92mINFO [0m:      aggregate_fit: received 5 results and 0 failures
[92mINFO [0m:      configure_evaluate: strategy sampled 5 clients (out of 5)
[92mINFO [0m:      aggregate_evaluate: received 5 results and 0 failures
Aggregated loss: 1.484754358569053
Aggregated metrics: {'accuracy': 0.6585682863427315}
[92mINFO [0m:      
[92mINFO [0m:      [ROUND 48]
[92mINFO [0m:      configure_fit: strategy sampled 5 clients (out of 5)
[92mINFO [0m:      aggregate_fit: received 5 results and 0 failures
[92mINFO [0m:      configure_evaluate: strategy sampled 5 clients (out of 5)
[92mINFO [0m:      aggregate_evaluate: received 5 results and 0 failures
Aggregated loss: 1.4860074702853212
Aggregated metrics: {'accuracy': 0.6591681663667267}
[92mINFO [0m:      
[92mINFO [0m:      [ROUND 49]
[92mINFO [0m:      configure_fit: strategy sampled 5 clients (out of 5)
[92mINFO [0m:      aggregate_fit: received 5 results and 0 failures
[92mINFO [0m:      configure_evaluate: strategy sampled 5 clients (out of 5)
[92mINFO [0m:      aggregate_evaluate: received 5 results and 0 failures
Aggregated loss: 1.5703845854442753
Aggregated metrics: {'accuracy': 0.6632673465306939}
[92mINFO [0m:      
[92mINFO [0m:      [ROUND 50]
[92mINFO [0m:      configure_fit: strategy sampled 5 clients (out of 5)
[92mINFO [0m:      aggregate_fit: received 5 results and 0 failures
[92mINFO [0m:      configure_evaluate: strategy sampled 5 clients (out of 5)
[92mINFO [0m:      aggregate_evaluate: received 5 results and 0 failures
Aggregated loss: 1.5615685604372191
Aggregated metrics: {'accuracy': 0.6620675864827035}
[92mINFO [0m:      
[92mINFO [0m:      [SUMMARY]
[92mINFO [0m:      Run finished 50 round(s) in 6334.69s
[92mINFO [0m:      	History (loss, distributed):
[92mINFO [0m:      		round 1: 2.2693136738585102
[92mINFO [0m:      		round 2: 2.1089082451960817
[92mINFO [0m:      		round 3: 1.818858636773675
[92mINFO [0m:      		round 4: 1.7127979546479348
[92mINFO [0m:      		round 5: 1.5925132918046212
[92mINFO [0m:      		round 6: 1.5073593639750653
[92mINFO [0m:      		round 7: 1.6086481507967356
[92mINFO [0m:      		round 8: 1.5628625303654677
[92mINFO [0m:      		round 9: 1.4906523432882108
[92mINFO [0m:      		round 10: 1.5005088263159545
[92mINFO [0m:      		round 11: 1.4326238158117897
[92mINFO [0m:      		round 12: 1.4293438397503944
[92mINFO [0m:      		round 13: 1.3733473968951087
[92mINFO [0m:      		round 14: 1.376696730392732
[92mINFO [0m:      		round 15: 1.4147636505493286
[92mINFO [0m:      		round 16: 1.3449893851808314
[92mINFO [0m:      		round 17: 1.416160660810255
[92mINFO [0m:      		round 18: 1.4196855467112623
[92mINFO [0m:      		round 19: 1.4156212695530108
[92mINFO [0m:      		round 20: 1.4088674103236403
[92mINFO [0m:      		round 21: 1.4448582249960071
[92mINFO [0m:      		round 22: 1.4167119672553303
[92mINFO [0m:      		round 23: 1.4794081904828662
[92mINFO [0m:      		round 24: 1.5213806198091284
[92mINFO [0m:      		round 25: 1.6575889086957258
[92mINFO [0m:      		round 26: 1.5885756593883373
[92mINFO [0m:      		round 27: 1.5986741548799088
[92mINFO [0m:      		round 28: 1.6323801133984266
[92mINFO [0m:      		round 29: 1.7150622749178874
[92mINFO [0m:      		round 30: 1.801276416314802
[92mINFO [0m:      		round 31: 1.3112126584121737
[92mINFO [0m:      		round 32: 1.2820157404452133
[92mINFO [0m:      		round 33: 1.2744491066597827
[92mINFO [0m:      		round 34: 1.255668144365584
[92mINFO [0m:      		round 35: 1.2842276843974794
[92mINFO [0m:      		round 36: 1.3071188142445789
[92mINFO [0m:      		round 37: 1.3021849393480138
[92mINFO [0m:      		round 38: 1.3241575384201516
[92mINFO [0m:      		round 39: 1.3689634652308345
[92mINFO [0m:      		round 40: 1.3807001193113568
[92mINFO [0m:      		round 41: 1.3895070173314847
[92mINFO [0m:      		round 42: 1.4218494378008484
[92mINFO [0m:      		round 43: 1.4309810280112674
[92mINFO [0m:      		round 44: 1.5034259188670038
[92mINFO [0m:      		round 45: 1.4771346225619066
[92mINFO [0m:      		round 46: 1.4439353324858228
[92mINFO [0m:      		round 47: 1.484754358569053
[92mINFO [0m:      		round 48: 1.4860074702853212
[92mINFO [0m:      		round 49: 1.5703845854442753
[92mINFO [0m:      		round 50: 1.5615685604372191
[92mINFO [0m:      	History (metrics, distributed, evaluate):
[92mINFO [0m:      	{'accuracy': [(1, 0.23265346930613878),
[92mINFO [0m:      	              (2, 0.21515696860627875),
[92mINFO [0m:      	              (3, 0.34413117376524693),
[92mINFO [0m:      	              (4, 0.3700259948010398),
[92mINFO [0m:      	              (5, 0.4257148570285943),
[92mINFO [0m:      	              (6, 0.46250749850029993),
[92mINFO [0m:      	              (7, 0.4387122575484903),
[92mINFO [0m:      	              (8, 0.4563087382523495),
[92mINFO [0m:      	              (9, 0.49610077984403117),
[92mINFO [0m:      	              (10, 0.4896020795840832),
[92mINFO [0m:      	              (11, 0.5212957408518296),
[92mINFO [0m:      	              (12, 0.5389922015596881),
[92mINFO [0m:      	              (13, 0.5543891221755649),
[92mINFO [0m:      	              (14, 0.5548890221955609),
[92mINFO [0m:      	              (15, 0.551489702059588),
[92mINFO [0m:      	              (16, 0.5760847830433913),
[92mINFO [0m:      	              (17, 0.5719856028794241),
[92mINFO [0m:      	              (18, 0.5765846830633873),
[92mINFO [0m:      	              (19, 0.5787842431513697),
[92mINFO [0m:      	              (20, 0.5890821835632873),
[92mINFO [0m:      	              (21, 0.5844831033793242),
[92mINFO [0m:      	              (22, 0.5972805438912218),
[92mINFO [0m:      	              (23, 0.5843831233753249),
[92mINFO [0m:      	              (24, 0.5902819436112777),
[92mINFO [0m:      	              (25, 0.5881823635272946),
[92mINFO [0m:      	              (26, 0.5907818436312737),
[92mINFO [0m:      	              (27, 0.5975804839032194),
[92mINFO [0m:      	              (28, 0.6043791241751649),
[92mINFO [0m:      	              (29, 0.6039792041591682),
[92mINFO [0m:      	              (30, 0.5939812037592481),
[92mINFO [0m:      	              (31, 0.6330733853229354),
[92mINFO [0m:      	              (32, 0.6306738652269547),
[92mINFO [0m:      	              (33, 0.6411717656468706),
[92mINFO [0m:      	              (34, 0.6470705858828234),
[92mINFO [0m:      	              (35, 0.6445710857828434),
[92mINFO [0m:      	              (36, 0.6442711457708459),
[92mINFO [0m:      	              (37, 0.646870625874825),
[92mINFO [0m:      	              (38, 0.650869826034793),
[92mINFO [0m:      	              (39, 0.647870425914817),
[92mINFO [0m:      	              (40, 0.6545690861827634),
[92mINFO [0m:      	              (41, 0.6570685862827434),
[92mINFO [0m:      	              (42, 0.6565686862627474),
[92mINFO [0m:      	              (43, 0.6570685862827434),
[92mINFO [0m:      	              (44, 0.6592681463707258),
[92mINFO [0m:      	              (45, 0.6578684263147371),
[92mINFO [0m:      	              (46, 0.6668666266746651),
[92mINFO [0m:      	              (47, 0.6585682863427315),
[92mINFO [0m:      	              (48, 0.6591681663667267),
[92mINFO [0m:      	              (49, 0.6632673465306939),
[92mINFO [0m:      	              (50, 0.6620675864827035)]}
[92mINFO [0m:      
