Loading project configuration... 
Success
🎊 Successfully built defadmin.flops-infra-drift.1-0-0.d2d03913.fab
🎊 Successfully started run 6140088690762109763
[92mINFO [0m:      Starting Flower ServerApp
[32m[1m🎊 Successfully installed flops-infra-drift to /home/defadmin/.flwr/apps/defadmin.flops-infra-drift.1.0.0.d2d03913.[0m
[92mINFO [0m:      Starting Flower ServerApp, config: num_rounds=50, no round_timeout
[92mINFO [0m:      
[92mINFO [0m:      [INIT]
[92mINFO [0m:      Requesting initial parameters from one random client
[92mINFO [0m:      Received initial parameters from one random client
[92mINFO [0m:      Starting evaluation of initial global parameters
[92mINFO [0m:      Evaluation returned no results (`None`)
[92mINFO [0m:      
[92mINFO [0m:      [ROUND 1]
[92mINFO [0m:      configure_fit: strategy sampled 5 clients (out of 5)
[92mINFO [0m:      aggregate_fit: received 5 results and 0 failures
Results' length before substitution: 5
Results' length after substitution: 5
[93mWARNING [0m:   No fit_metrics_aggregation_fn provided
[92mINFO [0m:      configure_evaluate: strategy sampled 5 clients (out of 5)
[92mINFO [0m:      aggregate_evaluate: received 5 results and 0 failures
Aggregated loss: 2.381437977091571
Aggregated metrics: {'accuracy': 0.1883623275344931}
[92mINFO [0m:      
[92mINFO [0m:      [ROUND 2]
[92mINFO [0m:      configure_fit: strategy sampled 5 clients (out of 5)
[92mINFO [0m:      aggregate_fit: received 5 results and 0 failures
Results' length before substitution: 5
Results' length after substitution: 5
[92mINFO [0m:      configure_evaluate: strategy sampled 5 clients (out of 5)
[92mINFO [0m:      aggregate_evaluate: received 5 results and 0 failures
Aggregated loss: 1.97600019234732
Aggregated metrics: {'accuracy': 0.27134573085382924}
[92mINFO [0m:      
[92mINFO [0m:      [ROUND 3]
[92mINFO [0m:      configure_fit: strategy sampled 5 clients (out of 5)
[92mINFO [0m:      aggregate_fit: received 5 results and 0 failures
Results' length before substitution: 5
Results' length after substitution: 5
[92mINFO [0m:      configure_evaluate: strategy sampled 5 clients (out of 5)
[92mINFO [0m:      aggregate_evaluate: received 5 results and 0 failures
Aggregated loss: 1.7795338926084237
Aggregated metrics: {'accuracy': 0.35112977404519097}
[92mINFO [0m:      
[92mINFO [0m:      [ROUND 4]
[92mINFO [0m:      configure_fit: strategy sampled 5 clients (out of 5)
[92mINFO [0m:      aggregate_fit: received 5 results and 0 failures
Results' length before substitution: 5
Results' length after substitution: 5
[92mINFO [0m:      configure_evaluate: strategy sampled 5 clients (out of 5)
[92mINFO [0m:      aggregate_evaluate: received 5 results and 0 failures
Aggregated loss: 1.6644532514418806
Aggregated metrics: {'accuracy': 0.39112177564487105}
[92mINFO [0m:      
[92mINFO [0m:      [ROUND 5]
[92mINFO [0m:      configure_fit: strategy sampled 5 clients (out of 5)
[92mINFO [0m:      aggregate_fit: received 5 results and 0 failures
Results' length before substitution: 5
Results' length after substitution: 5
[92mINFO [0m:      configure_evaluate: strategy sampled 5 clients (out of 5)
[92mINFO [0m:      aggregate_evaluate: received 5 results and 0 failures
Aggregated loss: 1.5450348935003764
Aggregated metrics: {'accuracy': 0.44311137772445514}
[92mINFO [0m:      
[92mINFO [0m:      [ROUND 6]
[92mINFO [0m:      configure_fit: strategy sampled 5 clients (out of 5)
[92mINFO [0m:      aggregate_fit: received 5 results and 0 failures
Results' length before substitution: 5
Results' length after substitution: 5
[92mINFO [0m:      configure_evaluate: strategy sampled 5 clients (out of 5)
[92mINFO [0m:      aggregate_evaluate: received 5 results and 0 failures
Aggregated loss: 1.4945707122102965
Aggregated metrics: {'accuracy': 0.4668066386722656}
[92mINFO [0m:      
[92mINFO [0m:      [ROUND 7]
[92mINFO [0m:      configure_fit: strategy sampled 5 clients (out of 5)
[92mINFO [0m:      aggregate_fit: received 4 results and 1 failures
Results' length before substitution: 4
Extracting dropped client parameters from results...
Extracted 4 sets of substituted parameters.
Starting aggregation of parameters...
Aggregating parameters for client 0 with 1618 samples.
Aggregating parameters for client 1 with 696 samples.
Aggregating parameters for client 2 with 1072 samples.
Aggregating parameters for client 3 with 1603 samples.
All client parameters collected. Performing in-place aggregation...
Aggregation complete.
Appended substituted parameters to results.
Results' length after substitution: 5
[92mINFO [0m:      configure_evaluate: strategy sampled 5 clients (out of 5)
[92mINFO [0m:      aggregate_evaluate: received 5 results and 0 failures
Aggregated loss: 1.4232692574359997
Aggregated metrics: {'accuracy': 0.4967006598680264}
[92mINFO [0m:      
[92mINFO [0m:      [ROUND 8]
[92mINFO [0m:      configure_fit: strategy sampled 5 clients (out of 5)
[92mINFO [0m:      aggregate_fit: received 4 results and 1 failures
Results' length before substitution: 4
Extracting dropped client parameters from results...
Extracted 4 sets of substituted parameters.
Starting aggregation of parameters...
Aggregating parameters for client 0 with 1618 samples.
Aggregating parameters for client 1 with 696 samples.
Aggregating parameters for client 2 with 1072 samples.
Aggregating parameters for client 3 with 1603 samples.
All client parameters collected. Performing in-place aggregation...
Aggregation complete.
Appended substituted parameters to results.
Results' length after substitution: 5
[92mINFO [0m:      configure_evaluate: strategy sampled 5 clients (out of 5)
[92mINFO [0m:      aggregate_evaluate: received 5 results and 0 failures
Aggregated loss: 1.3697645965348808
Aggregated metrics: {'accuracy': 0.521995600879824}
[92mINFO [0m:      
[92mINFO [0m:      [ROUND 9]
[92mINFO [0m:      configure_fit: strategy sampled 5 clients (out of 5)
[92mINFO [0m:      aggregate_fit: received 4 results and 1 failures
Results' length before substitution: 4
Extracting dropped client parameters from results...
Extracted 4 sets of substituted parameters.
Starting aggregation of parameters...
Aggregating parameters for client 0 with 1618 samples.
Aggregating parameters for client 1 with 696 samples.
Aggregating parameters for client 2 with 1072 samples.
Aggregating parameters for client 3 with 1603 samples.
All client parameters collected. Performing in-place aggregation...
Aggregation complete.
Appended substituted parameters to results.
Results' length after substitution: 5
[92mINFO [0m:      configure_evaluate: strategy sampled 5 clients (out of 5)
[92mINFO [0m:      aggregate_evaluate: received 5 results and 0 failures
Aggregated loss: 1.3041118385183816
Aggregated metrics: {'accuracy': 0.5460907818436312}
[92mINFO [0m:      
[92mINFO [0m:      [ROUND 10]
[92mINFO [0m:      configure_fit: strategy sampled 5 clients (out of 5)
[92mINFO [0m:      aggregate_fit: received 4 results and 1 failures
Results' length before substitution: 4
Extracting dropped client parameters from results...
Extracted 4 sets of substituted parameters.
Starting aggregation of parameters...
Aggregating parameters for client 0 with 1618 samples.
Aggregating parameters for client 1 with 696 samples.
Aggregating parameters for client 2 with 1072 samples.
Aggregating parameters for client 3 with 1603 samples.
All client parameters collected. Performing in-place aggregation...
Aggregation complete.
Appended substituted parameters to results.
Results' length after substitution: 5
[92mINFO [0m:      configure_evaluate: strategy sampled 5 clients (out of 5)
[92mINFO [0m:      aggregate_evaluate: received 5 results and 0 failures
Aggregated loss: 1.2552625043595753
Aggregated metrics: {'accuracy': 0.5725854829034193}
[92mINFO [0m:      
[92mINFO [0m:      [ROUND 11]
[92mINFO [0m:      configure_fit: strategy sampled 5 clients (out of 5)
[92mINFO [0m:      aggregate_fit: received 4 results and 1 failures
Results' length before substitution: 4
Extracting dropped client parameters from results...
Extracted 4 sets of substituted parameters.
Starting aggregation of parameters...
Aggregating parameters for client 0 with 1618 samples.
Aggregating parameters for client 1 with 696 samples.
Aggregating parameters for client 2 with 1072 samples.
Aggregating parameters for client 3 with 1603 samples.
All client parameters collected. Performing in-place aggregation...
Aggregation complete.
Appended substituted parameters to results.
Results' length after substitution: 5
[92mINFO [0m:      configure_evaluate: strategy sampled 5 clients (out of 5)
[92mINFO [0m:      aggregate_evaluate: received 5 results and 0 failures
Aggregated loss: 1.2481663873542008
Aggregated metrics: {'accuracy': 0.5783843231353729}
[92mINFO [0m:      
[92mINFO [0m:      [ROUND 12]
[92mINFO [0m:      configure_fit: strategy sampled 5 clients (out of 5)
[92mINFO [0m:      aggregate_fit: received 4 results and 1 failures
Results' length before substitution: 4
Extracting dropped client parameters from results...
Extracted 4 sets of substituted parameters.
Starting aggregation of parameters...
Aggregating parameters for client 0 with 1618 samples.
Aggregating parameters for client 1 with 696 samples.
Aggregating parameters for client 2 with 1072 samples.
Aggregating parameters for client 3 with 1603 samples.
All client parameters collected. Performing in-place aggregation...
Aggregation complete.
Appended substituted parameters to results.
Results' length after substitution: 5
[92mINFO [0m:      configure_evaluate: strategy sampled 5 clients (out of 5)
[92mINFO [0m:      aggregate_evaluate: received 5 results and 0 failures
Aggregated loss: 1.2411919690500377
Aggregated metrics: {'accuracy': 0.5857828434313137}
[92mINFO [0m:      
[92mINFO [0m:      [ROUND 13]
[92mINFO [0m:      configure_fit: strategy sampled 5 clients (out of 5)
[92mINFO [0m:      aggregate_fit: received 4 results and 1 failures
Results' length before substitution: 4
Extracting dropped client parameters from results...
Extracted 4 sets of substituted parameters.
Starting aggregation of parameters...
Aggregating parameters for client 0 with 1618 samples.
Aggregating parameters for client 1 with 696 samples.
Aggregating parameters for client 2 with 1072 samples.
Aggregating parameters for client 3 with 1603 samples.
All client parameters collected. Performing in-place aggregation...
Aggregation complete.
Appended substituted parameters to results.
Results' length after substitution: 5
[92mINFO [0m:      configure_evaluate: strategy sampled 5 clients (out of 5)
[92mINFO [0m:      aggregate_evaluate: received 5 results and 0 failures
Aggregated loss: 1.1921930545614072
Aggregated metrics: {'accuracy': 0.6028794241151769}
[92mINFO [0m:      
[92mINFO [0m:      [ROUND 14]
[92mINFO [0m:      configure_fit: strategy sampled 5 clients (out of 5)
[92mINFO [0m:      aggregate_fit: received 4 results and 1 failures
Results' length before substitution: 4
Extracting dropped client parameters from results...
Extracted 4 sets of substituted parameters.
Starting aggregation of parameters...
Aggregating parameters for client 0 with 1618 samples.
Aggregating parameters for client 1 with 696 samples.
Aggregating parameters for client 2 with 1072 samples.
Aggregating parameters for client 3 with 1603 samples.
All client parameters collected. Performing in-place aggregation...
Aggregation complete.
Appended substituted parameters to results.
Results' length after substitution: 5
[92mINFO [0m:      configure_evaluate: strategy sampled 5 clients (out of 5)
[92mINFO [0m:      aggregate_evaluate: received 5 results and 0 failures
Aggregated loss: 1.1891480128233711
Aggregated metrics: {'accuracy': 0.6059788042391522}
[92mINFO [0m:      
[92mINFO [0m:      [ROUND 15]
[92mINFO [0m:      configure_fit: strategy sampled 5 clients (out of 5)
[92mINFO [0m:      aggregate_fit: received 4 results and 1 failures
Results' length before substitution: 4
Extracting dropped client parameters from results...
Extracted 4 sets of substituted parameters.
Starting aggregation of parameters...
Aggregating parameters for client 0 with 1618 samples.
Aggregating parameters for client 1 with 696 samples.
Aggregating parameters for client 2 with 1072 samples.
Aggregating parameters for client 3 with 1603 samples.
All client parameters collected. Performing in-place aggregation...
Aggregation complete.
Appended substituted parameters to results.
Results' length after substitution: 5
[92mINFO [0m:      configure_evaluate: strategy sampled 5 clients (out of 5)
[92mINFO [0m:      aggregate_evaluate: received 5 results and 0 failures
Aggregated loss: 1.1794522356135808
Aggregated metrics: {'accuracy': 0.6129774045190962}
[92mINFO [0m:      
[92mINFO [0m:      [ROUND 16]
[92mINFO [0m:      configure_fit: strategy sampled 5 clients (out of 5)
[92mINFO [0m:      aggregate_fit: received 4 results and 1 failures
Results' length before substitution: 4
Extracting dropped client parameters from results...
Extracted 4 sets of substituted parameters.
Starting aggregation of parameters...
Aggregating parameters for client 0 with 1618 samples.
Aggregating parameters for client 1 with 696 samples.
Aggregating parameters for client 2 with 1072 samples.
Aggregating parameters for client 3 with 1603 samples.
All client parameters collected. Performing in-place aggregation...
Aggregation complete.
Appended substituted parameters to results.
Results' length after substitution: 5
[92mINFO [0m:      configure_evaluate: strategy sampled 5 clients (out of 5)
[92mINFO [0m:      aggregate_evaluate: received 5 results and 0 failures
Aggregated loss: 1.2072069783077355
Aggregated metrics: {'accuracy': 0.6155768846230754}
[92mINFO [0m:      
[92mINFO [0m:      [ROUND 17]
[92mINFO [0m:      configure_fit: strategy sampled 5 clients (out of 5)
[92mINFO [0m:      aggregate_fit: received 4 results and 1 failures
Results' length before substitution: 4
Extracting dropped client parameters from results...
Extracted 4 sets of substituted parameters.
Starting aggregation of parameters...
Aggregating parameters for client 0 with 1618 samples.
Aggregating parameters for client 1 with 696 samples.
Aggregating parameters for client 2 with 1072 samples.
Aggregating parameters for client 3 with 1603 samples.
All client parameters collected. Performing in-place aggregation...
Aggregation complete.
Appended substituted parameters to results.
Results' length after substitution: 5
[92mINFO [0m:      configure_evaluate: strategy sampled 5 clients (out of 5)
[92mINFO [0m:      aggregate_evaluate: received 5 results and 0 failures
Aggregated loss: 1.1625986132493125
Aggregated metrics: {'accuracy': 0.6307738452309538}
[92mINFO [0m:      
[92mINFO [0m:      [ROUND 18]
[92mINFO [0m:      configure_fit: strategy sampled 5 clients (out of 5)
[92mINFO [0m:      aggregate_fit: received 4 results and 1 failures
Results' length before substitution: 4
Extracting dropped client parameters from results...
Extracted 4 sets of substituted parameters.
Starting aggregation of parameters...
Aggregating parameters for client 0 with 1618 samples.
Aggregating parameters for client 1 with 696 samples.
Aggregating parameters for client 2 with 1072 samples.
Aggregating parameters for client 3 with 1603 samples.
All client parameters collected. Performing in-place aggregation...
Aggregation complete.
Appended substituted parameters to results.
Results' length after substitution: 5
[92mINFO [0m:      configure_evaluate: strategy sampled 5 clients (out of 5)
[92mINFO [0m:      aggregate_evaluate: received 5 results and 0 failures
Aggregated loss: 1.1802614566351395
Aggregated metrics: {'accuracy': 0.6328734253149371}
[92mINFO [0m:      
[92mINFO [0m:      [ROUND 19]
[92mINFO [0m:      configure_fit: strategy sampled 5 clients (out of 5)
[92mINFO [0m:      aggregate_fit: received 4 results and 1 failures
Results' length before substitution: 4
Extracting dropped client parameters from results...
Extracted 4 sets of substituted parameters.
Starting aggregation of parameters...
Aggregating parameters for client 0 with 1618 samples.
Aggregating parameters for client 1 with 696 samples.
Aggregating parameters for client 2 with 1072 samples.
Aggregating parameters for client 3 with 1603 samples.
All client parameters collected. Performing in-place aggregation...
Aggregation complete.
Appended substituted parameters to results.
Results' length after substitution: 5
[92mINFO [0m:      configure_evaluate: strategy sampled 5 clients (out of 5)
[92mINFO [0m:      aggregate_evaluate: received 5 results and 0 failures
Aggregated loss: 1.2441000367893342
Aggregated metrics: {'accuracy': 0.627874425114977}
[92mINFO [0m:      
[92mINFO [0m:      [ROUND 20]
[92mINFO [0m:      configure_fit: strategy sampled 5 clients (out of 5)
[92mINFO [0m:      aggregate_fit: received 4 results and 1 failures
Results' length before substitution: 4
Extracting dropped client parameters from results...
Extracted 4 sets of substituted parameters.
Starting aggregation of parameters...
Aggregating parameters for client 0 with 1618 samples.
Aggregating parameters for client 1 with 696 samples.
Aggregating parameters for client 2 with 1072 samples.
Aggregating parameters for client 3 with 1603 samples.
All client parameters collected. Performing in-place aggregation...
Aggregation complete.
Appended substituted parameters to results.
Results' length after substitution: 5
[92mINFO [0m:      configure_evaluate: strategy sampled 5 clients (out of 5)
[92mINFO [0m:      aggregate_evaluate: received 5 results and 0 failures
Aggregated loss: 1.2624154143853048
Aggregated metrics: {'accuracy': 0.629374125174965}
[92mINFO [0m:      
[92mINFO [0m:      [ROUND 21]
[92mINFO [0m:      configure_fit: strategy sampled 5 clients (out of 5)
[92mINFO [0m:      aggregate_fit: received 4 results and 1 failures
Results' length before substitution: 4
Extracting dropped client parameters from results...
Extracted 4 sets of substituted parameters.
Starting aggregation of parameters...
Aggregating parameters for client 0 with 1618 samples.
Aggregating parameters for client 1 with 696 samples.
Aggregating parameters for client 2 with 1072 samples.
Aggregating parameters for client 3 with 1603 samples.
All client parameters collected. Performing in-place aggregation...
Aggregation complete.
Appended substituted parameters to results.
Results' length after substitution: 5
[92mINFO [0m:      configure_evaluate: strategy sampled 5 clients (out of 5)
[92mINFO [0m:      aggregate_evaluate: received 5 results and 0 failures
Aggregated loss: 1.2253677798307576
Aggregated metrics: {'accuracy': 0.6427714457108579}
[92mINFO [0m:      
[92mINFO [0m:      [ROUND 22]
[92mINFO [0m:      configure_fit: strategy sampled 5 clients (out of 5)
[92mINFO [0m:      aggregate_fit: received 4 results and 1 failures
Results' length before substitution: 4
Extracting dropped client parameters from results...
Extracted 4 sets of substituted parameters.
Starting aggregation of parameters...
Aggregating parameters for client 0 with 1618 samples.
Aggregating parameters for client 1 with 696 samples.
Aggregating parameters for client 2 with 1072 samples.
Aggregating parameters for client 3 with 1603 samples.
All client parameters collected. Performing in-place aggregation...
Aggregation complete.
Appended substituted parameters to results.
Results' length after substitution: 5
[92mINFO [0m:      configure_evaluate: strategy sampled 5 clients (out of 5)
[92mINFO [0m:      aggregate_evaluate: received 5 results and 0 failures
Aggregated loss: 1.2434624736433848
Aggregated metrics: {'accuracy': 0.6414717056588682}
[92mINFO [0m:      
[92mINFO [0m:      [ROUND 23]
[92mINFO [0m:      configure_fit: strategy sampled 5 clients (out of 5)
[92mINFO [0m:      aggregate_fit: received 4 results and 1 failures
Results' length before substitution: 4
Extracting dropped client parameters from results...
Extracted 4 sets of substituted parameters.
Starting aggregation of parameters...
Aggregating parameters for client 0 with 1618 samples.
Aggregating parameters for client 1 with 696 samples.
Aggregating parameters for client 2 with 1072 samples.
Aggregating parameters for client 3 with 1603 samples.
All client parameters collected. Performing in-place aggregation...
Aggregation complete.
Appended substituted parameters to results.
Results' length after substitution: 5
[92mINFO [0m:      configure_evaluate: strategy sampled 5 clients (out of 5)
[92mINFO [0m:      aggregate_evaluate: received 5 results and 0 failures
Aggregated loss: 1.2953577914568999
Aggregated metrics: {'accuracy': 0.6445710857828434}
[92mINFO [0m:      
[92mINFO [0m:      [ROUND 24]
[92mINFO [0m:      configure_fit: strategy sampled 5 clients (out of 5)
[92mINFO [0m:      aggregate_fit: received 4 results and 1 failures
Results' length before substitution: 4
Extracting dropped client parameters from results...
Extracted 4 sets of substituted parameters.
Starting aggregation of parameters...
Aggregating parameters for client 0 with 1618 samples.
Aggregating parameters for client 1 with 696 samples.
Aggregating parameters for client 2 with 1072 samples.
Aggregating parameters for client 3 with 1603 samples.
All client parameters collected. Performing in-place aggregation...
Aggregation complete.
Appended substituted parameters to results.
Results' length after substitution: 5
[92mINFO [0m:      configure_evaluate: strategy sampled 5 clients (out of 5)
[92mINFO [0m:      aggregate_evaluate: received 5 results and 0 failures
Aggregated loss: 1.3243231874592292
Aggregated metrics: {'accuracy': 0.642871425714857}
[92mINFO [0m:      
[92mINFO [0m:      [ROUND 25]
[92mINFO [0m:      configure_fit: strategy sampled 5 clients (out of 5)
[92mINFO [0m:      aggregate_fit: received 4 results and 1 failures
Results' length before substitution: 4
Extracting dropped client parameters from results...
Extracted 4 sets of substituted parameters.
Starting aggregation of parameters...
Aggregating parameters for client 0 with 1618 samples.
Aggregating parameters for client 1 with 696 samples.
Aggregating parameters for client 2 with 1072 samples.
Aggregating parameters for client 3 with 1603 samples.
All client parameters collected. Performing in-place aggregation...
Aggregation complete.
Appended substituted parameters to results.
Results' length after substitution: 5
[92mINFO [0m:      configure_evaluate: strategy sampled 5 clients (out of 5)
[92mINFO [0m:      aggregate_evaluate: received 5 results and 0 failures
Aggregated loss: 1.3432034429162103
Aggregated metrics: {'accuracy': 0.6401719656068786}
[92mINFO [0m:      
[92mINFO [0m:      [ROUND 26]
[92mINFO [0m:      configure_fit: strategy sampled 5 clients (out of 5)
[92mINFO [0m:      aggregate_fit: received 4 results and 1 failures
Results' length before substitution: 4
Extracting dropped client parameters from results...
Extracted 4 sets of substituted parameters.
Starting aggregation of parameters...
Aggregating parameters for client 0 with 1618 samples.
Aggregating parameters for client 1 with 696 samples.
Aggregating parameters for client 2 with 1072 samples.
Aggregating parameters for client 3 with 1603 samples.
All client parameters collected. Performing in-place aggregation...
Aggregation complete.
Appended substituted parameters to results.
Results' length after substitution: 5
[92mINFO [0m:      configure_evaluate: strategy sampled 5 clients (out of 5)
[92mINFO [0m:      aggregate_evaluate: received 5 results and 0 failures
Aggregated loss: 1.3590215973890865
Aggregated metrics: {'accuracy': 0.6485702859428114}
[92mINFO [0m:      
[92mINFO [0m:      [ROUND 27]
[92mINFO [0m:      configure_fit: strategy sampled 5 clients (out of 5)
[92mINFO [0m:      aggregate_fit: received 4 results and 1 failures
Results' length before substitution: 4
Extracting dropped client parameters from results...
Extracted 4 sets of substituted parameters.
Starting aggregation of parameters...
Aggregating parameters for client 0 with 1618 samples.
Aggregating parameters for client 1 with 696 samples.
Aggregating parameters for client 2 with 1072 samples.
Aggregating parameters for client 3 with 1603 samples.
All client parameters collected. Performing in-place aggregation...
Aggregation complete.
Appended substituted parameters to results.
Results' length after substitution: 5
[92mINFO [0m:      configure_evaluate: strategy sampled 5 clients (out of 5)
[92mINFO [0m:      aggregate_evaluate: received 5 results and 0 failures
Aggregated loss: 1.3614490720881962
Aggregated metrics: {'accuracy': 0.650369926014797}
[92mINFO [0m:      
[92mINFO [0m:      [ROUND 28]
[92mINFO [0m:      configure_fit: strategy sampled 5 clients (out of 5)
[92mINFO [0m:      aggregate_fit: received 4 results and 1 failures
Results' length before substitution: 4
Extracting dropped client parameters from results...
Extracted 4 sets of substituted parameters.
Starting aggregation of parameters...
Aggregating parameters for client 0 with 1618 samples.
Aggregating parameters for client 1 with 696 samples.
Aggregating parameters for client 2 with 1072 samples.
Aggregating parameters for client 3 with 1603 samples.
All client parameters collected. Performing in-place aggregation...
Aggregation complete.
Appended substituted parameters to results.
Results' length after substitution: 5
[92mINFO [0m:      configure_evaluate: strategy sampled 5 clients (out of 5)
[92mINFO [0m:      aggregate_evaluate: received 5 results and 0 failures
Aggregated loss: 1.381319508678299
Aggregated metrics: {'accuracy': 0.6467706458708259}
[92mINFO [0m:      
[92mINFO [0m:      [ROUND 29]
[92mINFO [0m:      configure_fit: strategy sampled 5 clients (out of 5)
[92mINFO [0m:      aggregate_fit: received 4 results and 1 failures
Results' length before substitution: 4
Extracting dropped client parameters from results...
Extracted 4 sets of substituted parameters.
Starting aggregation of parameters...
Aggregating parameters for client 0 with 1618 samples.
Aggregating parameters for client 1 with 696 samples.
Aggregating parameters for client 2 with 1072 samples.
Aggregating parameters for client 3 with 1603 samples.
All client parameters collected. Performing in-place aggregation...
Aggregation complete.
Appended substituted parameters to results.
Results' length after substitution: 5
[92mINFO [0m:      configure_evaluate: strategy sampled 5 clients (out of 5)
[92mINFO [0m:      aggregate_evaluate: received 5 results and 0 failures
Aggregated loss: 1.3995921875538435
Aggregated metrics: {'accuracy': 0.652869426114777}
[92mINFO [0m:      
[92mINFO [0m:      [ROUND 30]
[92mINFO [0m:      configure_fit: strategy sampled 5 clients (out of 5)
[92mINFO [0m:      aggregate_fit: received 4 results and 1 failures
Results' length before substitution: 4
Extracting dropped client parameters from results...
Extracted 4 sets of substituted parameters.
Starting aggregation of parameters...
Aggregating parameters for client 0 with 1618 samples.
Aggregating parameters for client 1 with 696 samples.
Aggregating parameters for client 2 with 1072 samples.
Aggregating parameters for client 3 with 1603 samples.
All client parameters collected. Performing in-place aggregation...
Aggregation complete.
Appended substituted parameters to results.
Results' length after substitution: 5
[92mINFO [0m:      configure_evaluate: strategy sampled 5 clients (out of 5)
[92mINFO [0m:      aggregate_evaluate: received 5 results and 0 failures
Aggregated loss: 1.457220815682627
Aggregated metrics: {'accuracy': 0.6486702659468107}
[92mINFO [0m:      
[92mINFO [0m:      [ROUND 31]
[92mINFO [0m:      configure_fit: strategy sampled 5 clients (out of 5)
[92mINFO [0m:      aggregate_fit: received 5 results and 0 failures
Results' length before substitution: 5
Results' length after substitution: 5
[92mINFO [0m:      configure_evaluate: strategy sampled 5 clients (out of 5)
[92mINFO [0m:      aggregate_evaluate: received 5 results and 0 failures
Aggregated loss: 1.4577351769931393
Aggregated metrics: {'accuracy': 0.6446710657868426}
[92mINFO [0m:      
[92mINFO [0m:      [ROUND 32]
[92mINFO [0m:      configure_fit: strategy sampled 5 clients (out of 5)
[92mINFO [0m:      aggregate_fit: received 5 results and 0 failures
Results' length before substitution: 5
Results' length after substitution: 5
[92mINFO [0m:      configure_evaluate: strategy sampled 5 clients (out of 5)
[92mINFO [0m:      aggregate_evaluate: received 5 results and 0 failures
Aggregated loss: 1.3690612862013527
Aggregated metrics: {'accuracy': 0.6536692661467707}
[92mINFO [0m:      
[92mINFO [0m:      [ROUND 33]
[92mINFO [0m:      configure_fit: strategy sampled 5 clients (out of 5)
[92mINFO [0m:      aggregate_fit: received 5 results and 0 failures
Results' length before substitution: 5
Results' length after substitution: 5
[92mINFO [0m:      configure_evaluate: strategy sampled 5 clients (out of 5)
[92mINFO [0m:      aggregate_evaluate: received 5 results and 0 failures
Aggregated loss: 1.3821850832387708
Aggregated metrics: {'accuracy': 0.6563687262547491}
[92mINFO [0m:      
[92mINFO [0m:      [ROUND 34]
[92mINFO [0m:      configure_fit: strategy sampled 5 clients (out of 5)
[92mINFO [0m:      aggregate_fit: received 5 results and 0 failures
Results' length before substitution: 5
Results' length after substitution: 5
[92mINFO [0m:      configure_evaluate: strategy sampled 5 clients (out of 5)
[92mINFO [0m:      aggregate_evaluate: received 5 results and 0 failures
Aggregated loss: 1.3953797958158267
Aggregated metrics: {'accuracy': 0.6577684463107378}
[92mINFO [0m:      
[92mINFO [0m:      [ROUND 35]
[92mINFO [0m:      configure_fit: strategy sampled 5 clients (out of 5)
[92mINFO [0m:      aggregate_fit: received 5 results and 0 failures
Results' length before substitution: 5
Results' length after substitution: 5
[92mINFO [0m:      configure_evaluate: strategy sampled 5 clients (out of 5)
[92mINFO [0m:      aggregate_evaluate: received 5 results and 0 failures
Aggregated loss: 1.408159147070414
Aggregated metrics: {'accuracy': 0.6570685862827434}
[92mINFO [0m:      
[92mINFO [0m:      [ROUND 36]
[92mINFO [0m:      configure_fit: strategy sampled 5 clients (out of 5)
[92mINFO [0m:      aggregate_fit: received 5 results and 0 failures
Results' length before substitution: 5
Results' length after substitution: 5
[92mINFO [0m:      configure_evaluate: strategy sampled 5 clients (out of 5)
[92mINFO [0m:      aggregate_evaluate: received 5 results and 0 failures
Aggregated loss: 1.4700101226928004
Aggregated metrics: {'accuracy': 0.6582683463307338}
[92mINFO [0m:      
[92mINFO [0m:      [ROUND 37]
[92mINFO [0m:      configure_fit: strategy sampled 5 clients (out of 5)
[92mINFO [0m:      aggregate_fit: received 5 results and 0 failures
Results' length before substitution: 5
Results' length after substitution: 5
[92mINFO [0m:      configure_evaluate: strategy sampled 5 clients (out of 5)
[92mINFO [0m:      aggregate_evaluate: received 5 results and 0 failures
Aggregated loss: 1.468539148442926
Aggregated metrics: {'accuracy': 0.6646670665866826}
[92mINFO [0m:      
[92mINFO [0m:      [ROUND 38]
[92mINFO [0m:      configure_fit: strategy sampled 5 clients (out of 5)
[92mINFO [0m:      aggregate_fit: received 5 results and 0 failures
Results' length before substitution: 5
Results' length after substitution: 5
[92mINFO [0m:      configure_evaluate: strategy sampled 5 clients (out of 5)
[92mINFO [0m:      aggregate_evaluate: received 5 results and 0 failures
Aggregated loss: 1.4631847115559675
Aggregated metrics: {'accuracy': 0.6577684463107378}
[92mINFO [0m:      
[92mINFO [0m:      [ROUND 39]
[92mINFO [0m:      configure_fit: strategy sampled 5 clients (out of 5)
[92mINFO [0m:      aggregate_fit: received 5 results and 0 failures
Results' length before substitution: 5
Results' length after substitution: 5
[92mINFO [0m:      configure_evaluate: strategy sampled 5 clients (out of 5)
[92mINFO [0m:      aggregate_evaluate: received 5 results and 0 failures
Aggregated loss: 1.47466716408914
Aggregated metrics: {'accuracy': 0.6645670865826835}
[92mINFO [0m:      
[92mINFO [0m:      [ROUND 40]
[92mINFO [0m:      configure_fit: strategy sampled 5 clients (out of 5)
[92mINFO [0m:      aggregate_fit: received 5 results and 0 failures
Results' length before substitution: 5
Results' length after substitution: 5
[92mINFO [0m:      configure_evaluate: strategy sampled 5 clients (out of 5)
[92mINFO [0m:      aggregate_evaluate: received 5 results and 0 failures
Aggregated loss: 1.5161512119182867
Aggregated metrics: {'accuracy': 0.6619676064787042}
[92mINFO [0m:      
[92mINFO [0m:      [ROUND 41]
[92mINFO [0m:      configure_fit: strategy sampled 5 clients (out of 5)
[92mINFO [0m:      aggregate_fit: received 5 results and 0 failures
Results' length before substitution: 5
Results' length after substitution: 5
[92mINFO [0m:      configure_evaluate: strategy sampled 5 clients (out of 5)
[92mINFO [0m:      aggregate_evaluate: received 5 results and 0 failures
Aggregated loss: 1.485206119471375
Aggregated metrics: {'accuracy': 0.6627674465106979}
[92mINFO [0m:      
[92mINFO [0m:      [ROUND 42]
[92mINFO [0m:      configure_fit: strategy sampled 5 clients (out of 5)
[92mINFO [0m:      aggregate_fit: received 5 results and 0 failures
Results' length before substitution: 5
Results' length after substitution: 5
[92mINFO [0m:      configure_evaluate: strategy sampled 5 clients (out of 5)
[92mINFO [0m:      aggregate_evaluate: received 5 results and 0 failures
Aggregated loss: 1.5148685001435134
Aggregated metrics: {'accuracy': 0.6664667066586683}
[92mINFO [0m:      
[92mINFO [0m:      [ROUND 43]
[92mINFO [0m:      configure_fit: strategy sampled 5 clients (out of 5)
[92mINFO [0m:      aggregate_fit: received 5 results and 0 failures
Results' length before substitution: 5
Results' length after substitution: 5
[92mINFO [0m:      configure_evaluate: strategy sampled 5 clients (out of 5)
[92mINFO [0m:      aggregate_evaluate: received 5 results and 0 failures
Aggregated loss: 1.526244766580703
Aggregated metrics: {'accuracy': 0.6695660867826435}
[92mINFO [0m:      
[92mINFO [0m:      [ROUND 44]
[92mINFO [0m:      configure_fit: strategy sampled 5 clients (out of 5)
[92mINFO [0m:      aggregate_fit: received 5 results and 0 failures
Results' length before substitution: 5
Results' length after substitution: 5
[92mINFO [0m:      configure_evaluate: strategy sampled 5 clients (out of 5)
[92mINFO [0m:      aggregate_evaluate: received 5 results and 0 failures
Aggregated loss: 1.5700740587882591
Aggregated metrics: {'accuracy': 0.6645670865826835}
[92mINFO [0m:      
[92mINFO [0m:      [ROUND 45]
[92mINFO [0m:      configure_fit: strategy sampled 5 clients (out of 5)
[92mINFO [0m:      aggregate_fit: received 5 results and 0 failures
Results' length before substitution: 5
Results' length after substitution: 5
[92mINFO [0m:      configure_evaluate: strategy sampled 5 clients (out of 5)
[92mINFO [0m:      aggregate_evaluate: received 5 results and 0 failures
Aggregated loss: 1.5162197021045163
Aggregated metrics: {'accuracy': 0.6666666666666666}
[92mINFO [0m:      
[92mINFO [0m:      [ROUND 46]
[92mINFO [0m:      configure_fit: strategy sampled 5 clients (out of 5)
[92mINFO [0m:      aggregate_fit: received 5 results and 0 failures
Results' length before substitution: 5
Results' length after substitution: 5
[92mINFO [0m:      configure_evaluate: strategy sampled 5 clients (out of 5)
[92mINFO [0m:      aggregate_evaluate: received 5 results and 0 failures
Aggregated loss: 1.5925338325667264
Aggregated metrics: {'accuracy': 0.6629674065186962}
[92mINFO [0m:      
[92mINFO [0m:      [ROUND 47]
[92mINFO [0m:      configure_fit: strategy sampled 5 clients (out of 5)
[92mINFO [0m:      aggregate_fit: received 5 results and 0 failures
Results' length before substitution: 5
Results' length after substitution: 5
[92mINFO [0m:      configure_evaluate: strategy sampled 5 clients (out of 5)
[92mINFO [0m:      aggregate_evaluate: received 5 results and 0 failures
Aggregated loss: 1.6713747130911982
Aggregated metrics: {'accuracy': 0.6584683063387322}
[92mINFO [0m:      
[92mINFO [0m:      [ROUND 48]
[92mINFO [0m:      configure_fit: strategy sampled 5 clients (out of 5)
[92mINFO [0m:      aggregate_fit: received 5 results and 0 failures
Results' length before substitution: 5
Results' length after substitution: 5
[92mINFO [0m:      configure_evaluate: strategy sampled 5 clients (out of 5)
[92mINFO [0m:      aggregate_evaluate: received 5 results and 0 failures
Aggregated loss: 1.6554453123086175
Aggregated metrics: {'accuracy': 0.6578684263147371}
[92mINFO [0m:      
[92mINFO [0m:      [ROUND 49]
[92mINFO [0m:      configure_fit: strategy sampled 5 clients (out of 5)
[92mINFO [0m:      aggregate_fit: received 5 results and 0 failures
Results' length before substitution: 5
Results' length after substitution: 5
[92mINFO [0m:      configure_evaluate: strategy sampled 5 clients (out of 5)
[92mINFO [0m:      aggregate_evaluate: received 5 results and 0 failures
Aggregated loss: 1.625273809101679
Aggregated metrics: {'accuracy': 0.6645670865826835}
[92mINFO [0m:      
[92mINFO [0m:      [ROUND 50]
[92mINFO [0m:      configure_fit: strategy sampled 5 clients (out of 5)
[92mINFO [0m:      aggregate_fit: received 5 results and 0 failures
Results' length before substitution: 5
Results' length after substitution: 5
[92mINFO [0m:      configure_evaluate: strategy sampled 5 clients (out of 5)
[92mINFO [0m:      aggregate_evaluate: received 5 results and 0 failures
Aggregated loss: 1.6232875534192435
Aggregated metrics: {'accuracy': 0.6660667866426715}
[92mINFO [0m:      
[92mINFO [0m:      [SUMMARY]
[92mINFO [0m:      Run finished 50 round(s) in 8083.63s
[92mINFO [0m:      	History (loss, distributed):
[92mINFO [0m:      		round 1: 2.381437977091571
[92mINFO [0m:      		round 2: 1.97600019234732
[92mINFO [0m:      		round 3: 1.7795338926084237
[92mINFO [0m:      		round 4: 1.6644532514418806
[92mINFO [0m:      		round 5: 1.5450348935003764
[92mINFO [0m:      		round 6: 1.4945707122102965
[92mINFO [0m:      		round 7: 1.4232692574359997
[92mINFO [0m:      		round 8: 1.3697645965348808
[92mINFO [0m:      		round 9: 1.3041118385183816
[92mINFO [0m:      		round 10: 1.2552625043595753
[92mINFO [0m:      		round 11: 1.2481663873542008
[92mINFO [0m:      		round 12: 1.2411919690500377
[92mINFO [0m:      		round 13: 1.1921930545614072
[92mINFO [0m:      		round 14: 1.1891480128233711
[92mINFO [0m:      		round 15: 1.1794522356135808
[92mINFO [0m:      		round 16: 1.2072069783077355
[92mINFO [0m:      		round 17: 1.1625986132493125
[92mINFO [0m:      		round 18: 1.1802614566351395
[92mINFO [0m:      		round 19: 1.2441000367893342
[92mINFO [0m:      		round 20: 1.2624154143853048
[92mINFO [0m:      		round 21: 1.2253677798307576
[92mINFO [0m:      		round 22: 1.2434624736433848
[92mINFO [0m:      		round 23: 1.2953577914568999
[92mINFO [0m:      		round 24: 1.3243231874592292
[92mINFO [0m:      		round 25: 1.3432034429162103
[92mINFO [0m:      		round 26: 1.3590215973890865
[92mINFO [0m:      		round 27: 1.3614490720881962
[92mINFO [0m:      		round 28: 1.381319508678299
[92mINFO [0m:      		round 29: 1.3995921875538435
[92mINFO [0m:      		round 30: 1.457220815682627
[92mINFO [0m:      		round 31: 1.4577351769931393
[92mINFO [0m:      		round 32: 1.3690612862013527
[92mINFO [0m:      		round 33: 1.3821850832387708
[92mINFO [0m:      		round 34: 1.3953797958158267
[92mINFO [0m:      		round 35: 1.408159147070414
[92mINFO [0m:      		round 36: 1.4700101226928004
[92mINFO [0m:      		round 37: 1.468539148442926
[92mINFO [0m:      		round 38: 1.4631847115559675
[92mINFO [0m:      		round 39: 1.47466716408914
[92mINFO [0m:      		round 40: 1.5161512119182867
[92mINFO [0m:      		round 41: 1.485206119471375
[92mINFO [0m:      		round 42: 1.5148685001435134
[92mINFO [0m:      		round 43: 1.526244766580703
[92mINFO [0m:      		round 44: 1.5700740587882591
[92mINFO [0m:      		round 45: 1.5162197021045163
[92mINFO [0m:      		round 46: 1.5925338325667264
[92mINFO [0m:      		round 47: 1.6713747130911982
[92mINFO [0m:      		round 48: 1.6554453123086175
[92mINFO [0m:      		round 49: 1.625273809101679
[92mINFO [0m:      		round 50: 1.6232875534192435
[92mINFO [0m:      	History (metrics, distributed, evaluate):
[92mINFO [0m:      	{'accuracy': [(1, 0.1883623275344931),
[92mINFO [0m:      	              (2, 0.27134573085382924),
[92mINFO [0m:      	              (3, 0.35112977404519097),
[92mINFO [0m:      	              (4, 0.39112177564487105),
[92mINFO [0m:      	              (5, 0.44311137772445514),
[92mINFO [0m:      	              (6, 0.4668066386722656),
[92mINFO [0m:      	              (7, 0.4967006598680264),
[92mINFO [0m:      	              (8, 0.521995600879824),
[92mINFO [0m:      	              (9, 0.5460907818436312),
[92mINFO [0m:      	              (10, 0.5725854829034193),
[92mINFO [0m:      	              (11, 0.5783843231353729),
[92mINFO [0m:      	              (12, 0.5857828434313137),
[92mINFO [0m:      	              (13, 0.6028794241151769),
[92mINFO [0m:      	              (14, 0.6059788042391522),
[92mINFO [0m:      	              (15, 0.6129774045190962),
[92mINFO [0m:      	              (16, 0.6155768846230754),
[92mINFO [0m:      	              (17, 0.6307738452309538),
[92mINFO [0m:      	              (18, 0.6328734253149371),
[92mINFO [0m:      	              (19, 0.627874425114977),
[92mINFO [0m:      	              (20, 0.629374125174965),
[92mINFO [0m:      	              (21, 0.6427714457108579),
[92mINFO [0m:      	              (22, 0.6414717056588682),
[92mINFO [0m:      	              (23, 0.6445710857828434),
[92mINFO [0m:      	              (24, 0.642871425714857),
[92mINFO [0m:      	              (25, 0.6401719656068786),
[92mINFO [0m:      	              (26, 0.6485702859428114),
[92mINFO [0m:      	              (27, 0.650369926014797),
[92mINFO [0m:      	              (28, 0.6467706458708259),
[92mINFO [0m:      	              (29, 0.652869426114777),
[92mINFO [0m:      	              (30, 0.6486702659468107),
[92mINFO [0m:      	              (31, 0.6446710657868426),
[92mINFO [0m:      	              (32, 0.6536692661467707),
[92mINFO [0m:      	              (33, 0.6563687262547491),
[92mINFO [0m:      	              (34, 0.6577684463107378),
[92mINFO [0m:      	              (35, 0.6570685862827434),
[92mINFO [0m:      	              (36, 0.6582683463307338),
[92mINFO [0m:      	              (37, 0.6646670665866826),
[92mINFO [0m:      	              (38, 0.6577684463107378),
[92mINFO [0m:      	              (39, 0.6645670865826835),
[92mINFO [0m:      	              (40, 0.6619676064787042),
[92mINFO [0m:      	              (41, 0.6627674465106979),
[92mINFO [0m:      	              (42, 0.6664667066586683),
[92mINFO [0m:      	              (43, 0.6695660867826435),
[92mINFO [0m:      	              (44, 0.6645670865826835),
[92mINFO [0m:      	              (45, 0.6666666666666666),
[92mINFO [0m:      	              (46, 0.6629674065186962),
[92mINFO [0m:      	              (47, 0.6584683063387322),
[92mINFO [0m:      	              (48, 0.6578684263147371),
[92mINFO [0m:      	              (49, 0.6645670865826835),
[92mINFO [0m:      	              (50, 0.6660667866426715)]}
[92mINFO [0m:      
