Loading project configuration... 
Success
🎊 Successfully built defadmin.flops-infra-drift.1-0-0.9dabf69f.fab
🎊 Successfully started run 4010436322259582582
[92mINFO [0m:      Starting Flower ServerApp
[32m[1m🎊 Successfully installed flops-infra-drift to /home/defadmin/.flwr/apps/defadmin.flops-infra-drift.1.0.0.9dabf69f.[0m
[92mINFO [0m:      Starting Flower ServerApp, config: num_rounds=50, no round_timeout
[92mINFO [0m:      
[92mINFO [0m:      [INIT]
[92mINFO [0m:      Requesting initial parameters from one random client
[92mINFO [0m:      Received initial parameters from one random client
[92mINFO [0m:      Starting evaluation of initial global parameters
[92mINFO [0m:      Evaluation returned no results (`None`)
[92mINFO [0m:      
[92mINFO [0m:      [ROUND 1]
[92mINFO [0m:      configure_fit: strategy sampled 5 clients (out of 5)
[92mINFO [0m:      aggregate_fit: received 5 results and 0 failures
Results' length before substitution: 5
Results' length after substitution: 5
[93mWARNING [0m:   No fit_metrics_aggregation_fn provided
[92mINFO [0m:      configure_evaluate: strategy sampled 5 clients (out of 5)
[92mINFO [0m:      aggregate_evaluate: received 5 results and 0 failures
Aggregated loss: 2.393737641253863
Aggregated metrics: {'accuracy': 0.20045990801839633}
[92mINFO [0m:      
[92mINFO [0m:      [ROUND 2]
[92mINFO [0m:      configure_fit: strategy sampled 5 clients (out of 5)
[92mINFO [0m:      aggregate_fit: received 5 results and 0 failures
Results' length before substitution: 5
Results' length after substitution: 5
[92mINFO [0m:      configure_evaluate: strategy sampled 5 clients (out of 5)
[92mINFO [0m:      aggregate_evaluate: received 5 results and 0 failures
Aggregated loss: 2.0396177762235563
Aggregated metrics: {'accuracy': 0.23975204959008198}
[92mINFO [0m:      
[92mINFO [0m:      [ROUND 3]
[92mINFO [0m:      configure_fit: strategy sampled 5 clients (out of 5)
[92mINFO [0m:      aggregate_fit: received 5 results and 0 failures
Results' length before substitution: 5
Results' length after substitution: 5
[92mINFO [0m:      configure_evaluate: strategy sampled 5 clients (out of 5)
[92mINFO [0m:      aggregate_evaluate: received 5 results and 0 failures
Aggregated loss: 1.809451905794662
Aggregated metrics: {'accuracy': 0.33863227354529096}
[92mINFO [0m:      
[92mINFO [0m:      [ROUND 4]
[92mINFO [0m:      configure_fit: strategy sampled 5 clients (out of 5)
[92mINFO [0m:      aggregate_fit: received 5 results and 0 failures
Results' length before substitution: 5
Results' length after substitution: 5
[92mINFO [0m:      configure_evaluate: strategy sampled 5 clients (out of 5)
[92mINFO [0m:      aggregate_evaluate: received 5 results and 0 failures
Aggregated loss: 1.7037807769635092
Aggregated metrics: {'accuracy': 0.37822435512897423}
[92mINFO [0m:      
[92mINFO [0m:      [ROUND 5]
[92mINFO [0m:      configure_fit: strategy sampled 5 clients (out of 5)
[92mINFO [0m:      aggregate_fit: received 5 results and 0 failures
Results' length before substitution: 5
Results' length after substitution: 5
[92mINFO [0m:      configure_evaluate: strategy sampled 5 clients (out of 5)
[92mINFO [0m:      aggregate_evaluate: received 5 results and 0 failures
Aggregated loss: 1.6065567009727093
Aggregated metrics: {'accuracy': 0.4237152569486103}
[92mINFO [0m:      
[92mINFO [0m:      [ROUND 6]
[92mINFO [0m:      configure_fit: strategy sampled 5 clients (out of 5)
[92mINFO [0m:      aggregate_fit: received 5 results and 0 failures
Results' length before substitution: 5
Results' length after substitution: 5
[92mINFO [0m:      configure_evaluate: strategy sampled 5 clients (out of 5)
[92mINFO [0m:      aggregate_evaluate: received 5 results and 0 failures
Aggregated loss: 1.5256361177366673
Aggregated metrics: {'accuracy': 0.45250949810037994}
[92mINFO [0m:      
[92mINFO [0m:      [ROUND 7]
[92mINFO [0m:      configure_fit: strategy sampled 5 clients (out of 5)
[92mINFO [0m:      aggregate_fit: received 4 results and 1 failures
Results' length before substitution: 4
Extracting dropped client parameters from results...
Extracted 4 sets of substituted parameters.
Starting aggregation of parameters...
Aggregating parameters for client 0 with 1555 samples.
Aggregating parameters for client 1 with 899 samples.
Aggregating parameters for client 2 with 846 samples.
Aggregating parameters for client 3 with 580 samples.
All client parameters collected. Performing in-place aggregation...
Aggregation complete.
Appended substituted parameters to results.
Results' length after substitution: 5
[92mINFO [0m:      configure_evaluate: strategy sampled 5 clients (out of 5)
[92mINFO [0m:      aggregate_evaluate: received 5 results and 0 failures
Aggregated loss: 1.5361388919974142
Aggregated metrics: {'accuracy': 0.4490101979604079}
[92mINFO [0m:      
[92mINFO [0m:      [ROUND 8]
[92mINFO [0m:      configure_fit: strategy sampled 5 clients (out of 5)
[92mINFO [0m:      aggregate_fit: received 4 results and 1 failures
Results' length before substitution: 4
Extracting dropped client parameters from results...
Extracted 4 sets of substituted parameters.
Starting aggregation of parameters...
Aggregating parameters for client 0 with 1555 samples.
Aggregating parameters for client 1 with 899 samples.
Aggregating parameters for client 2 with 846 samples.
Aggregating parameters for client 3 with 580 samples.
All client parameters collected. Performing in-place aggregation...
Aggregation complete.
Appended substituted parameters to results.
Results' length after substitution: 5
[92mINFO [0m:      configure_evaluate: strategy sampled 5 clients (out of 5)
[92mINFO [0m:      aggregate_evaluate: received 5 results and 0 failures
Aggregated loss: 1.532332286474347
Aggregated metrics: {'accuracy': 0.47260547890421917}
[92mINFO [0m:      
[92mINFO [0m:      [ROUND 9]
[92mINFO [0m:      configure_fit: strategy sampled 5 clients (out of 5)
[92mINFO [0m:      aggregate_fit: received 4 results and 1 failures
Results' length before substitution: 4
Extracting dropped client parameters from results...
Extracted 4 sets of substituted parameters.
Starting aggregation of parameters...
Aggregating parameters for client 0 with 1555 samples.
Aggregating parameters for client 1 with 899 samples.
Aggregating parameters for client 2 with 846 samples.
Aggregating parameters for client 3 with 580 samples.
All client parameters collected. Performing in-place aggregation...
Aggregation complete.
Appended substituted parameters to results.
Results' length after substitution: 5
[92mINFO [0m:      configure_evaluate: strategy sampled 5 clients (out of 5)
[92mINFO [0m:      aggregate_evaluate: received 5 results and 0 failures
Aggregated loss: 1.4339335109140596
Aggregated metrics: {'accuracy': 0.4962007598480304}
[92mINFO [0m:      
[92mINFO [0m:      [ROUND 10]
[92mINFO [0m:      configure_fit: strategy sampled 5 clients (out of 5)
[92mINFO [0m:      aggregate_fit: received 4 results and 1 failures
Results' length before substitution: 4
Extracting dropped client parameters from results...
Extracted 4 sets of substituted parameters.
Starting aggregation of parameters...
Aggregating parameters for client 0 with 1555 samples.
Aggregating parameters for client 1 with 899 samples.
Aggregating parameters for client 2 with 846 samples.
Aggregating parameters for client 3 with 580 samples.
All client parameters collected. Performing in-place aggregation...
Aggregation complete.
Appended substituted parameters to results.
Results' length after substitution: 5
[92mINFO [0m:      configure_evaluate: strategy sampled 5 clients (out of 5)
[92mINFO [0m:      aggregate_evaluate: received 5 results and 0 failures
Aggregated loss: 1.40215756818226
Aggregated metrics: {'accuracy': 0.5154969006198761}
[92mINFO [0m:      
[92mINFO [0m:      [ROUND 11]
[92mINFO [0m:      configure_fit: strategy sampled 5 clients (out of 5)
[92mINFO [0m:      aggregate_fit: received 4 results and 1 failures
Results' length before substitution: 4
Extracting dropped client parameters from results...
Extracted 4 sets of substituted parameters.
Starting aggregation of parameters...
Aggregating parameters for client 0 with 1555 samples.
Aggregating parameters for client 1 with 899 samples.
Aggregating parameters for client 2 with 846 samples.
Aggregating parameters for client 3 with 580 samples.
All client parameters collected. Performing in-place aggregation...
Aggregation complete.
Appended substituted parameters to results.
Results' length after substitution: 5
[92mINFO [0m:      configure_evaluate: strategy sampled 5 clients (out of 5)
[92mINFO [0m:      aggregate_evaluate: received 5 results and 0 failures
Aggregated loss: 1.437963608539086
Aggregated metrics: {'accuracy': 0.5169966006798641}
[92mINFO [0m:      
[92mINFO [0m:      [ROUND 12]
[92mINFO [0m:      configure_fit: strategy sampled 5 clients (out of 5)
[92mINFO [0m:      aggregate_fit: received 4 results and 1 failures
Results' length before substitution: 4
Extracting dropped client parameters from results...
Extracted 4 sets of substituted parameters.
Starting aggregation of parameters...
Aggregating parameters for client 0 with 1555 samples.
Aggregating parameters for client 1 with 899 samples.
Aggregating parameters for client 2 with 846 samples.
Aggregating parameters for client 3 with 580 samples.
All client parameters collected. Performing in-place aggregation...
Aggregation complete.
Appended substituted parameters to results.
Results' length after substitution: 5
[92mINFO [0m:      configure_evaluate: strategy sampled 5 clients (out of 5)
[92mINFO [0m:      aggregate_evaluate: received 5 results and 0 failures
Aggregated loss: 1.3664526263082628
Aggregated metrics: {'accuracy': 0.5326934613077384}
[92mINFO [0m:      
[92mINFO [0m:      [ROUND 13]
[92mINFO [0m:      configure_fit: strategy sampled 5 clients (out of 5)
[92mINFO [0m:      aggregate_fit: received 4 results and 1 failures
Results' length before substitution: 4
Extracting dropped client parameters from results...
Extracted 4 sets of substituted parameters.
Starting aggregation of parameters...
Aggregating parameters for client 0 with 1555 samples.
Aggregating parameters for client 1 with 899 samples.
Aggregating parameters for client 2 with 846 samples.
Aggregating parameters for client 3 with 580 samples.
All client parameters collected. Performing in-place aggregation...
Aggregation complete.
Appended substituted parameters to results.
Results' length after substitution: 5
[92mINFO [0m:      configure_evaluate: strategy sampled 5 clients (out of 5)
[92mINFO [0m:      aggregate_evaluate: received 5 results and 0 failures
Aggregated loss: 1.3477918044907384
Aggregated metrics: {'accuracy': 0.5464907018596281}
[92mINFO [0m:      
[92mINFO [0m:      [ROUND 14]
[92mINFO [0m:      configure_fit: strategy sampled 5 clients (out of 5)
[92mINFO [0m:      aggregate_fit: received 4 results and 1 failures
Results' length before substitution: 4
Extracting dropped client parameters from results...
Extracted 4 sets of substituted parameters.
Starting aggregation of parameters...
Aggregating parameters for client 0 with 1555 samples.
Aggregating parameters for client 1 with 899 samples.
Aggregating parameters for client 2 with 846 samples.
Aggregating parameters for client 3 with 580 samples.
All client parameters collected. Performing in-place aggregation...
Aggregation complete.
Appended substituted parameters to results.
Results' length after substitution: 5
[92mINFO [0m:      configure_evaluate: strategy sampled 5 clients (out of 5)
[92mINFO [0m:      aggregate_evaluate: received 5 results and 0 failures
Aggregated loss: 1.3381353192030359
Aggregated metrics: {'accuracy': 0.5498900219956009}
[92mINFO [0m:      
[92mINFO [0m:      [ROUND 15]
[92mINFO [0m:      configure_fit: strategy sampled 5 clients (out of 5)
[92mINFO [0m:      aggregate_fit: received 4 results and 1 failures
Results' length before substitution: 4
Extracting dropped client parameters from results...
Extracted 4 sets of substituted parameters.
Starting aggregation of parameters...
Aggregating parameters for client 0 with 1555 samples.
Aggregating parameters for client 1 with 899 samples.
Aggregating parameters for client 2 with 846 samples.
Aggregating parameters for client 3 with 580 samples.
All client parameters collected. Performing in-place aggregation...
Aggregation complete.
Appended substituted parameters to results.
Results' length after substitution: 5
[92mINFO [0m:      configure_evaluate: strategy sampled 5 clients (out of 5)
[92mINFO [0m:      aggregate_evaluate: received 5 results and 0 failures
Aggregated loss: 1.3441116555814945
Aggregated metrics: {'accuracy': 0.5555888822235553}
[92mINFO [0m:      
[92mINFO [0m:      [ROUND 16]
[92mINFO [0m:      configure_fit: strategy sampled 5 clients (out of 5)
[92mINFO [0m:      aggregate_fit: received 4 results and 1 failures
Results' length before substitution: 4
Extracting dropped client parameters from results...
Extracted 4 sets of substituted parameters.
Starting aggregation of parameters...
Aggregating parameters for client 0 with 1555 samples.
Aggregating parameters for client 1 with 899 samples.
Aggregating parameters for client 2 with 846 samples.
Aggregating parameters for client 3 with 580 samples.
All client parameters collected. Performing in-place aggregation...
Aggregation complete.
Appended substituted parameters to results.
Results' length after substitution: 5
[92mINFO [0m:      configure_evaluate: strategy sampled 5 clients (out of 5)
[92mINFO [0m:      aggregate_evaluate: received 5 results and 0 failures
Aggregated loss: 1.3358314855884246
Aggregated metrics: {'accuracy': 0.5624875024995001}
[92mINFO [0m:      
[92mINFO [0m:      [ROUND 17]
[92mINFO [0m:      configure_fit: strategy sampled 5 clients (out of 5)
[92mINFO [0m:      aggregate_fit: received 4 results and 1 failures
Results' length before substitution: 4
Extracting dropped client parameters from results...
Extracted 4 sets of substituted parameters.
Starting aggregation of parameters...
Aggregating parameters for client 0 with 1555 samples.
Aggregating parameters for client 1 with 899 samples.
Aggregating parameters for client 2 with 846 samples.
Aggregating parameters for client 3 with 580 samples.
All client parameters collected. Performing in-place aggregation...
Aggregation complete.
Appended substituted parameters to results.
Results' length after substitution: 5
[92mINFO [0m:      configure_evaluate: strategy sampled 5 clients (out of 5)
[92mINFO [0m:      aggregate_evaluate: received 5 results and 0 failures
Aggregated loss: 1.3428549568642068
Aggregated metrics: {'accuracy': 0.5644871025794841}
[92mINFO [0m:      
[92mINFO [0m:      [ROUND 18]
[92mINFO [0m:      configure_fit: strategy sampled 5 clients (out of 5)
[92mINFO [0m:      aggregate_fit: received 4 results and 1 failures
Results' length before substitution: 4
Extracting dropped client parameters from results...
Extracted 4 sets of substituted parameters.
Starting aggregation of parameters...
Aggregating parameters for client 0 with 1555 samples.
Aggregating parameters for client 1 with 899 samples.
Aggregating parameters for client 2 with 846 samples.
Aggregating parameters for client 3 with 580 samples.
All client parameters collected. Performing in-place aggregation...
Aggregation complete.
Appended substituted parameters to results.
Results' length after substitution: 5
[92mINFO [0m:      configure_evaluate: strategy sampled 5 clients (out of 5)
[92mINFO [0m:      aggregate_evaluate: received 5 results and 0 failures
Aggregated loss: 1.306868965175494
Aggregated metrics: {'accuracy': 0.5727854429114178}
[92mINFO [0m:      
[92mINFO [0m:      [ROUND 19]
[92mINFO [0m:      configure_fit: strategy sampled 5 clients (out of 5)
[92mINFO [0m:      aggregate_fit: received 4 results and 1 failures
Results' length before substitution: 4
Extracting dropped client parameters from results...
Extracted 4 sets of substituted parameters.
Starting aggregation of parameters...
Aggregating parameters for client 0 with 1555 samples.
Aggregating parameters for client 1 with 899 samples.
Aggregating parameters for client 2 with 846 samples.
Aggregating parameters for client 3 with 580 samples.
All client parameters collected. Performing in-place aggregation...
Aggregation complete.
Appended substituted parameters to results.
Results' length after substitution: 5
[92mINFO [0m:      configure_evaluate: strategy sampled 5 clients (out of 5)
[92mINFO [0m:      aggregate_evaluate: received 5 results and 0 failures
Aggregated loss: 1.3143377995435481
Aggregated metrics: {'accuracy': 0.5778844231153769}
[92mINFO [0m:      
[92mINFO [0m:      [ROUND 20]
[92mINFO [0m:      configure_fit: strategy sampled 5 clients (out of 5)
[92mINFO [0m:      aggregate_fit: received 4 results and 1 failures
Results' length before substitution: 4
Extracting dropped client parameters from results...
Extracted 4 sets of substituted parameters.
Starting aggregation of parameters...
Aggregating parameters for client 0 with 1555 samples.
Aggregating parameters for client 1 with 899 samples.
Aggregating parameters for client 2 with 846 samples.
Aggregating parameters for client 3 with 580 samples.
All client parameters collected. Performing in-place aggregation...
Aggregation complete.
Appended substituted parameters to results.
Results' length after substitution: 5
[92mINFO [0m:      configure_evaluate: strategy sampled 5 clients (out of 5)
[92mINFO [0m:      aggregate_evaluate: received 5 results and 0 failures
Aggregated loss: 1.3427956468776223
Aggregated metrics: {'accuracy': 0.5778844231153769}
[92mINFO [0m:      
[92mINFO [0m:      [ROUND 21]
[92mINFO [0m:      configure_fit: strategy sampled 5 clients (out of 5)
[92mINFO [0m:      aggregate_fit: received 4 results and 1 failures
Results' length before substitution: 4
Extracting dropped client parameters from results...
Extracted 4 sets of substituted parameters.
Starting aggregation of parameters...
Aggregating parameters for client 0 with 1555 samples.
Aggregating parameters for client 1 with 899 samples.
Aggregating parameters for client 2 with 846 samples.
Aggregating parameters for client 3 with 580 samples.
All client parameters collected. Performing in-place aggregation...
Aggregation complete.
Appended substituted parameters to results.
Results' length after substitution: 5
[92mINFO [0m:      configure_evaluate: strategy sampled 5 clients (out of 5)
[92mINFO [0m:      aggregate_evaluate: received 5 results and 0 failures
Aggregated loss: 1.39608787933108
Aggregated metrics: {'accuracy': 0.5749850029994001}
[92mINFO [0m:      
[92mINFO [0m:      [ROUND 22]
[92mINFO [0m:      configure_fit: strategy sampled 5 clients (out of 5)
[92mINFO [0m:      aggregate_fit: received 4 results and 1 failures
Results' length before substitution: 4
Extracting dropped client parameters from results...
Extracted 4 sets of substituted parameters.
Starting aggregation of parameters...
Aggregating parameters for client 0 with 1555 samples.
Aggregating parameters for client 1 with 899 samples.
Aggregating parameters for client 2 with 846 samples.
Aggregating parameters for client 3 with 580 samples.
All client parameters collected. Performing in-place aggregation...
Aggregation complete.
Appended substituted parameters to results.
Results' length after substitution: 5
[92mINFO [0m:      configure_evaluate: strategy sampled 5 clients (out of 5)
[92mINFO [0m:      aggregate_evaluate: received 5 results and 0 failures
Aggregated loss: 1.3887513722290954
Aggregated metrics: {'accuracy': 0.5869826034793041}
[92mINFO [0m:      
[92mINFO [0m:      [ROUND 23]
[92mINFO [0m:      configure_fit: strategy sampled 5 clients (out of 5)
[92mINFO [0m:      aggregate_fit: received 4 results and 1 failures
Results' length before substitution: 4
Extracting dropped client parameters from results...
Extracted 4 sets of substituted parameters.
Starting aggregation of parameters...
Aggregating parameters for client 0 with 1555 samples.
Aggregating parameters for client 1 with 899 samples.
Aggregating parameters for client 2 with 846 samples.
Aggregating parameters for client 3 with 580 samples.
All client parameters collected. Performing in-place aggregation...
Aggregation complete.
Appended substituted parameters to results.
Results' length after substitution: 5
[92mINFO [0m:      configure_evaluate: strategy sampled 5 clients (out of 5)
[92mINFO [0m:      aggregate_evaluate: received 5 results and 0 failures
Aggregated loss: 1.3826152312597015
Aggregated metrics: {'accuracy': 0.589382123575285}
[92mINFO [0m:      
[92mINFO [0m:      [ROUND 24]
[92mINFO [0m:      configure_fit: strategy sampled 5 clients (out of 5)
[92mINFO [0m:      aggregate_fit: received 4 results and 1 failures
Results' length before substitution: 4
Extracting dropped client parameters from results...
Extracted 4 sets of substituted parameters.
Starting aggregation of parameters...
Aggregating parameters for client 0 with 1555 samples.
Aggregating parameters for client 1 with 899 samples.
Aggregating parameters for client 2 with 846 samples.
Aggregating parameters for client 3 with 580 samples.
All client parameters collected. Performing in-place aggregation...
Aggregation complete.
Appended substituted parameters to results.
Results' length after substitution: 5
[92mINFO [0m:      configure_evaluate: strategy sampled 5 clients (out of 5)
[92mINFO [0m:      aggregate_evaluate: received 5 results and 0 failures
Aggregated loss: 1.4766027816084544
Aggregated metrics: {'accuracy': 0.5852829434113177}
[92mINFO [0m:      
[92mINFO [0m:      [ROUND 25]
[92mINFO [0m:      configure_fit: strategy sampled 5 clients (out of 5)
[92mINFO [0m:      aggregate_fit: received 4 results and 1 failures
Results' length before substitution: 4
Extracting dropped client parameters from results...
Extracted 4 sets of substituted parameters.
Starting aggregation of parameters...
Aggregating parameters for client 0 with 1555 samples.
Aggregating parameters for client 1 with 899 samples.
Aggregating parameters for client 2 with 846 samples.
Aggregating parameters for client 3 with 580 samples.
All client parameters collected. Performing in-place aggregation...
Aggregation complete.
Appended substituted parameters to results.
Results' length after substitution: 5
[92mINFO [0m:      configure_evaluate: strategy sampled 5 clients (out of 5)
[92mINFO [0m:      aggregate_evaluate: received 5 results and 0 failures
Aggregated loss: 1.488551088244897
Aggregated metrics: {'accuracy': 0.5911817636472706}
[92mINFO [0m:      
[92mINFO [0m:      [ROUND 26]
[92mINFO [0m:      configure_fit: strategy sampled 5 clients (out of 5)
[92mINFO [0m:      aggregate_fit: received 4 results and 1 failures
Results' length before substitution: 4
Extracting dropped client parameters from results...
Extracted 4 sets of substituted parameters.
Starting aggregation of parameters...
Aggregating parameters for client 0 with 1555 samples.
Aggregating parameters for client 1 with 899 samples.
Aggregating parameters for client 2 with 846 samples.
Aggregating parameters for client 3 with 580 samples.
All client parameters collected. Performing in-place aggregation...
Aggregation complete.
Appended substituted parameters to results.
Results' length after substitution: 5
[92mINFO [0m:      configure_evaluate: strategy sampled 5 clients (out of 5)
[92mINFO [0m:      aggregate_evaluate: received 5 results and 0 failures
Aggregated loss: 1.4500484399499447
Aggregated metrics: {'accuracy': 0.5946810637872425}
[92mINFO [0m:      
[92mINFO [0m:      [ROUND 27]
[92mINFO [0m:      configure_fit: strategy sampled 5 clients (out of 5)
[92mINFO [0m:      aggregate_fit: received 4 results and 1 failures
Results' length before substitution: 4
Extracting dropped client parameters from results...
Extracted 4 sets of substituted parameters.
Starting aggregation of parameters...
Aggregating parameters for client 0 with 1555 samples.
Aggregating parameters for client 1 with 899 samples.
Aggregating parameters for client 2 with 846 samples.
Aggregating parameters for client 3 with 580 samples.
All client parameters collected. Performing in-place aggregation...
Aggregation complete.
Appended substituted parameters to results.
Results' length after substitution: 5
[92mINFO [0m:      configure_evaluate: strategy sampled 5 clients (out of 5)
[92mINFO [0m:      aggregate_evaluate: received 5 results and 0 failures
Aggregated loss: 1.5252378176401358
Aggregated metrics: {'accuracy': 0.6011797640471905}
[92mINFO [0m:      
[92mINFO [0m:      [ROUND 28]
[92mINFO [0m:      configure_fit: strategy sampled 5 clients (out of 5)
[92mINFO [0m:      aggregate_fit: received 4 results and 1 failures
Results' length before substitution: 4
Extracting dropped client parameters from results...
Extracted 4 sets of substituted parameters.
Starting aggregation of parameters...
Aggregating parameters for client 0 with 1555 samples.
Aggregating parameters for client 1 with 899 samples.
Aggregating parameters for client 2 with 846 samples.
Aggregating parameters for client 3 with 580 samples.
All client parameters collected. Performing in-place aggregation...
Aggregation complete.
Appended substituted parameters to results.
Results' length after substitution: 5
[92mINFO [0m:      configure_evaluate: strategy sampled 5 clients (out of 5)
[92mINFO [0m:      aggregate_evaluate: received 5 results and 0 failures
Aggregated loss: 1.5469028944276229
Aggregated metrics: {'accuracy': 0.5972805438912218}
[92mINFO [0m:      
[92mINFO [0m:      [ROUND 29]
[92mINFO [0m:      configure_fit: strategy sampled 5 clients (out of 5)
[92mINFO [0m:      aggregate_fit: received 4 results and 1 failures
Results' length before substitution: 4
Extracting dropped client parameters from results...
Extracted 4 sets of substituted parameters.
Starting aggregation of parameters...
Aggregating parameters for client 0 with 1555 samples.
Aggregating parameters for client 1 with 899 samples.
Aggregating parameters for client 2 with 846 samples.
Aggregating parameters for client 3 with 580 samples.
All client parameters collected. Performing in-place aggregation...
Aggregation complete.
Appended substituted parameters to results.
Results' length after substitution: 5
[92mINFO [0m:      configure_evaluate: strategy sampled 5 clients (out of 5)
[92mINFO [0m:      aggregate_evaluate: received 5 results and 0 failures
Aggregated loss: 1.5810168842559595
Aggregated metrics: {'accuracy': 0.6004799040191962}
[92mINFO [0m:      
[92mINFO [0m:      [ROUND 30]
[92mINFO [0m:      configure_fit: strategy sampled 5 clients (out of 5)
[92mINFO [0m:      aggregate_fit: received 4 results and 1 failures
Results' length before substitution: 4
Extracting dropped client parameters from results...
Extracted 4 sets of substituted parameters.
Starting aggregation of parameters...
Aggregating parameters for client 0 with 1555 samples.
Aggregating parameters for client 1 with 899 samples.
Aggregating parameters for client 2 with 846 samples.
Aggregating parameters for client 3 with 580 samples.
All client parameters collected. Performing in-place aggregation...
Aggregation complete.
Appended substituted parameters to results.
Results' length after substitution: 5
[92mINFO [0m:      configure_evaluate: strategy sampled 5 clients (out of 5)
[92mINFO [0m:      aggregate_evaluate: received 5 results and 0 failures
Aggregated loss: 1.6077818609988979
Aggregated metrics: {'accuracy': 0.6006798640271945}
[92mINFO [0m:      
[92mINFO [0m:      [ROUND 31]
[92mINFO [0m:      configure_fit: strategy sampled 5 clients (out of 5)
[92mINFO [0m:      aggregate_fit: received 5 results and 0 failures
Results' length before substitution: 5
Results' length after substitution: 5
[92mINFO [0m:      configure_evaluate: strategy sampled 5 clients (out of 5)
[92mINFO [0m:      aggregate_evaluate: received 5 results and 0 failures
Aggregated loss: 1.311933607045359
Aggregated metrics: {'accuracy': 0.613877224555089}
[92mINFO [0m:      
[92mINFO [0m:      [ROUND 32]
[92mINFO [0m:      configure_fit: strategy sampled 5 clients (out of 5)
[92mINFO [0m:      aggregate_fit: received 5 results and 0 failures
Results' length before substitution: 5
Results' length after substitution: 5
[92mINFO [0m:      configure_evaluate: strategy sampled 5 clients (out of 5)
[92mINFO [0m:      aggregate_evaluate: received 5 results and 0 failures
Aggregated loss: 1.3088153764053259
Aggregated metrics: {'accuracy': 0.616876624675065}
[92mINFO [0m:      
[92mINFO [0m:      [ROUND 33]
[92mINFO [0m:      configure_fit: strategy sampled 5 clients (out of 5)
[92mINFO [0m:      aggregate_fit: received 5 results and 0 failures
Results' length before substitution: 5
Results' length after substitution: 5
[92mINFO [0m:      configure_evaluate: strategy sampled 5 clients (out of 5)
[92mINFO [0m:      aggregate_evaluate: received 5 results and 0 failures
Aggregated loss: 1.2539532151664792
Aggregated metrics: {'accuracy': 0.624375124975005}
[92mINFO [0m:      
[92mINFO [0m:      [ROUND 34]
[92mINFO [0m:      configure_fit: strategy sampled 5 clients (out of 5)
[92mINFO [0m:      aggregate_fit: received 5 results and 0 failures
Results' length before substitution: 5
Results' length after substitution: 5
[92mINFO [0m:      configure_evaluate: strategy sampled 5 clients (out of 5)
[92mINFO [0m:      aggregate_evaluate: received 5 results and 0 failures
Aggregated loss: 1.2401990364126665
Aggregated metrics: {'accuracy': 0.6264747050589882}
[92mINFO [0m:      
[92mINFO [0m:      [ROUND 35]
[92mINFO [0m:      configure_fit: strategy sampled 5 clients (out of 5)
[92mINFO [0m:      aggregate_fit: received 5 results and 0 failures
Results' length before substitution: 5
Results' length after substitution: 5
[92mINFO [0m:      configure_evaluate: strategy sampled 5 clients (out of 5)
[92mINFO [0m:      aggregate_evaluate: received 5 results and 0 failures
Aggregated loss: 1.233093925307788
Aggregated metrics: {'accuracy': 0.6330733853229354}
[92mINFO [0m:      
[92mINFO [0m:      [ROUND 36]
[92mINFO [0m:      configure_fit: strategy sampled 5 clients (out of 5)
[92mINFO [0m:      aggregate_fit: received 5 results and 0 failures
Results' length before substitution: 5
Results' length after substitution: 5
[92mINFO [0m:      configure_evaluate: strategy sampled 5 clients (out of 5)
[92mINFO [0m:      aggregate_evaluate: received 5 results and 0 failures
Aggregated loss: 1.2680422061341154
Aggregated metrics: {'accuracy': 0.6330733853229354}
[92mINFO [0m:      
[92mINFO [0m:      [ROUND 37]
[92mINFO [0m:      configure_fit: strategy sampled 5 clients (out of 5)
[92mINFO [0m:      aggregate_fit: received 5 results and 0 failures
Results' length before substitution: 5
Results' length after substitution: 5
[92mINFO [0m:      configure_evaluate: strategy sampled 5 clients (out of 5)
[92mINFO [0m:      aggregate_evaluate: received 5 results and 0 failures
Aggregated loss: 1.2496170685521257
Aggregated metrics: {'accuracy': 0.6348730253949211}
[92mINFO [0m:      
[92mINFO [0m:      [ROUND 38]
[92mINFO [0m:      configure_fit: strategy sampled 5 clients (out of 5)
[92mINFO [0m:      aggregate_fit: received 5 results and 0 failures
Results' length before substitution: 5
Results' length after substitution: 5
[92mINFO [0m:      configure_evaluate: strategy sampled 5 clients (out of 5)
[92mINFO [0m:      aggregate_evaluate: received 5 results and 0 failures
Aggregated loss: 1.294161689713076
Aggregated metrics: {'accuracy': 0.6361727654469106}
[92mINFO [0m:      
[92mINFO [0m:      [ROUND 39]
[92mINFO [0m:      configure_fit: strategy sampled 5 clients (out of 5)
[92mINFO [0m:      aggregate_fit: received 5 results and 0 failures
Results' length before substitution: 5
Results' length after substitution: 5
[92mINFO [0m:      configure_evaluate: strategy sampled 5 clients (out of 5)
[92mINFO [0m:      aggregate_evaluate: received 5 results and 0 failures
Aggregated loss: 1.2583562910727877
Aggregated metrics: {'accuracy': 0.627374525094981}
[92mINFO [0m:      
[92mINFO [0m:      [ROUND 40]
[92mINFO [0m:      configure_fit: strategy sampled 5 clients (out of 5)
[92mINFO [0m:      aggregate_fit: received 5 results and 0 failures
Results' length before substitution: 5
Results' length after substitution: 5
[92mINFO [0m:      configure_evaluate: strategy sampled 5 clients (out of 5)
[92mINFO [0m:      aggregate_evaluate: received 5 results and 0 failures
Aggregated loss: 1.307575249648786
Aggregated metrics: {'accuracy': 0.6360727854429115}
[92mINFO [0m:      
[92mINFO [0m:      [ROUND 41]
[92mINFO [0m:      configure_fit: strategy sampled 5 clients (out of 5)
[92mINFO [0m:      aggregate_fit: received 5 results and 0 failures
Results' length before substitution: 5
Results' length after substitution: 5
[92mINFO [0m:      configure_evaluate: strategy sampled 5 clients (out of 5)
[92mINFO [0m:      aggregate_evaluate: received 5 results and 0 failures
Aggregated loss: 1.3470552148545911
Aggregated metrics: {'accuracy': 0.6334733053389322}
[92mINFO [0m:      
[92mINFO [0m:      [ROUND 42]
[92mINFO [0m:      configure_fit: strategy sampled 5 clients (out of 5)
[92mINFO [0m:      aggregate_fit: received 5 results and 0 failures
Results' length before substitution: 5
Results' length after substitution: 5
[92mINFO [0m:      configure_evaluate: strategy sampled 5 clients (out of 5)
[92mINFO [0m:      aggregate_evaluate: received 5 results and 0 failures
Aggregated loss: 1.3687474513029065
Aggregated metrics: {'accuracy': 0.6380723855228955}
[92mINFO [0m:      
[92mINFO [0m:      [ROUND 43]
[92mINFO [0m:      configure_fit: strategy sampled 5 clients (out of 5)
[92mINFO [0m:      aggregate_fit: received 5 results and 0 failures
Results' length before substitution: 5
Results' length after substitution: 5
[92mINFO [0m:      configure_evaluate: strategy sampled 5 clients (out of 5)
[92mINFO [0m:      aggregate_evaluate: received 5 results and 0 failures
Aggregated loss: 1.4249277920259662
Aggregated metrics: {'accuracy': 0.635372925414917}
[92mINFO [0m:      
[92mINFO [0m:      [ROUND 44]
[92mINFO [0m:      configure_fit: strategy sampled 5 clients (out of 5)
[92mINFO [0m:      aggregate_fit: received 5 results and 0 failures
Results' length before substitution: 5
Results' length after substitution: 5
[92mINFO [0m:      configure_evaluate: strategy sampled 5 clients (out of 5)
[92mINFO [0m:      aggregate_evaluate: received 5 results and 0 failures
Aggregated loss: 1.4430912496525778
Aggregated metrics: {'accuracy': 0.6380723855228955}
[92mINFO [0m:      
[92mINFO [0m:      [ROUND 45]
[92mINFO [0m:      configure_fit: strategy sampled 5 clients (out of 5)
[92mINFO [0m:      aggregate_fit: received 5 results and 0 failures
Results' length before substitution: 5
Results' length after substitution: 5
[92mINFO [0m:      configure_evaluate: strategy sampled 5 clients (out of 5)
[92mINFO [0m:      aggregate_evaluate: received 5 results and 0 failures
Aggregated loss: 1.4644393550708166
Aggregated metrics: {'accuracy': 0.6395720855828835}
[92mINFO [0m:      
[92mINFO [0m:      [ROUND 46]
[92mINFO [0m:      configure_fit: strategy sampled 5 clients (out of 5)
[92mINFO [0m:      aggregate_fit: received 5 results and 0 failures
Results' length before substitution: 5
Results' length after substitution: 5
[92mINFO [0m:      configure_evaluate: strategy sampled 5 clients (out of 5)
[92mINFO [0m:      aggregate_evaluate: received 5 results and 0 failures
Aggregated loss: 1.4403447781531962
Aggregated metrics: {'accuracy': 0.6370725854829035}
[92mINFO [0m:      
[92mINFO [0m:      [ROUND 47]
[92mINFO [0m:      configure_fit: strategy sampled 5 clients (out of 5)
[92mINFO [0m:      aggregate_fit: received 5 results and 0 failures
Results' length before substitution: 5
Results' length after substitution: 5
[92mINFO [0m:      configure_evaluate: strategy sampled 5 clients (out of 5)
[92mINFO [0m:      aggregate_evaluate: received 5 results and 0 failures
Aggregated loss: 1.4815547531533426
Aggregated metrics: {'accuracy': 0.643871225754849}
[92mINFO [0m:      
[92mINFO [0m:      [ROUND 48]
[92mINFO [0m:      configure_fit: strategy sampled 5 clients (out of 5)
[92mINFO [0m:      aggregate_fit: received 5 results and 0 failures
Results' length before substitution: 5
Results' length after substitution: 5
[92mINFO [0m:      configure_evaluate: strategy sampled 5 clients (out of 5)
[92mINFO [0m:      aggregate_evaluate: received 5 results and 0 failures
Aggregated loss: 1.4927061697132171
Aggregated metrics: {'accuracy': 0.6399720055988802}
[92mINFO [0m:      
[92mINFO [0m:      [ROUND 49]
[92mINFO [0m:      configure_fit: strategy sampled 5 clients (out of 5)
[92mINFO [0m:      aggregate_fit: received 5 results and 0 failures
Results' length before substitution: 5
Results' length after substitution: 5
[92mINFO [0m:      configure_evaluate: strategy sampled 5 clients (out of 5)
[92mINFO [0m:      aggregate_evaluate: received 5 results and 0 failures
Aggregated loss: 1.470361346299235
Aggregated metrics: {'accuracy': 0.6396720655868826}
[92mINFO [0m:      
[92mINFO [0m:      [ROUND 50]
[92mINFO [0m:      configure_fit: strategy sampled 5 clients (out of 5)
[92mINFO [0m:      aggregate_fit: received 5 results and 0 failures
Results' length before substitution: 5
Results' length after substitution: 5
[92mINFO [0m:      configure_evaluate: strategy sampled 5 clients (out of 5)
[92mINFO [0m:      aggregate_evaluate: received 5 results and 0 failures
Aggregated loss: 1.4772264999578943
Aggregated metrics: {'accuracy': 0.6405718856228754}
[92mINFO [0m:      
[92mINFO [0m:      [SUMMARY]
[92mINFO [0m:      Run finished 50 round(s) in 6530.20s
[92mINFO [0m:      	History (loss, distributed):
[92mINFO [0m:      		round 1: 2.393737641253863
[92mINFO [0m:      		round 2: 2.0396177762235563
[92mINFO [0m:      		round 3: 1.809451905794662
[92mINFO [0m:      		round 4: 1.7037807769635092
[92mINFO [0m:      		round 5: 1.6065567009727093
[92mINFO [0m:      		round 6: 1.5256361177366673
[92mINFO [0m:      		round 7: 1.5361388919974142
[92mINFO [0m:      		round 8: 1.532332286474347
[92mINFO [0m:      		round 9: 1.4339335109140596
[92mINFO [0m:      		round 10: 1.40215756818226
[92mINFO [0m:      		round 11: 1.437963608539086
[92mINFO [0m:      		round 12: 1.3664526263082628
[92mINFO [0m:      		round 13: 1.3477918044907384
[92mINFO [0m:      		round 14: 1.3381353192030359
[92mINFO [0m:      		round 15: 1.3441116555814945
[92mINFO [0m:      		round 16: 1.3358314855884246
[92mINFO [0m:      		round 17: 1.3428549568642068
[92mINFO [0m:      		round 18: 1.306868965175494
[92mINFO [0m:      		round 19: 1.3143377995435481
[92mINFO [0m:      		round 20: 1.3427956468776223
[92mINFO [0m:      		round 21: 1.39608787933108
[92mINFO [0m:      		round 22: 1.3887513722290954
[92mINFO [0m:      		round 23: 1.3826152312597015
[92mINFO [0m:      		round 24: 1.4766027816084544
[92mINFO [0m:      		round 25: 1.488551088244897
[92mINFO [0m:      		round 26: 1.4500484399499447
[92mINFO [0m:      		round 27: 1.5252378176401358
[92mINFO [0m:      		round 28: 1.5469028944276229
[92mINFO [0m:      		round 29: 1.5810168842559595
[92mINFO [0m:      		round 30: 1.6077818609988979
[92mINFO [0m:      		round 31: 1.311933607045359
[92mINFO [0m:      		round 32: 1.3088153764053259
[92mINFO [0m:      		round 33: 1.2539532151664792
[92mINFO [0m:      		round 34: 1.2401990364126665
[92mINFO [0m:      		round 35: 1.233093925307788
[92mINFO [0m:      		round 36: 1.2680422061341154
[92mINFO [0m:      		round 37: 1.2496170685521257
[92mINFO [0m:      		round 38: 1.294161689713076
[92mINFO [0m:      		round 39: 1.2583562910727877
[92mINFO [0m:      		round 40: 1.307575249648786
[92mINFO [0m:      		round 41: 1.3470552148545911
[92mINFO [0m:      		round 42: 1.3687474513029065
[92mINFO [0m:      		round 43: 1.4249277920259662
[92mINFO [0m:      		round 44: 1.4430912496525778
[92mINFO [0m:      		round 45: 1.4644393550708166
[92mINFO [0m:      		round 46: 1.4403447781531962
[92mINFO [0m:      		round 47: 1.4815547531533426
[92mINFO [0m:      		round 48: 1.4927061697132171
[92mINFO [0m:      		round 49: 1.470361346299235
[92mINFO [0m:      		round 50: 1.4772264999578943
[92mINFO [0m:      	History (metrics, distributed, evaluate):
[92mINFO [0m:      	{'accuracy': [(1, 0.20045990801839633),
[92mINFO [0m:      	              (2, 0.23975204959008198),
[92mINFO [0m:      	              (3, 0.33863227354529096),
[92mINFO [0m:      	              (4, 0.37822435512897423),
[92mINFO [0m:      	              (5, 0.4237152569486103),
[92mINFO [0m:      	              (6, 0.45250949810037994),
[92mINFO [0m:      	              (7, 0.4490101979604079),
[92mINFO [0m:      	              (8, 0.47260547890421917),
[92mINFO [0m:      	              (9, 0.4962007598480304),
[92mINFO [0m:      	              (10, 0.5154969006198761),
[92mINFO [0m:      	              (11, 0.5169966006798641),
[92mINFO [0m:      	              (12, 0.5326934613077384),
[92mINFO [0m:      	              (13, 0.5464907018596281),
[92mINFO [0m:      	              (14, 0.5498900219956009),
[92mINFO [0m:      	              (15, 0.5555888822235553),
[92mINFO [0m:      	              (16, 0.5624875024995001),
[92mINFO [0m:      	              (17, 0.5644871025794841),
[92mINFO [0m:      	              (18, 0.5727854429114178),
[92mINFO [0m:      	              (19, 0.5778844231153769),
[92mINFO [0m:      	              (20, 0.5778844231153769),
[92mINFO [0m:      	              (21, 0.5749850029994001),
[92mINFO [0m:      	              (22, 0.5869826034793041),
[92mINFO [0m:      	              (23, 0.589382123575285),
[92mINFO [0m:      	              (24, 0.5852829434113177),
[92mINFO [0m:      	              (25, 0.5911817636472706),
[92mINFO [0m:      	              (26, 0.5946810637872425),
[92mINFO [0m:      	              (27, 0.6011797640471905),
[92mINFO [0m:      	              (28, 0.5972805438912218),
[92mINFO [0m:      	              (29, 0.6004799040191962),
[92mINFO [0m:      	              (30, 0.6006798640271945),
[92mINFO [0m:      	              (31, 0.613877224555089),
[92mINFO [0m:      	              (32, 0.616876624675065),
[92mINFO [0m:      	              (33, 0.624375124975005),
[92mINFO [0m:      	              (34, 0.6264747050589882),
[92mINFO [0m:      	              (35, 0.6330733853229354),
[92mINFO [0m:      	              (36, 0.6330733853229354),
[92mINFO [0m:      	              (37, 0.6348730253949211),
[92mINFO [0m:      	              (38, 0.6361727654469106),
[92mINFO [0m:      	              (39, 0.627374525094981),
[92mINFO [0m:      	              (40, 0.6360727854429115),
[92mINFO [0m:      	              (41, 0.6334733053389322),
[92mINFO [0m:      	              (42, 0.6380723855228955),
[92mINFO [0m:      	              (43, 0.635372925414917),
[92mINFO [0m:      	              (44, 0.6380723855228955),
[92mINFO [0m:      	              (45, 0.6395720855828835),
[92mINFO [0m:      	              (46, 0.6370725854829035),
[92mINFO [0m:      	              (47, 0.643871225754849),
[92mINFO [0m:      	              (48, 0.6399720055988802),
[92mINFO [0m:      	              (49, 0.6396720655868826),
[92mINFO [0m:      	              (50, 0.6405718856228754)]}
[92mINFO [0m:      
