Loading project configuration... 
Success
🎊 Successfully built defadmin.flops-infra-drift.1-0-0.6e9e03f2.fab
🎊 Successfully started run 8935895797167335914
[92mINFO [0m:      Starting Flower ServerApp
[32m[1m🎊 Successfully installed flops-infra-drift to /home/defadmin/.flwr/apps/defadmin.flops-infra-drift.1.0.0.6e9e03f2.[0m
[92mINFO [0m:      Starting Flower ServerApp, config: num_rounds=50, no round_timeout
[92mINFO [0m:      
[92mINFO [0m:      [INIT]
[92mINFO [0m:      Requesting initial parameters from one random client
[92mINFO [0m:      Received initial parameters from one random client
[92mINFO [0m:      Starting evaluation of initial global parameters
[92mINFO [0m:      Evaluation returned no results (`None`)
[92mINFO [0m:      
[92mINFO [0m:      [ROUND 1]
[92mINFO [0m:      configure_fit: strategy sampled 5 clients (out of 5)
[92mINFO [0m:      aggregate_fit: received 5 results and 0 failures
[93mWARNING [0m:   No fit_metrics_aggregation_fn provided
[92mINFO [0m:      configure_evaluate: strategy sampled 5 clients (out of 5)
[92mINFO [0m:      aggregate_evaluate: received 5 results and 0 failures
Aggregated loss: 2.2476333686283656
Aggregated metrics: {'accuracy': 0.1813}
[92mINFO [0m:      
[92mINFO [0m:      [ROUND 2]
[92mINFO [0m:      configure_fit: strategy sampled 5 clients (out of 5)
[92mINFO [0m:      aggregate_fit: received 5 results and 0 failures
[92mINFO [0m:      configure_evaluate: strategy sampled 5 clients (out of 5)
[92mINFO [0m:      aggregate_evaluate: received 5 results and 0 failures
Aggregated loss: 2.1471800384067357
Aggregated metrics: {'accuracy': 0.2198}
[92mINFO [0m:      
[92mINFO [0m:      [ROUND 3]
[92mINFO [0m:      configure_fit: strategy sampled 5 clients (out of 5)
[92mINFO [0m:      aggregate_fit: received 5 results and 0 failures
[92mINFO [0m:      configure_evaluate: strategy sampled 5 clients (out of 5)
[92mINFO [0m:      aggregate_evaluate: received 5 results and 0 failures
Aggregated loss: 1.7545563243684315
Aggregated metrics: {'accuracy': 0.3509}
[92mINFO [0m:      
[92mINFO [0m:      [ROUND 4]
[92mINFO [0m:      configure_fit: strategy sampled 5 clients (out of 5)
[92mINFO [0m:      aggregate_fit: received 5 results and 0 failures
[92mINFO [0m:      configure_evaluate: strategy sampled 5 clients (out of 5)
[92mINFO [0m:      aggregate_evaluate: received 5 results and 0 failures
Aggregated loss: 1.5397537133050343
Aggregated metrics: {'accuracy': 0.4395}
[92mINFO [0m:      
[92mINFO [0m:      [ROUND 5]
[92mINFO [0m:      configure_fit: strategy sampled 5 clients (out of 5)
[92mINFO [0m:      aggregate_fit: received 5 results and 0 failures
[92mINFO [0m:      configure_evaluate: strategy sampled 5 clients (out of 5)
[92mINFO [0m:      aggregate_evaluate: received 5 results and 0 failures
Aggregated loss: 1.4290305707189772
Aggregated metrics: {'accuracy': 0.4799}
[92mINFO [0m:      
[92mINFO [0m:      [ROUND 6]
[92mINFO [0m:      configure_fit: strategy sampled 5 clients (out of 5)
[92mINFO [0m:      aggregate_fit: received 5 results and 0 failures
[92mINFO [0m:      configure_evaluate: strategy sampled 5 clients (out of 5)
[92mINFO [0m:      aggregate_evaluate: received 5 results and 0 failures
Aggregated loss: 1.3424642415273755
Aggregated metrics: {'accuracy': 0.5182}
[92mINFO [0m:      
[92mINFO [0m:      [ROUND 7]
[92mINFO [0m:      configure_fit: strategy sampled 5 clients (out of 5)
[92mINFO [0m:      aggregate_fit: received 3 results and 2 failures
[92mINFO [0m:      configure_evaluate: strategy sampled 5 clients (out of 5)
[92mINFO [0m:      aggregate_evaluate: received 5 results and 0 failures
Aggregated loss: 1.273909274169377
Aggregated metrics: {'accuracy': 0.5443}
[92mINFO [0m:      
[92mINFO [0m:      [ROUND 8]
[92mINFO [0m:      configure_fit: strategy sampled 5 clients (out of 5)
[92mINFO [0m:      aggregate_fit: received 3 results and 2 failures
[92mINFO [0m:      configure_evaluate: strategy sampled 5 clients (out of 5)
[92mINFO [0m:      aggregate_evaluate: received 5 results and 0 failures
Aggregated loss: 1.2111765498206728
Aggregated metrics: {'accuracy': 0.5719}
[92mINFO [0m:      
[92mINFO [0m:      [ROUND 9]
[92mINFO [0m:      configure_fit: strategy sampled 5 clients (out of 5)
[92mINFO [0m:      aggregate_fit: received 3 results and 2 failures
[92mINFO [0m:      configure_evaluate: strategy sampled 5 clients (out of 5)
[92mINFO [0m:      aggregate_evaluate: received 5 results and 0 failures
Aggregated loss: 1.165917512159499
Aggregated metrics: {'accuracy': 0.5844}
[92mINFO [0m:      
[92mINFO [0m:      [ROUND 10]
[92mINFO [0m:      configure_fit: strategy sampled 5 clients (out of 5)
[92mINFO [0m:      aggregate_fit: received 3 results and 2 failures
[92mINFO [0m:      configure_evaluate: strategy sampled 5 clients (out of 5)
[92mINFO [0m:      aggregate_evaluate: received 5 results and 0 failures
Aggregated loss: 1.1030617869089518
Aggregated metrics: {'accuracy': 0.6134}
[92mINFO [0m:      
[92mINFO [0m:      [ROUND 11]
[92mINFO [0m:      configure_fit: strategy sampled 5 clients (out of 5)
[92mINFO [0m:      aggregate_fit: received 3 results and 2 failures
[92mINFO [0m:      configure_evaluate: strategy sampled 5 clients (out of 5)
[92mINFO [0m:      aggregate_evaluate: received 5 results and 0 failures
Aggregated loss: 1.0638177990913391
Aggregated metrics: {'accuracy': 0.6294}
[92mINFO [0m:      
[92mINFO [0m:      [ROUND 12]
[92mINFO [0m:      configure_fit: strategy sampled 5 clients (out of 5)
[92mINFO [0m:      aggregate_fit: received 3 results and 2 failures
[92mINFO [0m:      configure_evaluate: strategy sampled 5 clients (out of 5)
[92mINFO [0m:      aggregate_evaluate: received 5 results and 0 failures
Aggregated loss: 1.0225006722268604
Aggregated metrics: {'accuracy': 0.6457}
[92mINFO [0m:      
[92mINFO [0m:      [ROUND 13]
[92mINFO [0m:      configure_fit: strategy sampled 5 clients (out of 5)
[92mINFO [0m:      aggregate_fit: received 3 results and 2 failures
[92mINFO [0m:      configure_evaluate: strategy sampled 5 clients (out of 5)
[92mINFO [0m:      aggregate_evaluate: received 5 results and 0 failures
Aggregated loss: 0.9829350866022564
Aggregated metrics: {'accuracy': 0.6599}
[92mINFO [0m:      
[92mINFO [0m:      [ROUND 14]
[92mINFO [0m:      configure_fit: strategy sampled 5 clients (out of 5)
[92mINFO [0m:      aggregate_fit: received 3 results and 2 failures
[92mINFO [0m:      configure_evaluate: strategy sampled 5 clients (out of 5)
[92mINFO [0m:      aggregate_evaluate: received 5 results and 0 failures
Aggregated loss: 0.9622904177695986
Aggregated metrics: {'accuracy': 0.6704}
[92mINFO [0m:      
[92mINFO [0m:      [ROUND 15]
[92mINFO [0m:      configure_fit: strategy sampled 5 clients (out of 5)
[92mINFO [0m:      aggregate_fit: received 3 results and 2 failures
[92mINFO [0m:      configure_evaluate: strategy sampled 5 clients (out of 5)
[92mINFO [0m:      aggregate_evaluate: received 5 results and 0 failures
Aggregated loss: 0.9427704537671711
Aggregated metrics: {'accuracy': 0.6816}
[92mINFO [0m:      
[92mINFO [0m:      [ROUND 16]
[92mINFO [0m:      configure_fit: strategy sampled 5 clients (out of 5)
[92mINFO [0m:      aggregate_fit: received 3 results and 2 failures
[92mINFO [0m:      configure_evaluate: strategy sampled 5 clients (out of 5)
[92mINFO [0m:      aggregate_evaluate: received 5 results and 0 failures
Aggregated loss: 0.9383964161078134
Aggregated metrics: {'accuracy': 0.6842}
[92mINFO [0m:      
[92mINFO [0m:      [ROUND 17]
[92mINFO [0m:      configure_fit: strategy sampled 5 clients (out of 5)
[92mINFO [0m:      aggregate_fit: received 3 results and 2 failures
[92mINFO [0m:      configure_evaluate: strategy sampled 5 clients (out of 5)
[92mINFO [0m:      aggregate_evaluate: received 5 results and 0 failures
Aggregated loss: 0.9286491975897834
Aggregated metrics: {'accuracy': 0.6915}
[92mINFO [0m:      
[92mINFO [0m:      [ROUND 18]
[92mINFO [0m:      configure_fit: strategy sampled 5 clients (out of 5)
[92mINFO [0m:      aggregate_fit: received 3 results and 2 failures
[92mINFO [0m:      configure_evaluate: strategy sampled 5 clients (out of 5)
[92mINFO [0m:      aggregate_evaluate: received 5 results and 0 failures
Aggregated loss: 0.9233499322618758
Aggregated metrics: {'accuracy': 0.6913}
[92mINFO [0m:      
[92mINFO [0m:      [ROUND 19]
[92mINFO [0m:      configure_fit: strategy sampled 5 clients (out of 5)
[92mINFO [0m:      aggregate_fit: received 3 results and 2 failures
[92mINFO [0m:      configure_evaluate: strategy sampled 5 clients (out of 5)
[92mINFO [0m:      aggregate_evaluate: received 5 results and 0 failures
Aggregated loss: 0.9327791889508564
Aggregated metrics: {'accuracy': 0.6956}
[92mINFO [0m:      
[92mINFO [0m:      [ROUND 20]
[92mINFO [0m:      configure_fit: strategy sampled 5 clients (out of 5)
[92mINFO [0m:      aggregate_fit: received 3 results and 2 failures
[92mINFO [0m:      configure_evaluate: strategy sampled 5 clients (out of 5)
[92mINFO [0m:      aggregate_evaluate: received 5 results and 0 failures
Aggregated loss: 0.9301062744761269
Aggregated metrics: {'accuracy': 0.6974}
[92mINFO [0m:      
[92mINFO [0m:      [ROUND 21]
[92mINFO [0m:      configure_fit: strategy sampled 5 clients (out of 5)
[92mINFO [0m:      aggregate_fit: received 3 results and 2 failures
[92mINFO [0m:      configure_evaluate: strategy sampled 5 clients (out of 5)
[92mINFO [0m:      aggregate_evaluate: received 5 results and 0 failures
Aggregated loss: 0.9447506098520188
Aggregated metrics: {'accuracy': 0.7016}
[92mINFO [0m:      
[92mINFO [0m:      [ROUND 22]
[92mINFO [0m:      configure_fit: strategy sampled 5 clients (out of 5)
[92mINFO [0m:      aggregate_fit: received 3 results and 2 failures
[92mINFO [0m:      configure_evaluate: strategy sampled 5 clients (out of 5)
[92mINFO [0m:      aggregate_evaluate: received 5 results and 0 failures
Aggregated loss: 0.9686335635563684
Aggregated metrics: {'accuracy': 0.6979}
[92mINFO [0m:      
[92mINFO [0m:      [ROUND 23]
[92mINFO [0m:      configure_fit: strategy sampled 5 clients (out of 5)
[92mINFO [0m:      aggregate_fit: received 3 results and 2 failures
[92mINFO [0m:      configure_evaluate: strategy sampled 5 clients (out of 5)
[92mINFO [0m:      aggregate_evaluate: received 5 results and 0 failures
Aggregated loss: 0.9950874730708107
Aggregated metrics: {'accuracy': 0.7029}
[92mINFO [0m:      
[92mINFO [0m:      [ROUND 24]
[92mINFO [0m:      configure_fit: strategy sampled 5 clients (out of 5)
[92mINFO [0m:      aggregate_fit: received 3 results and 2 failures
[92mINFO [0m:      configure_evaluate: strategy sampled 5 clients (out of 5)
[92mINFO [0m:      aggregate_evaluate: received 5 results and 0 failures
Aggregated loss: 1.0271562695503236
Aggregated metrics: {'accuracy': 0.6943}
[92mINFO [0m:      
[92mINFO [0m:      [ROUND 25]
[92mINFO [0m:      configure_fit: strategy sampled 5 clients (out of 5)
[92mINFO [0m:      aggregate_fit: received 3 results and 2 failures
[92mINFO [0m:      configure_evaluate: strategy sampled 5 clients (out of 5)
[92mINFO [0m:      aggregate_evaluate: received 5 results and 0 failures
Aggregated loss: 1.0479826150432465
Aggregated metrics: {'accuracy': 0.7046}
[92mINFO [0m:      
[92mINFO [0m:      [ROUND 26]
[92mINFO [0m:      configure_fit: strategy sampled 5 clients (out of 5)
[92mINFO [0m:      aggregate_fit: received 3 results and 2 failures
[92mINFO [0m:      configure_evaluate: strategy sampled 5 clients (out of 5)
[92mINFO [0m:      aggregate_evaluate: received 5 results and 0 failures
Aggregated loss: 1.0771009329765562
Aggregated metrics: {'accuracy': 0.6991}
[92mINFO [0m:      
[92mINFO [0m:      [ROUND 27]
[92mINFO [0m:      configure_fit: strategy sampled 5 clients (out of 5)
[92mINFO [0m:      aggregate_fit: received 3 results and 2 failures
[92mINFO [0m:      configure_evaluate: strategy sampled 5 clients (out of 5)
[92mINFO [0m:      aggregate_evaluate: received 5 results and 0 failures
Aggregated loss: 1.0858293033781505
Aggregated metrics: {'accuracy': 0.707}
[92mINFO [0m:      
[92mINFO [0m:      [ROUND 28]
[92mINFO [0m:      configure_fit: strategy sampled 5 clients (out of 5)
[92mINFO [0m:      aggregate_fit: received 3 results and 2 failures
[92mINFO [0m:      configure_evaluate: strategy sampled 5 clients (out of 5)
[92mINFO [0m:      aggregate_evaluate: received 5 results and 0 failures
Aggregated loss: 1.1283210834813495
Aggregated metrics: {'accuracy': 0.7038}
[92mINFO [0m:      
[92mINFO [0m:      [ROUND 29]
[92mINFO [0m:      configure_fit: strategy sampled 5 clients (out of 5)
[92mINFO [0m:      aggregate_fit: received 3 results and 2 failures
[92mINFO [0m:      configure_evaluate: strategy sampled 5 clients (out of 5)
[92mINFO [0m:      aggregate_evaluate: received 5 results and 0 failures
Aggregated loss: 1.1536265861420405
Aggregated metrics: {'accuracy': 0.7016}
[92mINFO [0m:      
[92mINFO [0m:      [ROUND 30]
[92mINFO [0m:      configure_fit: strategy sampled 5 clients (out of 5)
[92mINFO [0m:      aggregate_fit: received 3 results and 2 failures
[92mINFO [0m:      configure_evaluate: strategy sampled 5 clients (out of 5)
[92mINFO [0m:      aggregate_evaluate: received 5 results and 0 failures
Aggregated loss: 1.1726376406257113
Aggregated metrics: {'accuracy': 0.7057}
[92mINFO [0m:      
[92mINFO [0m:      [ROUND 31]
[92mINFO [0m:      configure_fit: strategy sampled 5 clients (out of 5)
[92mINFO [0m:      aggregate_fit: received 5 results and 0 failures
[92mINFO [0m:      configure_evaluate: strategy sampled 5 clients (out of 5)
[92mINFO [0m:      aggregate_evaluate: received 5 results and 0 failures
Aggregated loss: 0.9183522951981379
Aggregated metrics: {'accuracy': 0.7214}
[92mINFO [0m:      
[92mINFO [0m:      [ROUND 32]
[92mINFO [0m:      configure_fit: strategy sampled 5 clients (out of 5)
[92mINFO [0m:      aggregate_fit: received 5 results and 0 failures
[92mINFO [0m:      configure_evaluate: strategy sampled 5 clients (out of 5)
[92mINFO [0m:      aggregate_evaluate: received 5 results and 0 failures
Aggregated loss: 0.8972171086167531
Aggregated metrics: {'accuracy': 0.7262}
[92mINFO [0m:      
[92mINFO [0m:      [ROUND 33]
[92mINFO [0m:      configure_fit: strategy sampled 5 clients (out of 5)
[92mINFO [0m:      aggregate_fit: received 5 results and 0 failures
[92mINFO [0m:      configure_evaluate: strategy sampled 5 clients (out of 5)
[92mINFO [0m:      aggregate_evaluate: received 5 results and 0 failures
Aggregated loss: 0.9003922352242091
Aggregated metrics: {'accuracy': 0.7295}
[92mINFO [0m:      
[92mINFO [0m:      [ROUND 34]
[92mINFO [0m:      configure_fit: strategy sampled 5 clients (out of 5)
[92mINFO [0m:      aggregate_fit: received 5 results and 0 failures
[92mINFO [0m:      configure_evaluate: strategy sampled 5 clients (out of 5)
[92mINFO [0m:      aggregate_evaluate: received 5 results and 0 failures
Aggregated loss: 0.9035451289207216
Aggregated metrics: {'accuracy': 0.7312}
[92mINFO [0m:      
[92mINFO [0m:      [ROUND 35]
[92mINFO [0m:      configure_fit: strategy sampled 5 clients (out of 5)
[92mINFO [0m:      aggregate_fit: received 5 results and 0 failures
[92mINFO [0m:      configure_evaluate: strategy sampled 5 clients (out of 5)
[92mINFO [0m:      aggregate_evaluate: received 5 results and 0 failures
Aggregated loss: 0.9090735688096001
Aggregated metrics: {'accuracy': 0.7367}
[92mINFO [0m:      
[92mINFO [0m:      [ROUND 36]
[92mINFO [0m:      configure_fit: strategy sampled 5 clients (out of 5)
[92mINFO [0m:      aggregate_fit: received 5 results and 0 failures
[92mINFO [0m:      configure_evaluate: strategy sampled 5 clients (out of 5)
[92mINFO [0m:      aggregate_evaluate: received 5 results and 0 failures
Aggregated loss: 0.8994424300534385
Aggregated metrics: {'accuracy': 0.7378}
[92mINFO [0m:      
[92mINFO [0m:      [ROUND 37]
[92mINFO [0m:      configure_fit: strategy sampled 5 clients (out of 5)
[92mINFO [0m:      aggregate_fit: received 5 results and 0 failures
[92mINFO [0m:      configure_evaluate: strategy sampled 5 clients (out of 5)
[92mINFO [0m:      aggregate_evaluate: received 5 results and 0 failures
Aggregated loss: 0.9372844149195958
Aggregated metrics: {'accuracy': 0.737}
[92mINFO [0m:      
[92mINFO [0m:      [ROUND 38]
[92mINFO [0m:      configure_fit: strategy sampled 5 clients (out of 5)
[92mINFO [0m:      aggregate_fit: received 5 results and 0 failures
[92mINFO [0m:      configure_evaluate: strategy sampled 5 clients (out of 5)
[92mINFO [0m:      aggregate_evaluate: received 5 results and 0 failures
Aggregated loss: 0.9601432050977435
Aggregated metrics: {'accuracy': 0.7333}
[92mINFO [0m:      
[92mINFO [0m:      [ROUND 39]
[92mINFO [0m:      configure_fit: strategy sampled 5 clients (out of 5)
[92mINFO [0m:      aggregate_fit: received 5 results and 0 failures
[92mINFO [0m:      configure_evaluate: strategy sampled 5 clients (out of 5)
[92mINFO [0m:      aggregate_evaluate: received 5 results and 0 failures
Aggregated loss: 0.9691988234955167
Aggregated metrics: {'accuracy': 0.735}
[92mINFO [0m:      
[92mINFO [0m:      [ROUND 40]
[92mINFO [0m:      configure_fit: strategy sampled 5 clients (out of 5)
[92mINFO [0m:      aggregate_fit: received 5 results and 0 failures
[92mINFO [0m:      configure_evaluate: strategy sampled 5 clients (out of 5)
[92mINFO [0m:      aggregate_evaluate: received 5 results and 0 failures
Aggregated loss: 0.9698780381017261
Aggregated metrics: {'accuracy': 0.7379}
[92mINFO [0m:      
[92mINFO [0m:      [ROUND 41]
[92mINFO [0m:      configure_fit: strategy sampled 5 clients (out of 5)
[92mINFO [0m:      aggregate_fit: received 5 results and 0 failures
[92mINFO [0m:      configure_evaluate: strategy sampled 5 clients (out of 5)
[92mINFO [0m:      aggregate_evaluate: received 5 results and 0 failures
Aggregated loss: 1.000347057741786
Aggregated metrics: {'accuracy': 0.7369}
[92mINFO [0m:      
[92mINFO [0m:      [ROUND 42]
[92mINFO [0m:      configure_fit: strategy sampled 5 clients (out of 5)
[92mINFO [0m:      aggregate_fit: received 5 results and 0 failures
[92mINFO [0m:      configure_evaluate: strategy sampled 5 clients (out of 5)
[92mINFO [0m:      aggregate_evaluate: received 5 results and 0 failures
Aggregated loss: 1.0124680638786347
Aggregated metrics: {'accuracy': 0.7385}
[92mINFO [0m:      
[92mINFO [0m:      [ROUND 43]
[92mINFO [0m:      configure_fit: strategy sampled 5 clients (out of 5)
[92mINFO [0m:      aggregate_fit: received 5 results and 0 failures
[92mINFO [0m:      configure_evaluate: strategy sampled 5 clients (out of 5)
[92mINFO [0m:      aggregate_evaluate: received 5 results and 0 failures
Aggregated loss: 1.0468606835319882
Aggregated metrics: {'accuracy': 0.7361}
[92mINFO [0m:      
[92mINFO [0m:      [ROUND 44]
[92mINFO [0m:      configure_fit: strategy sampled 5 clients (out of 5)
[92mINFO [0m:      aggregate_fit: received 5 results and 0 failures
[92mINFO [0m:      configure_evaluate: strategy sampled 5 clients (out of 5)
[92mINFO [0m:      aggregate_evaluate: received 5 results and 0 failures
Aggregated loss: 1.0346246064655364
Aggregated metrics: {'accuracy': 0.7381}
[92mINFO [0m:      
[92mINFO [0m:      [ROUND 45]
[92mINFO [0m:      configure_fit: strategy sampled 5 clients (out of 5)
[92mINFO [0m:      aggregate_fit: received 5 results and 0 failures
[92mINFO [0m:      configure_evaluate: strategy sampled 5 clients (out of 5)
[92mINFO [0m:      aggregate_evaluate: received 5 results and 0 failures
Aggregated loss: 1.0789358588911238
Aggregated metrics: {'accuracy': 0.7344}
[92mINFO [0m:      
[92mINFO [0m:      [ROUND 46]
[92mINFO [0m:      configure_fit: strategy sampled 5 clients (out of 5)
[92mINFO [0m:      aggregate_fit: received 5 results and 0 failures
[92mINFO [0m:      configure_evaluate: strategy sampled 5 clients (out of 5)
[92mINFO [0m:      aggregate_evaluate: received 5 results and 0 failures
Aggregated loss: 1.1161085904117616
Aggregated metrics: {'accuracy': 0.7382}
[92mINFO [0m:      
[92mINFO [0m:      [ROUND 47]
[92mINFO [0m:      configure_fit: strategy sampled 5 clients (out of 5)
[92mINFO [0m:      aggregate_fit: received 5 results and 0 failures
[92mINFO [0m:      configure_evaluate: strategy sampled 5 clients (out of 5)
[92mINFO [0m:      aggregate_evaluate: received 5 results and 0 failures
Aggregated loss: 1.1076121303770277
Aggregated metrics: {'accuracy': 0.7407}
[92mINFO [0m:      
[92mINFO [0m:      [ROUND 48]
[92mINFO [0m:      configure_fit: strategy sampled 5 clients (out of 5)
[92mINFO [0m:      aggregate_fit: received 5 results and 0 failures
[92mINFO [0m:      configure_evaluate: strategy sampled 5 clients (out of 5)
[92mINFO [0m:      aggregate_evaluate: received 5 results and 0 failures
Aggregated loss: 1.1066065399419696
Aggregated metrics: {'accuracy': 0.735}
[92mINFO [0m:      
[92mINFO [0m:      [ROUND 49]
[92mINFO [0m:      configure_fit: strategy sampled 5 clients (out of 5)
[92mINFO [0m:      aggregate_fit: received 5 results and 0 failures
[92mINFO [0m:      configure_evaluate: strategy sampled 5 clients (out of 5)
[92mINFO [0m:      aggregate_evaluate: received 5 results and 0 failures
Aggregated loss: 1.144069703561919
Aggregated metrics: {'accuracy': 0.7392}
[92mINFO [0m:      
[92mINFO [0m:      [ROUND 50]
[92mINFO [0m:      configure_fit: strategy sampled 5 clients (out of 5)
[92mINFO [0m:      aggregate_fit: received 5 results and 0 failures
[92mINFO [0m:      configure_evaluate: strategy sampled 5 clients (out of 5)
[92mINFO [0m:      aggregate_evaluate: received 5 results and 0 failures
Aggregated loss: 1.1119427947770983
Aggregated metrics: {'accuracy': 0.7429}
[92mINFO [0m:      
[92mINFO [0m:      [SUMMARY]
[92mINFO [0m:      Run finished 50 round(s) in 5204.73s
[92mINFO [0m:      	History (loss, distributed):
[92mINFO [0m:      		round 1: 2.2476333686283656
[92mINFO [0m:      		round 2: 2.1471800384067357
[92mINFO [0m:      		round 3: 1.7545563243684315
[92mINFO [0m:      		round 4: 1.5397537133050343
[92mINFO [0m:      		round 5: 1.4290305707189772
[92mINFO [0m:      		round 6: 1.3424642415273755
[92mINFO [0m:      		round 7: 1.273909274169377
[92mINFO [0m:      		round 8: 1.2111765498206728
[92mINFO [0m:      		round 9: 1.165917512159499
[92mINFO [0m:      		round 10: 1.1030617869089518
[92mINFO [0m:      		round 11: 1.0638177990913391
[92mINFO [0m:      		round 12: 1.0225006722268604
[92mINFO [0m:      		round 13: 0.9829350866022564
[92mINFO [0m:      		round 14: 0.9622904177695986
[92mINFO [0m:      		round 15: 0.9427704537671711
[92mINFO [0m:      		round 16: 0.9383964161078134
[92mINFO [0m:      		round 17: 0.9286491975897834
[92mINFO [0m:      		round 18: 0.9233499322618758
[92mINFO [0m:      		round 19: 0.9327791889508564
[92mINFO [0m:      		round 20: 0.9301062744761269
[92mINFO [0m:      		round 21: 0.9447506098520188
[92mINFO [0m:      		round 22: 0.9686335635563684
[92mINFO [0m:      		round 23: 0.9950874730708107
[92mINFO [0m:      		round 24: 1.0271562695503236
[92mINFO [0m:      		round 25: 1.0479826150432465
[92mINFO [0m:      		round 26: 1.0771009329765562
[92mINFO [0m:      		round 27: 1.0858293033781505
[92mINFO [0m:      		round 28: 1.1283210834813495
[92mINFO [0m:      		round 29: 1.1536265861420405
[92mINFO [0m:      		round 30: 1.1726376406257113
[92mINFO [0m:      		round 31: 0.9183522951981379
[92mINFO [0m:      		round 32: 0.8972171086167531
[92mINFO [0m:      		round 33: 0.9003922352242091
[92mINFO [0m:      		round 34: 0.9035451289207216
[92mINFO [0m:      		round 35: 0.9090735688096001
[92mINFO [0m:      		round 36: 0.8994424300534385
[92mINFO [0m:      		round 37: 0.9372844149195958
[92mINFO [0m:      		round 38: 0.9601432050977435
[92mINFO [0m:      		round 39: 0.9691988234955167
[92mINFO [0m:      		round 40: 0.9698780381017261
[92mINFO [0m:      		round 41: 1.000347057741786
[92mINFO [0m:      		round 42: 1.0124680638786347
[92mINFO [0m:      		round 43: 1.0468606835319882
[92mINFO [0m:      		round 44: 1.0346246064655364
[92mINFO [0m:      		round 45: 1.0789358588911238
[92mINFO [0m:      		round 46: 1.1161085904117616
[92mINFO [0m:      		round 47: 1.1076121303770277
[92mINFO [0m:      		round 48: 1.1066065399419696
[92mINFO [0m:      		round 49: 1.144069703561919
[92mINFO [0m:      		round 50: 1.1119427947770983
[92mINFO [0m:      	History (metrics, distributed, evaluate):
[92mINFO [0m:      	{'accuracy': [(1, 0.1813),
[92mINFO [0m:      	              (2, 0.2198),
[92mINFO [0m:      	              (3, 0.3509),
[92mINFO [0m:      	              (4, 0.4395),
[92mINFO [0m:      	              (5, 0.4799),
[92mINFO [0m:      	              (6, 0.5182),
[92mINFO [0m:      	              (7, 0.5443),
[92mINFO [0m:      	              (8, 0.5719),
[92mINFO [0m:      	              (9, 0.5844),
[92mINFO [0m:      	              (10, 0.6134),
[92mINFO [0m:      	              (11, 0.6294),
[92mINFO [0m:      	              (12, 0.6457),
[92mINFO [0m:      	              (13, 0.6599),
[92mINFO [0m:      	              (14, 0.6704),
[92mINFO [0m:      	              (15, 0.6816),
[92mINFO [0m:      	              (16, 0.6842),
[92mINFO [0m:      	              (17, 0.6915),
[92mINFO [0m:      	              (18, 0.6913),
[92mINFO [0m:      	              (19, 0.6956),
[92mINFO [0m:      	              (20, 0.6974),
[92mINFO [0m:      	              (21, 0.7016),
[92mINFO [0m:      	              (22, 0.6979),
[92mINFO [0m:      	              (23, 0.7029),
[92mINFO [0m:      	              (24, 0.6943),
[92mINFO [0m:      	              (25, 0.7046),
[92mINFO [0m:      	              (26, 0.6991),
[92mINFO [0m:      	              (27, 0.707),
[92mINFO [0m:      	              (28, 0.7038),
[92mINFO [0m:      	              (29, 0.7016),
[92mINFO [0m:      	              (30, 0.7057),
[92mINFO [0m:      	              (31, 0.7214),
[92mINFO [0m:      	              (32, 0.7262),
[92mINFO [0m:      	              (33, 0.7295),
[92mINFO [0m:      	              (34, 0.7312),
[92mINFO [0m:      	              (35, 0.7367),
[92mINFO [0m:      	              (36, 0.7378),
[92mINFO [0m:      	              (37, 0.737),
[92mINFO [0m:      	              (38, 0.7333),
[92mINFO [0m:      	              (39, 0.735),
[92mINFO [0m:      	              (40, 0.7379),
[92mINFO [0m:      	              (41, 0.7369),
[92mINFO [0m:      	              (42, 0.7385),
[92mINFO [0m:      	              (43, 0.7361),
[92mINFO [0m:      	              (44, 0.7381),
[92mINFO [0m:      	              (45, 0.7344),
[92mINFO [0m:      	              (46, 0.7382),
[92mINFO [0m:      	              (47, 0.7407),
[92mINFO [0m:      	              (48, 0.735),
[92mINFO [0m:      	              (49, 0.7392),
[92mINFO [0m:      	              (50, 0.7429)]}
[92mINFO [0m:      
