INFO:flwr:Starting Flower ServerApp, config: num_rounds=100, no round_timeout
INFO:flwr:
INFO:flwr:[INIT]
INFO:flwr:Requesting initial parameters from one random client
INFO:datasets:PyTorch version 2.8.0 available.
DEBUG:flwr:Initialising: RayBackend
DEBUG:flwr:Backend config: {'client_resources': {'num_cpus': 2, 'num_gpus': 0.25}, 'init_args': {'logging_level': 30, 'log_to_driver': True}, 'actor': {'tensorflow': 0}}
DEBUG:flwr:Constructed ActorPool with: 4 actors
DEBUG:flwr:Using InMemoryState
INFO:flwr:Received initial parameters from one random client
INFO:flwr:Starting evaluation of initial global parameters
INFO:flwr:Evaluation returned no results (`None`)
INFO:flwr:
INFO:flwr:[ROUND 1]
INFO:flwr:configure_fit: strategy sampled 5 clients (out of 5)
INFO:flwr:aggregate_fit: received 5 results and 0 failures
WARNING:flwr:No fit_metrics_aggregation_fn provided
INFO:flwr:configure_evaluate: strategy sampled 5 clients (out of 5)
INFO:flwr:aggregate_evaluate: received 5 results and 0 failures
INFO:flwr:
INFO:flwr:[ROUND 2]
INFO:flwr:configure_fit: strategy sampled 5 clients (out of 5)
INFO:flwr:aggregate_fit: received 5 results and 0 failures
INFO:flwr:configure_evaluate: strategy sampled 5 clients (out of 5)
INFO:flwr:aggregate_evaluate: received 5 results and 0 failures
INFO:flwr:
INFO:flwr:[ROUND 3]
INFO:flwr:configure_fit: strategy sampled 5 clients (out of 5)
INFO:flwr:aggregate_fit: received 5 results and 0 failures
INFO:flwr:configure_evaluate: strategy sampled 5 clients (out of 5)
INFO:flwr:aggregate_evaluate: received 5 results and 0 failures
INFO:flwr:
INFO:flwr:[ROUND 4]
INFO:flwr:configure_fit: strategy sampled 5 clients (out of 5)
INFO:flwr:aggregate_fit: received 5 results and 0 failures
INFO:flwr:configure_evaluate: strategy sampled 5 clients (out of 5)
INFO:flwr:aggregate_evaluate: received 5 results and 0 failures
INFO:flwr:
INFO:flwr:[ROUND 5]
INFO:flwr:configure_fit: strategy sampled 5 clients (out of 5)
INFO:flwr:aggregate_fit: received 5 results and 0 failures
INFO:flwr:configure_evaluate: strategy sampled 5 clients (out of 5)
INFO:flwr:aggregate_evaluate: received 5 results and 0 failures
INFO:flwr:
INFO:flwr:[ROUND 6]
INFO:flwr:configure_fit: strategy sampled 5 clients (out of 5)
INFO:flwr:aggregate_fit: received 5 results and 0 failures
INFO:flwr:configure_evaluate: strategy sampled 5 clients (out of 5)
INFO:flwr:aggregate_evaluate: received 5 results and 0 failures
INFO:flwr:
INFO:flwr:[ROUND 7]
INFO:flwr:configure_fit: strategy sampled 5 clients (out of 5)
INFO:flwr:aggregate_fit: received 5 results and 0 failures
INFO:flwr:configure_evaluate: strategy sampled 5 clients (out of 5)
INFO:flwr:aggregate_evaluate: received 5 results and 0 failures
INFO:flwr:
INFO:flwr:[ROUND 8]
INFO:flwr:configure_fit: strategy sampled 5 clients (out of 5)
INFO:flwr:aggregate_fit: received 5 results and 0 failures
INFO:flwr:configure_evaluate: strategy sampled 5 clients (out of 5)
INFO:flwr:aggregate_evaluate: received 5 results and 0 failures
INFO:flwr:
INFO:flwr:[ROUND 9]
INFO:flwr:configure_fit: strategy sampled 5 clients (out of 5)
INFO:flwr:aggregate_fit: received 5 results and 0 failures
INFO:flwr:configure_evaluate: strategy sampled 5 clients (out of 5)
INFO:flwr:aggregate_evaluate: received 5 results and 0 failures
INFO:flwr:
INFO:flwr:[ROUND 10]
INFO:flwr:configure_fit: strategy sampled 5 clients (out of 5)
INFO:flwr:aggregate_fit: received 5 results and 0 failures
INFO:flwr:configure_evaluate: strategy sampled 5 clients (out of 5)
INFO:flwr:aggregate_evaluate: received 5 results and 0 failures
INFO:flwr:
INFO:flwr:[ROUND 11]
INFO:flwr:configure_fit: strategy sampled 5 clients (out of 5)
INFO:flwr:aggregate_fit: received 5 results and 0 failures
INFO:flwr:configure_evaluate: strategy sampled 5 clients (out of 5)
INFO:flwr:aggregate_evaluate: received 5 results and 0 failures
INFO:flwr:
INFO:flwr:[ROUND 12]
INFO:flwr:configure_fit: strategy sampled 5 clients (out of 5)
INFO:flwr:aggregate_fit: received 5 results and 0 failures
INFO:flwr:configure_evaluate: strategy sampled 5 clients (out of 5)
INFO:flwr:aggregate_evaluate: received 5 results and 0 failures
INFO:flwr:
INFO:flwr:[ROUND 13]
INFO:flwr:configure_fit: strategy sampled 5 clients (out of 5)
INFO:flwr:aggregate_fit: received 5 results and 0 failures
INFO:flwr:configure_evaluate: strategy sampled 5 clients (out of 5)
INFO:flwr:aggregate_evaluate: received 5 results and 0 failures
INFO:flwr:
INFO:flwr:[ROUND 14]
INFO:flwr:configure_fit: strategy sampled 5 clients (out of 5)
INFO:flwr:aggregate_fit: received 5 results and 0 failures
INFO:flwr:configure_evaluate: strategy sampled 5 clients (out of 5)
INFO:flwr:aggregate_evaluate: received 5 results and 0 failures
INFO:flwr:
INFO:flwr:[ROUND 15]
INFO:flwr:configure_fit: strategy sampled 5 clients (out of 5)
INFO:flwr:aggregate_fit: received 5 results and 0 failures
INFO:flwr:configure_evaluate: strategy sampled 5 clients (out of 5)
INFO:flwr:aggregate_evaluate: received 5 results and 0 failures
INFO:flwr:
INFO:flwr:[ROUND 16]
INFO:flwr:configure_fit: strategy sampled 5 clients (out of 5)
INFO:flwr:aggregate_fit: received 5 results and 0 failures
INFO:flwr:configure_evaluate: strategy sampled 5 clients (out of 5)
INFO:flwr:aggregate_evaluate: received 5 results and 0 failures
INFO:flwr:
INFO:flwr:[ROUND 17]
INFO:flwr:configure_fit: strategy sampled 5 clients (out of 5)
INFO:flwr:aggregate_fit: received 5 results and 0 failures
INFO:flwr:configure_evaluate: strategy sampled 5 clients (out of 5)
INFO:flwr:aggregate_evaluate: received 5 results and 0 failures
INFO:flwr:
INFO:flwr:[ROUND 18]
INFO:flwr:configure_fit: strategy sampled 5 clients (out of 5)
INFO:flwr:aggregate_fit: received 5 results and 0 failures
INFO:flwr:configure_evaluate: strategy sampled 5 clients (out of 5)
INFO:flwr:aggregate_evaluate: received 5 results and 0 failures
INFO:flwr:
INFO:flwr:[ROUND 19]
INFO:flwr:configure_fit: strategy sampled 5 clients (out of 5)
INFO:flwr:aggregate_fit: received 5 results and 0 failures
INFO:flwr:configure_evaluate: strategy sampled 5 clients (out of 5)
INFO:flwr:aggregate_evaluate: received 5 results and 0 failures
INFO:flwr:
INFO:flwr:[ROUND 20]
INFO:flwr:configure_fit: strategy sampled 5 clients (out of 5)
INFO:flwr:aggregate_fit: received 5 results and 0 failures
INFO:flwr:configure_evaluate: strategy sampled 5 clients (out of 5)
INFO:flwr:aggregate_evaluate: received 5 results and 0 failures
INFO:flwr:
INFO:flwr:[ROUND 21]
INFO:flwr:configure_fit: strategy sampled 5 clients (out of 5)
INFO:flwr:aggregate_fit: received 5 results and 0 failures
INFO:flwr:configure_evaluate: strategy sampled 5 clients (out of 5)
INFO:flwr:aggregate_evaluate: received 5 results and 0 failures
INFO:flwr:
INFO:flwr:[ROUND 22]
INFO:flwr:configure_fit: strategy sampled 5 clients (out of 5)
INFO:flwr:aggregate_fit: received 5 results and 0 failures
INFO:flwr:configure_evaluate: strategy sampled 5 clients (out of 5)
INFO:flwr:aggregate_evaluate: received 5 results and 0 failures
INFO:flwr:
INFO:flwr:[ROUND 23]
INFO:flwr:configure_fit: strategy sampled 5 clients (out of 5)
INFO:flwr:aggregate_fit: received 5 results and 0 failures
INFO:flwr:configure_evaluate: strategy sampled 5 clients (out of 5)
INFO:flwr:aggregate_evaluate: received 5 results and 0 failures
INFO:flwr:
INFO:flwr:[ROUND 24]
INFO:flwr:configure_fit: strategy sampled 5 clients (out of 5)
INFO:flwr:aggregate_fit: received 5 results and 0 failures
INFO:flwr:configure_evaluate: strategy sampled 5 clients (out of 5)
INFO:flwr:aggregate_evaluate: received 5 results and 0 failures
INFO:flwr:
INFO:flwr:[ROUND 25]
INFO:flwr:configure_fit: strategy sampled 5 clients (out of 5)
INFO:flwr:aggregate_fit: received 5 results and 0 failures
INFO:flwr:configure_evaluate: strategy sampled 5 clients (out of 5)
INFO:flwr:aggregate_evaluate: received 5 results and 0 failures
INFO:flwr:
INFO:flwr:[ROUND 26]
INFO:flwr:configure_fit: strategy sampled 5 clients (out of 5)
INFO:flwr:aggregate_fit: received 5 results and 0 failures
INFO:flwr:configure_evaluate: strategy sampled 5 clients (out of 5)
INFO:flwr:aggregate_evaluate: received 5 results and 0 failures
INFO:flwr:
INFO:flwr:[ROUND 27]
INFO:flwr:configure_fit: strategy sampled 5 clients (out of 5)
INFO:flwr:aggregate_fit: received 5 results and 0 failures
INFO:flwr:configure_evaluate: strategy sampled 5 clients (out of 5)
INFO:flwr:aggregate_evaluate: received 5 results and 0 failures
INFO:flwr:
INFO:flwr:[ROUND 28]
INFO:flwr:configure_fit: strategy sampled 5 clients (out of 5)
INFO:flwr:aggregate_fit: received 5 results and 0 failures
INFO:flwr:configure_evaluate: strategy sampled 5 clients (out of 5)
INFO:flwr:aggregate_evaluate: received 5 results and 0 failures
INFO:flwr:
INFO:flwr:[ROUND 29]
INFO:flwr:configure_fit: strategy sampled 5 clients (out of 5)
INFO:flwr:aggregate_fit: received 5 results and 0 failures
INFO:flwr:configure_evaluate: strategy sampled 5 clients (out of 5)
INFO:flwr:aggregate_evaluate: received 5 results and 0 failures
INFO:flwr:
INFO:flwr:[ROUND 30]
INFO:flwr:configure_fit: strategy sampled 5 clients (out of 5)
INFO:flwr:aggregate_fit: received 5 results and 0 failures
INFO:flwr:configure_evaluate: strategy sampled 5 clients (out of 5)
INFO:flwr:aggregate_evaluate: received 5 results and 0 failures
INFO:flwr:
INFO:flwr:[ROUND 31]
INFO:flwr:configure_fit: strategy sampled 5 clients (out of 5)
INFO:flwr:aggregate_fit: received 5 results and 0 failures
INFO:flwr:configure_evaluate: strategy sampled 5 clients (out of 5)
INFO:flwr:aggregate_evaluate: received 5 results and 0 failures
INFO:flwr:
INFO:flwr:[ROUND 32]
INFO:flwr:configure_fit: strategy sampled 5 clients (out of 5)
INFO:flwr:aggregate_fit: received 5 results and 0 failures
INFO:flwr:configure_evaluate: strategy sampled 5 clients (out of 5)
INFO:flwr:aggregate_evaluate: received 5 results and 0 failures
INFO:flwr:
INFO:flwr:[ROUND 33]
INFO:flwr:configure_fit: strategy sampled 5 clients (out of 5)
INFO:flwr:aggregate_fit: received 5 results and 0 failures
INFO:flwr:configure_evaluate: strategy sampled 5 clients (out of 5)
INFO:flwr:aggregate_evaluate: received 5 results and 0 failures
INFO:flwr:
INFO:flwr:[ROUND 34]
INFO:flwr:configure_fit: strategy sampled 5 clients (out of 5)
INFO:flwr:aggregate_fit: received 5 results and 0 failures
INFO:flwr:configure_evaluate: strategy sampled 5 clients (out of 5)
INFO:flwr:aggregate_evaluate: received 5 results and 0 failures
INFO:flwr:
INFO:flwr:[ROUND 35]
INFO:flwr:configure_fit: strategy sampled 5 clients (out of 5)
INFO:flwr:aggregate_fit: received 5 results and 0 failures
INFO:flwr:configure_evaluate: strategy sampled 5 clients (out of 5)
INFO:flwr:aggregate_evaluate: received 5 results and 0 failures
INFO:flwr:
INFO:flwr:[ROUND 36]
INFO:flwr:configure_fit: strategy sampled 5 clients (out of 5)
INFO:flwr:aggregate_fit: received 5 results and 0 failures
INFO:flwr:configure_evaluate: strategy sampled 5 clients (out of 5)
INFO:flwr:aggregate_evaluate: received 5 results and 0 failures
INFO:flwr:
INFO:flwr:[ROUND 37]
INFO:flwr:configure_fit: strategy sampled 5 clients (out of 5)
INFO:flwr:aggregate_fit: received 5 results and 0 failures
INFO:flwr:configure_evaluate: strategy sampled 5 clients (out of 5)
INFO:flwr:aggregate_evaluate: received 5 results and 0 failures
INFO:flwr:
INFO:flwr:[ROUND 38]
INFO:flwr:configure_fit: strategy sampled 5 clients (out of 5)
INFO:flwr:aggregate_fit: received 5 results and 0 failures
INFO:flwr:configure_evaluate: strategy sampled 5 clients (out of 5)
INFO:flwr:aggregate_evaluate: received 5 results and 0 failures
INFO:flwr:
INFO:flwr:[ROUND 39]
INFO:flwr:configure_fit: strategy sampled 5 clients (out of 5)
INFO:flwr:aggregate_fit: received 5 results and 0 failures
INFO:flwr:configure_evaluate: strategy sampled 5 clients (out of 5)
INFO:flwr:aggregate_evaluate: received 5 results and 0 failures
INFO:flwr:
INFO:flwr:[ROUND 40]
INFO:flwr:configure_fit: strategy sampled 5 clients (out of 5)
INFO:flwr:aggregate_fit: received 5 results and 0 failures
INFO:flwr:configure_evaluate: strategy sampled 5 clients (out of 5)
INFO:flwr:aggregate_evaluate: received 5 results and 0 failures
INFO:flwr:
INFO:flwr:[ROUND 41]
INFO:flwr:configure_fit: strategy sampled 5 clients (out of 5)
INFO:flwr:aggregate_fit: received 5 results and 0 failures
INFO:flwr:configure_evaluate: strategy sampled 5 clients (out of 5)
INFO:flwr:aggregate_evaluate: received 5 results and 0 failures
INFO:flwr:
INFO:flwr:[ROUND 42]
INFO:flwr:configure_fit: strategy sampled 5 clients (out of 5)
INFO:flwr:aggregate_fit: received 5 results and 0 failures
INFO:flwr:configure_evaluate: strategy sampled 5 clients (out of 5)
INFO:flwr:aggregate_evaluate: received 5 results and 0 failures
INFO:flwr:
INFO:flwr:[ROUND 43]
INFO:flwr:configure_fit: strategy sampled 5 clients (out of 5)
INFO:flwr:aggregate_fit: received 5 results and 0 failures
INFO:flwr:configure_evaluate: strategy sampled 5 clients (out of 5)
INFO:flwr:aggregate_evaluate: received 5 results and 0 failures
INFO:flwr:
INFO:flwr:[ROUND 44]
INFO:flwr:configure_fit: strategy sampled 5 clients (out of 5)
INFO:flwr:aggregate_fit: received 5 results and 0 failures
INFO:flwr:configure_evaluate: strategy sampled 5 clients (out of 5)
INFO:flwr:aggregate_evaluate: received 5 results and 0 failures
INFO:flwr:
INFO:flwr:[ROUND 45]
INFO:flwr:configure_fit: strategy sampled 5 clients (out of 5)
INFO:flwr:aggregate_fit: received 5 results and 0 failures
INFO:flwr:configure_evaluate: strategy sampled 5 clients (out of 5)
INFO:flwr:aggregate_evaluate: received 5 results and 0 failures
INFO:flwr:
INFO:flwr:[ROUND 46]
INFO:flwr:configure_fit: strategy sampled 5 clients (out of 5)
INFO:flwr:aggregate_fit: received 5 results and 0 failures
INFO:flwr:configure_evaluate: strategy sampled 5 clients (out of 5)
INFO:flwr:aggregate_evaluate: received 5 results and 0 failures
INFO:flwr:
INFO:flwr:[ROUND 47]
INFO:flwr:configure_fit: strategy sampled 5 clients (out of 5)
INFO:flwr:aggregate_fit: received 5 results and 0 failures
INFO:flwr:configure_evaluate: strategy sampled 5 clients (out of 5)
INFO:flwr:aggregate_evaluate: received 5 results and 0 failures
INFO:flwr:
INFO:flwr:[ROUND 48]
INFO:flwr:configure_fit: strategy sampled 5 clients (out of 5)
INFO:flwr:aggregate_fit: received 5 results and 0 failures
INFO:flwr:configure_evaluate: strategy sampled 5 clients (out of 5)
INFO:flwr:aggregate_evaluate: received 5 results and 0 failures
INFO:flwr:
INFO:flwr:[ROUND 49]
INFO:flwr:configure_fit: strategy sampled 5 clients (out of 5)
INFO:flwr:aggregate_fit: received 5 results and 0 failures
INFO:flwr:configure_evaluate: strategy sampled 5 clients (out of 5)
INFO:flwr:aggregate_evaluate: received 5 results and 0 failures
INFO:flwr:
INFO:flwr:[ROUND 50]
INFO:flwr:configure_fit: strategy sampled 5 clients (out of 5)
INFO:flwr:aggregate_fit: received 5 results and 0 failures
INFO:flwr:configure_evaluate: strategy sampled 5 clients (out of 5)
INFO:flwr:aggregate_evaluate: received 5 results and 0 failures
INFO:flwr:
INFO:flwr:[ROUND 51]
INFO:flwr:configure_fit: strategy sampled 5 clients (out of 5)
INFO:flwr:aggregate_fit: received 5 results and 0 failures
INFO:flwr:configure_evaluate: strategy sampled 5 clients (out of 5)
INFO:flwr:aggregate_evaluate: received 5 results and 0 failures
INFO:flwr:
INFO:flwr:[ROUND 52]
INFO:flwr:configure_fit: strategy sampled 5 clients (out of 5)
INFO:flwr:aggregate_fit: received 5 results and 0 failures
INFO:flwr:configure_evaluate: strategy sampled 5 clients (out of 5)
INFO:flwr:aggregate_evaluate: received 5 results and 0 failures
INFO:flwr:
INFO:flwr:[ROUND 53]
INFO:flwr:configure_fit: strategy sampled 5 clients (out of 5)
INFO:flwr:aggregate_fit: received 5 results and 0 failures
INFO:flwr:configure_evaluate: strategy sampled 5 clients (out of 5)
INFO:flwr:aggregate_evaluate: received 5 results and 0 failures
INFO:flwr:
INFO:flwr:[ROUND 54]
INFO:flwr:configure_fit: strategy sampled 5 clients (out of 5)
INFO:flwr:aggregate_fit: received 5 results and 0 failures
INFO:flwr:configure_evaluate: strategy sampled 5 clients (out of 5)
INFO:flwr:aggregate_evaluate: received 5 results and 0 failures
INFO:flwr:
INFO:flwr:[ROUND 55]
INFO:flwr:configure_fit: strategy sampled 5 clients (out of 5)
INFO:flwr:aggregate_fit: received 5 results and 0 failures
INFO:flwr:configure_evaluate: strategy sampled 5 clients (out of 5)
INFO:flwr:aggregate_evaluate: received 5 results and 0 failures
INFO:flwr:
INFO:flwr:[ROUND 56]
INFO:flwr:configure_fit: strategy sampled 5 clients (out of 5)
INFO:flwr:aggregate_fit: received 5 results and 0 failures
INFO:flwr:configure_evaluate: strategy sampled 5 clients (out of 5)
INFO:flwr:aggregate_evaluate: received 5 results and 0 failures
INFO:flwr:
INFO:flwr:[ROUND 57]
INFO:flwr:configure_fit: strategy sampled 5 clients (out of 5)
INFO:flwr:aggregate_fit: received 5 results and 0 failures
INFO:flwr:configure_evaluate: strategy sampled 5 clients (out of 5)
INFO:flwr:aggregate_evaluate: received 5 results and 0 failures
INFO:flwr:
INFO:flwr:[ROUND 58]
INFO:flwr:configure_fit: strategy sampled 5 clients (out of 5)
INFO:flwr:aggregate_fit: received 5 results and 0 failures
INFO:flwr:configure_evaluate: strategy sampled 5 clients (out of 5)
INFO:flwr:aggregate_evaluate: received 5 results and 0 failures
INFO:flwr:
INFO:flwr:[ROUND 59]
INFO:flwr:configure_fit: strategy sampled 5 clients (out of 5)
INFO:flwr:aggregate_fit: received 5 results and 0 failures
INFO:flwr:configure_evaluate: strategy sampled 5 clients (out of 5)
INFO:flwr:aggregate_evaluate: received 5 results and 0 failures
INFO:flwr:
INFO:flwr:[ROUND 60]
INFO:flwr:configure_fit: strategy sampled 5 clients (out of 5)
INFO:flwr:aggregate_fit: received 5 results and 0 failures
INFO:flwr:configure_evaluate: strategy sampled 5 clients (out of 5)
INFO:flwr:aggregate_evaluate: received 5 results and 0 failures
INFO:flwr:
INFO:flwr:[ROUND 61]
INFO:flwr:configure_fit: strategy sampled 5 clients (out of 5)
INFO:flwr:aggregate_fit: received 5 results and 0 failures
INFO:flwr:configure_evaluate: strategy sampled 5 clients (out of 5)
INFO:flwr:aggregate_evaluate: received 5 results and 0 failures
INFO:flwr:
INFO:flwr:[ROUND 62]
INFO:flwr:configure_fit: strategy sampled 5 clients (out of 5)
INFO:flwr:aggregate_fit: received 5 results and 0 failures
INFO:flwr:configure_evaluate: strategy sampled 5 clients (out of 5)
INFO:flwr:aggregate_evaluate: received 5 results and 0 failures
INFO:flwr:
INFO:flwr:[ROUND 63]
INFO:flwr:configure_fit: strategy sampled 5 clients (out of 5)
INFO:flwr:aggregate_fit: received 5 results and 0 failures
INFO:flwr:configure_evaluate: strategy sampled 5 clients (out of 5)
INFO:flwr:aggregate_evaluate: received 5 results and 0 failures
INFO:flwr:
INFO:flwr:[ROUND 64]
INFO:flwr:configure_fit: strategy sampled 5 clients (out of 5)
INFO:flwr:aggregate_fit: received 5 results and 0 failures
INFO:flwr:configure_evaluate: strategy sampled 5 clients (out of 5)
INFO:flwr:aggregate_evaluate: received 5 results and 0 failures
INFO:flwr:
INFO:flwr:[ROUND 65]
INFO:flwr:configure_fit: strategy sampled 5 clients (out of 5)
INFO:flwr:aggregate_fit: received 5 results and 0 failures
INFO:flwr:configure_evaluate: strategy sampled 5 clients (out of 5)
INFO:flwr:aggregate_evaluate: received 5 results and 0 failures
INFO:flwr:
INFO:flwr:[ROUND 66]
INFO:flwr:configure_fit: strategy sampled 5 clients (out of 5)
INFO:flwr:aggregate_fit: received 5 results and 0 failures
INFO:flwr:configure_evaluate: strategy sampled 5 clients (out of 5)
INFO:flwr:aggregate_evaluate: received 5 results and 0 failures
INFO:flwr:
INFO:flwr:[ROUND 67]
INFO:flwr:configure_fit: strategy sampled 5 clients (out of 5)
INFO:flwr:aggregate_fit: received 5 results and 0 failures
INFO:flwr:configure_evaluate: strategy sampled 5 clients (out of 5)
INFO:flwr:aggregate_evaluate: received 5 results and 0 failures
INFO:flwr:
INFO:flwr:[ROUND 68]
INFO:flwr:configure_fit: strategy sampled 5 clients (out of 5)
INFO:flwr:aggregate_fit: received 5 results and 0 failures
INFO:flwr:configure_evaluate: strategy sampled 5 clients (out of 5)
INFO:flwr:aggregate_evaluate: received 5 results and 0 failures
INFO:flwr:
INFO:flwr:[ROUND 69]
INFO:flwr:configure_fit: strategy sampled 5 clients (out of 5)
INFO:flwr:aggregate_fit: received 5 results and 0 failures
INFO:flwr:configure_evaluate: strategy sampled 5 clients (out of 5)
INFO:flwr:aggregate_evaluate: received 5 results and 0 failures
INFO:flwr:
INFO:flwr:[ROUND 70]
INFO:flwr:configure_fit: strategy sampled 5 clients (out of 5)
INFO:flwr:aggregate_fit: received 5 results and 0 failures
INFO:flwr:configure_evaluate: strategy sampled 5 clients (out of 5)
INFO:flwr:aggregate_evaluate: received 5 results and 0 failures
INFO:flwr:
INFO:flwr:[ROUND 71]
INFO:flwr:configure_fit: strategy sampled 5 clients (out of 5)
INFO:flwr:aggregate_fit: received 5 results and 0 failures
INFO:flwr:configure_evaluate: strategy sampled 5 clients (out of 5)
INFO:flwr:aggregate_evaluate: received 5 results and 0 failures
INFO:flwr:
INFO:flwr:[ROUND 72]
INFO:flwr:configure_fit: strategy sampled 5 clients (out of 5)
INFO:flwr:aggregate_fit: received 5 results and 0 failures
INFO:flwr:configure_evaluate: strategy sampled 5 clients (out of 5)
INFO:flwr:aggregate_evaluate: received 5 results and 0 failures
INFO:flwr:
INFO:flwr:[ROUND 73]
INFO:flwr:configure_fit: strategy sampled 5 clients (out of 5)
INFO:flwr:aggregate_fit: received 5 results and 0 failures
INFO:flwr:configure_evaluate: strategy sampled 5 clients (out of 5)
INFO:flwr:aggregate_evaluate: received 5 results and 0 failures
INFO:flwr:
INFO:flwr:[ROUND 74]
INFO:flwr:configure_fit: strategy sampled 5 clients (out of 5)
INFO:flwr:aggregate_fit: received 5 results and 0 failures
INFO:flwr:configure_evaluate: strategy sampled 5 clients (out of 5)
INFO:flwr:aggregate_evaluate: received 5 results and 0 failures
INFO:flwr:
INFO:flwr:[ROUND 75]
INFO:flwr:configure_fit: strategy sampled 5 clients (out of 5)
INFO:flwr:aggregate_fit: received 5 results and 0 failures
INFO:flwr:configure_evaluate: strategy sampled 5 clients (out of 5)
INFO:flwr:aggregate_evaluate: received 5 results and 0 failures
INFO:flwr:
INFO:flwr:[ROUND 76]
INFO:flwr:configure_fit: strategy sampled 5 clients (out of 5)
INFO:flwr:aggregate_fit: received 5 results and 0 failures
INFO:flwr:configure_evaluate: strategy sampled 5 clients (out of 5)
INFO:flwr:aggregate_evaluate: received 5 results and 0 failures
INFO:flwr:
INFO:flwr:[ROUND 77]
INFO:flwr:configure_fit: strategy sampled 5 clients (out of 5)
INFO:flwr:aggregate_fit: received 5 results and 0 failures
INFO:flwr:configure_evaluate: strategy sampled 5 clients (out of 5)
INFO:flwr:aggregate_evaluate: received 5 results and 0 failures
INFO:flwr:
INFO:flwr:[ROUND 78]
INFO:flwr:configure_fit: strategy sampled 5 clients (out of 5)
INFO:flwr:aggregate_fit: received 5 results and 0 failures
INFO:flwr:configure_evaluate: strategy sampled 5 clients (out of 5)
INFO:flwr:aggregate_evaluate: received 5 results and 0 failures
INFO:flwr:
INFO:flwr:[ROUND 79]
INFO:flwr:configure_fit: strategy sampled 5 clients (out of 5)
INFO:flwr:aggregate_fit: received 5 results and 0 failures
INFO:flwr:configure_evaluate: strategy sampled 5 clients (out of 5)
INFO:flwr:aggregate_evaluate: received 5 results and 0 failures
INFO:flwr:
INFO:flwr:[ROUND 80]
INFO:flwr:configure_fit: strategy sampled 5 clients (out of 5)
INFO:flwr:aggregate_fit: received 5 results and 0 failures
INFO:flwr:configure_evaluate: strategy sampled 5 clients (out of 5)
INFO:flwr:aggregate_evaluate: received 5 results and 0 failures
INFO:flwr:
INFO:flwr:[ROUND 81]
INFO:flwr:configure_fit: strategy sampled 5 clients (out of 5)
INFO:flwr:aggregate_fit: received 5 results and 0 failures
INFO:flwr:configure_evaluate: strategy sampled 5 clients (out of 5)
INFO:flwr:aggregate_evaluate: received 5 results and 0 failures
INFO:flwr:
INFO:flwr:[ROUND 82]
INFO:flwr:configure_fit: strategy sampled 5 clients (out of 5)
INFO:flwr:aggregate_fit: received 5 results and 0 failures
INFO:flwr:configure_evaluate: strategy sampled 5 clients (out of 5)
INFO:flwr:aggregate_evaluate: received 5 results and 0 failures
INFO:flwr:
INFO:flwr:[ROUND 83]
INFO:flwr:configure_fit: strategy sampled 5 clients (out of 5)
INFO:flwr:aggregate_fit: received 5 results and 0 failures
INFO:flwr:configure_evaluate: strategy sampled 5 clients (out of 5)
INFO:flwr:aggregate_evaluate: received 5 results and 0 failures
INFO:flwr:
INFO:flwr:[ROUND 84]
INFO:flwr:configure_fit: strategy sampled 5 clients (out of 5)
INFO:flwr:aggregate_fit: received 5 results and 0 failures
INFO:flwr:configure_evaluate: strategy sampled 5 clients (out of 5)
INFO:flwr:aggregate_evaluate: received 5 results and 0 failures
INFO:flwr:
INFO:flwr:[ROUND 85]
INFO:flwr:configure_fit: strategy sampled 5 clients (out of 5)
INFO:flwr:aggregate_fit: received 5 results and 0 failures
INFO:flwr:configure_evaluate: strategy sampled 5 clients (out of 5)
INFO:flwr:aggregate_evaluate: received 5 results and 0 failures
INFO:flwr:
INFO:flwr:[ROUND 86]
INFO:flwr:configure_fit: strategy sampled 5 clients (out of 5)
INFO:flwr:aggregate_fit: received 5 results and 0 failures
INFO:flwr:configure_evaluate: strategy sampled 5 clients (out of 5)
INFO:flwr:aggregate_evaluate: received 5 results and 0 failures
INFO:flwr:
INFO:flwr:[ROUND 87]
INFO:flwr:configure_fit: strategy sampled 5 clients (out of 5)
INFO:flwr:aggregate_fit: received 5 results and 0 failures
INFO:flwr:configure_evaluate: strategy sampled 5 clients (out of 5)
INFO:flwr:aggregate_evaluate: received 5 results and 0 failures
INFO:flwr:
INFO:flwr:[ROUND 88]
INFO:flwr:configure_fit: strategy sampled 5 clients (out of 5)
INFO:flwr:aggregate_fit: received 5 results and 0 failures
INFO:flwr:configure_evaluate: strategy sampled 5 clients (out of 5)
INFO:flwr:aggregate_evaluate: received 5 results and 0 failures
INFO:flwr:
INFO:flwr:[ROUND 89]
INFO:flwr:configure_fit: strategy sampled 5 clients (out of 5)
INFO:flwr:aggregate_fit: received 5 results and 0 failures
INFO:flwr:configure_evaluate: strategy sampled 5 clients (out of 5)
INFO:flwr:aggregate_evaluate: received 5 results and 0 failures
INFO:flwr:
INFO:flwr:[ROUND 90]
INFO:flwr:configure_fit: strategy sampled 5 clients (out of 5)
INFO:flwr:aggregate_fit: received 5 results and 0 failures
INFO:flwr:configure_evaluate: strategy sampled 5 clients (out of 5)
INFO:flwr:aggregate_evaluate: received 5 results and 0 failures
INFO:flwr:
INFO:flwr:[ROUND 91]
INFO:flwr:configure_fit: strategy sampled 5 clients (out of 5)
INFO:flwr:aggregate_fit: received 5 results and 0 failures
INFO:flwr:configure_evaluate: strategy sampled 5 clients (out of 5)
INFO:flwr:aggregate_evaluate: received 5 results and 0 failures
INFO:flwr:
INFO:flwr:[ROUND 92]
INFO:flwr:configure_fit: strategy sampled 5 clients (out of 5)
INFO:flwr:aggregate_fit: received 5 results and 0 failures
INFO:flwr:configure_evaluate: strategy sampled 5 clients (out of 5)
INFO:flwr:aggregate_evaluate: received 5 results and 0 failures
INFO:flwr:
INFO:flwr:[ROUND 93]
INFO:flwr:configure_fit: strategy sampled 5 clients (out of 5)
INFO:flwr:aggregate_fit: received 5 results and 0 failures
INFO:flwr:configure_evaluate: strategy sampled 5 clients (out of 5)
INFO:flwr:aggregate_evaluate: received 5 results and 0 failures
INFO:flwr:
INFO:flwr:[ROUND 94]
INFO:flwr:configure_fit: strategy sampled 5 clients (out of 5)
INFO:flwr:aggregate_fit: received 5 results and 0 failures
INFO:flwr:configure_evaluate: strategy sampled 5 clients (out of 5)
INFO:flwr:aggregate_evaluate: received 5 results and 0 failures
INFO:flwr:
INFO:flwr:[ROUND 95]
INFO:flwr:configure_fit: strategy sampled 5 clients (out of 5)
INFO:flwr:aggregate_fit: received 5 results and 0 failures
INFO:flwr:configure_evaluate: strategy sampled 5 clients (out of 5)
INFO:flwr:aggregate_evaluate: received 5 results and 0 failures
INFO:flwr:
INFO:flwr:[ROUND 96]
INFO:flwr:configure_fit: strategy sampled 5 clients (out of 5)
INFO:flwr:aggregate_fit: received 5 results and 0 failures
INFO:flwr:configure_evaluate: strategy sampled 5 clients (out of 5)
INFO:flwr:aggregate_evaluate: received 5 results and 0 failures
INFO:flwr:
INFO:flwr:[ROUND 97]
INFO:flwr:configure_fit: strategy sampled 5 clients (out of 5)
INFO:flwr:aggregate_fit: received 5 results and 0 failures
INFO:flwr:configure_evaluate: strategy sampled 5 clients (out of 5)
INFO:flwr:aggregate_evaluate: received 5 results and 0 failures
INFO:flwr:
INFO:flwr:[ROUND 98]
INFO:flwr:configure_fit: strategy sampled 5 clients (out of 5)
INFO:flwr:aggregate_fit: received 5 results and 0 failures
INFO:flwr:configure_evaluate: strategy sampled 5 clients (out of 5)
INFO:flwr:aggregate_evaluate: received 5 results and 0 failures
INFO:flwr:
INFO:flwr:[ROUND 99]
INFO:flwr:configure_fit: strategy sampled 5 clients (out of 5)
INFO:flwr:aggregate_fit: received 5 results and 0 failures
INFO:flwr:configure_evaluate: strategy sampled 5 clients (out of 5)
INFO:flwr:aggregate_evaluate: received 5 results and 0 failures
INFO:flwr:
INFO:flwr:[ROUND 100]
INFO:flwr:configure_fit: strategy sampled 5 clients (out of 5)
INFO:flwr:aggregate_fit: received 5 results and 0 failures
INFO:flwr:configure_evaluate: strategy sampled 5 clients (out of 5)
INFO:flwr:aggregate_evaluate: received 5 results and 0 failures
INFO:flwr:
INFO:flwr:[SUMMARY]
INFO:flwr:Run finished 100 round(s) in 1128.05s
INFO:flwr:	History (loss, distributed):
INFO:flwr:		round 1: 2.4275301725248206
INFO:flwr:		round 2: 2.312514420270679
INFO:flwr:		round 3: 2.3399381101422216
INFO:flwr:		round 4: 2.3329292597280005
INFO:flwr:		round 5: 2.3488898653180557
INFO:flwr:		round 6: 2.435647391375733
INFO:flwr:		round 7: 2.471081984380469
INFO:flwr:		round 8: 2.379995667181402
INFO:flwr:		round 9: 2.4039131179129836
INFO:flwr:		round 10: 2.4937318757828604
INFO:flwr:		round 11: 2.3275412316538473
INFO:flwr:		round 12: 2.3293204679955077
INFO:flwr:		round 13: 2.3393486586575833
INFO:flwr:		round 14: 2.299095848678792
INFO:flwr:		round 15: 2.290133518822176
INFO:flwr:		round 16: 2.2128689301127666
INFO:flwr:		round 17: 2.1707905086290764
INFO:flwr:		round 18: 2.2438774957148553
INFO:flwr:		round 19: 2.3170015060571574
INFO:flwr:		round 20: 2.259618087775835
INFO:flwr:		round 21: 2.175131728325583
INFO:flwr:		round 22: 2.2260051787005612
INFO:flwr:		round 23: 2.157428338068689
INFO:flwr:		round 24: 2.1482336093154637
INFO:flwr:		round 25: 2.2108847368935636
INFO:flwr:		round 26: 2.2347968420612667
INFO:flwr:		round 27: 2.0921554996840825
INFO:flwr:		round 28: 2.125430349537173
INFO:flwr:		round 29: 2.1381778516139147
INFO:flwr:		round 30: 2.1023519086200273
INFO:flwr:		round 31: 2.0428151362283016
INFO:flwr:		round 32: 1.987394032946413
INFO:flwr:		round 33: 2.0593280514234245
INFO:flwr:		round 34: 2.061862750619669
INFO:flwr:		round 35: 1.9704278301990321
INFO:flwr:		round 36: 1.9522955418249466
INFO:flwr:		round 37: 1.9726219381998022
INFO:flwr:		round 38: 1.9853682665372214
INFO:flwr:		round 39: 1.9003209194604116
INFO:flwr:		round 40: 1.8817015628220155
INFO:flwr:		round 41: 1.9353677135217147
INFO:flwr:		round 42: 1.8549050425699474
INFO:flwr:		round 43: 1.753027934670743
INFO:flwr:		round 44: 1.8226813747149393
INFO:flwr:		round 45: 1.7889320748272357
INFO:flwr:		round 46: 1.7471098533433598
INFO:flwr:		round 47: 1.7177467136066757
INFO:flwr:		round 48: 1.8934509166170843
INFO:flwr:		round 49: 1.7072874985224136
INFO:flwr:		round 50: 1.7389795741386966
INFO:flwr:		round 51: 1.7482725705386823
INFO:flwr:		round 52: 1.686549432682025
INFO:flwr:		round 53: 1.6936993347272227
INFO:flwr:		round 54: 1.7028554764767605
INFO:flwr:		round 55: 1.6552499177071147
INFO:flwr:		round 56: 1.6720603783820938
INFO:flwr:		round 57: 1.6803935698788361
INFO:flwr:		round 58: 1.6422093601741625
INFO:flwr:		round 59: 1.6798985345434678
INFO:flwr:		round 60: 1.6675764288244048
INFO:flwr:		round 61: 1.6891036847397416
INFO:flwr:		round 62: 1.615241811982865
INFO:flwr:		round 63: 1.579058280242911
INFO:flwr:		round 64: 1.5695318692417586
INFO:flwr:		round 65: 1.5864469295469765
INFO:flwr:		round 66: 1.673134404320252
INFO:flwr:		round 67: 1.5896740405162322
INFO:flwr:		round 68: 1.6829181186316957
INFO:flwr:		round 69: 1.6773345702777605
INFO:flwr:		round 70: 1.748520988653375
INFO:flwr:		round 71: 1.6144804814692937
INFO:flwr:		round 72: 1.564785336858588
INFO:flwr:		round 73: 1.6008703763195804
INFO:flwr:		round 74: 1.6352762587205742
INFO:flwr:		round 75: 1.5706220569560239
INFO:flwr:		round 76: 1.5344331620599694
INFO:flwr:		round 77: 1.5529847021806389
INFO:flwr:		round 78: 1.6067176454817
INFO:flwr:		round 79: 1.5506049544426284
INFO:flwr:		round 80: 1.5552904025455716
INFO:flwr:		round 81: 1.5393894163942992
INFO:flwr:		round 82: 1.602994618386752
INFO:flwr:		round 83: 1.544729019141843
INFO:flwr:		round 84: 1.5579241750983444
INFO:flwr:		round 85: 1.5505663881753178
INFO:flwr:		round 86: 1.58819047678342
INFO:flwr:		round 87: 1.5560518811685773
INFO:flwr:		round 88: 1.533805013126171
INFO:flwr:		round 89: 1.4933975322103943
INFO:flwr:		round 90: 1.5615830322717
INFO:flwr:		round 91: 1.586666604293419
INFO:flwr:		round 92: 1.572915122393153
INFO:flwr:		round 93: 1.5691145928524763
INFO:flwr:		round 94: 1.547358197830571
INFO:flwr:		round 95: 1.5263590572254313
INFO:flwr:		round 96: 1.4957985206538187
INFO:flwr:		round 97: 1.5108466776786234
INFO:flwr:		round 98: 1.5052055025530848
INFO:flwr:		round 99: 1.5189828756148855
INFO:flwr:		round 100: 1.4886692012283964
INFO:flwr:	History (metrics, distributed, evaluate):
INFO:flwr:	{'accuracy': [(1, 0.10576826951914425),
INFO:flwr:	              (2, 0.0992702189343197),
INFO:flwr:	              (3, 0.0981705488353494),
INFO:flwr:	              (4, 0.10856742977106867),
INFO:flwr:	              (5, 0.10746775967209837),
INFO:flwr:	              (6, 0.10746775967209837),
INFO:flwr:	              (7, 0.10736778966310107),
INFO:flwr:	              (8, 0.09957012896131161),
INFO:flwr:	              (9, 0.10996700989703088),
INFO:flwr:	              (10, 0.11906428071578526),
INFO:flwr:	              (11, 0.10106967909627113),
INFO:flwr:	              (12, 0.0989703089073278),
INFO:flwr:	              (13, 0.09747075877236829),
INFO:flwr:	              (14, 0.10666799960011997),
INFO:flwr:	              (15, 0.14355693292012398),
INFO:flwr:	              (16, 0.16555033489953014),
INFO:flwr:	              (17, 0.16984904528641406),
INFO:flwr:	              (18, 0.1367589723083075),
INFO:flwr:	              (19, 0.10846745976207138),
INFO:flwr:	              (20, 0.14285714285714285),
INFO:flwr:	              (21, 0.16764970508847346),
INFO:flwr:	              (22, 0.14725582325302408),
INFO:flwr:	              (23, 0.16605018494451665),
INFO:flwr:	              (24, 0.16465060481855442),
INFO:flwr:	              (25, 0.14955513345996202),
INFO:flwr:	              (26, 0.13905828251524543),
INFO:flwr:	              (27, 0.18874337698690394),
INFO:flwr:	              (28, 0.17764670598820353),
INFO:flwr:	              (29, 0.1722483255023493),
INFO:flwr:	              (30, 0.2005398380485854),
INFO:flwr:	              (31, 0.22523243027091872),
INFO:flwr:	              (32, 0.2355293411976407),
INFO:flwr:	              (33, 0.21463560931720485),
INFO:flwr:	              (34, 0.2102369289213236),
INFO:flwr:	              (35, 0.23702889133260022),
INFO:flwr:	              (36, 0.24972508247525743),
INFO:flwr:	              (37, 0.2349295211436569),
INFO:flwr:	              (38, 0.23822853144056783),
INFO:flwr:	              (39, 0.28621413575927224),
INFO:flwr:	              (40, 0.2806158152554234),
INFO:flwr:	              (41, 0.247925622313306),
INFO:flwr:	              (42, 0.3261021693491952),
INFO:flwr:	              (43, 0.34689593122063384),
INFO:flwr:	              (44, 0.3184044786564031),
INFO:flwr:	              (45, 0.34229731080675796),
INFO:flwr:	              (46, 0.3593921823452964),
INFO:flwr:	              (47, 0.3570928721383585),
INFO:flwr:	              (48, 0.3236029191242627),
INFO:flwr:	              (49, 0.3653903828851345),
INFO:flwr:	              (50, 0.3624912526242127),
INFO:flwr:	              (51, 0.3451964410676797),
INFO:flwr:	              (52, 0.38688393481955413),
INFO:flwr:	              (53, 0.3829851044686594),
INFO:flwr:	              (54, 0.37428771368589425),
INFO:flwr:	              (55, 0.40227931620513846),
INFO:flwr:	              (56, 0.40117964610616813),
INFO:flwr:	              (57, 0.3955813256023193),
INFO:flwr:	              (58, 0.4176746975907228),
INFO:flwr:	              (59, 0.4025792262321304),
INFO:flwr:	              (60, 0.3962811156653004),
INFO:flwr:	              (61, 0.396481055683295),
INFO:flwr:	              (62, 0.4196740977706688),
INFO:flwr:	              (63, 0.43726881935419376),
INFO:flwr:	              (64, 0.4434669599120264),
INFO:flwr:	              (65, 0.4329701089673098),
INFO:flwr:	              (66, 0.40137958612416275),
INFO:flwr:	              (67, 0.4310706787963611),
INFO:flwr:	              (68, 0.3971808457462761),
INFO:flwr:	              (69, 0.40047985604318703),
INFO:flwr:	              (70, 0.35969209237228833),
INFO:flwr:	              (71, 0.4197740677796661),
INFO:flwr:	              (72, 0.4439668099570129),
INFO:flwr:	              (73, 0.4298710386883935),
INFO:flwr:	              (74, 0.4202739178246526),
INFO:flwr:	              (75, 0.42647205838248525),
INFO:flwr:	              (76, 0.4510646805958213),
INFO:flwr:	              (77, 0.44846546036189144),
INFO:flwr:	              (78, 0.43327001899430173),
INFO:flwr:	              (79, 0.4453663900829751),
INFO:flwr:	              (80, 0.4463660901729481),
INFO:flwr:	              (81, 0.45366390082975105),
INFO:flwr:	              (82, 0.4342697190842747),
INFO:flwr:	              (83, 0.4558632410276917),
INFO:flwr:	              (84, 0.442667199840048),
INFO:flwr:	              (85, 0.4428671398580426),
INFO:flwr:	              (86, 0.43177046885934217),
INFO:flwr:	              (87, 0.4433669899030291),
INFO:flwr:	              (88, 0.45026492052384287),
INFO:flwr:	              (89, 0.4767569729081276),
INFO:flwr:	              (90, 0.44976507047885633),
INFO:flwr:	              (91, 0.4205738278516445),
INFO:flwr:	              (92, 0.44016794961511546),
INFO:flwr:	              (93, 0.4440667799660102),
INFO:flwr:	              (94, 0.4577626711986404),
INFO:flwr:	              (95, 0.4687593721883435),
INFO:flwr:	              (96, 0.47595721283614917),
INFO:flwr:	              (97, 0.4664600619814056),
INFO:flwr:	              (98, 0.4675597320803759),
INFO:flwr:	              (99, 0.4568629411176647),
INFO:flwr:	              (100, 0.4783564930520844)]}
INFO:flwr:
DEBUG:flwr:ServerApp finished running.
DEBUG:flwr:ServerApp finished running.
DEBUG:flwr:Triggered stop event for Simulation Engine.
DEBUG:flwr:Terminated 4 actors
DEBUG:flwr:Terminated RayBackend
DEBUG:flwr:Stopping Simulation Engine now.
